#
# There is insufficient memory for the Java Runtime Environment to continue.
# Native memory allocation (malloc) failed to allocate 272656 bytes. Error detail: Chunk::new
# Possible reasons:
#   The system is out of physical RAM or swap space
#   This process is running with CompressedOops enabled, and the Java Heap may be blocking the growth of the native heap
# Possible solutions:
#   Reduce memory load on the system
#   Increase physical memory or swap space
#   Check if swap backing store is full
#   Decrease Java heap size (-Xmx/-Xms)
#   Decrease number of Java threads
#   Decrease Java thread stack sizes (-Xss)
#   Set larger code cache with -XX:ReservedCodeCacheSize=
#   JVM is running with Unscaled Compressed Oops mode in which the Java heap is
#     placed in the first 4GB address space. The Java Heap base address is the
#     maximum limit for the native heap growth. Please use -XX:HeapBaseMinAddress
#     to set the Java Heap base and to place the Java Heap above 4GB virtual address.
# This output file may be truncated or incomplete.
#
#  Out of Memory Error (arena.cpp:191), pid=25636, tid=5596
#
# JRE version: OpenJDK Runtime Environment Temurin-17.0.11+9 (17.0.11+9) (build 17.0.11+9)
# Java VM: OpenJDK 64-Bit Server VM Temurin-17.0.11+9 (17.0.11+9, mixed mode, sharing, tiered, compressed oops, compressed class ptrs, g1 gc, windows-amd64)
# No core dump will be written. Minidumps are not enabled by default on client versions of Windows
#

---------------  S U M M A R Y ------------

Command Line: -Dorg.bouncycastle.pkcs12.ignore_useless_passwd=true C:\Users\manuc\.sonar\cache\2df641182fdb086f2742d159a7c020a8e93583fc618666f9d2245c7f9df82d7e\sonar-scanner-engine-shaded-10.6.0.92116-all.jar

Host: AMD Ryzen 5 5600H with Radeon Graphics         , 12 cores, 7G,  Windows 11 , 64 bit Build 26100 (10.0.26100.7019)
Time: Sun Nov  9 13:10:06 2025 Hora estándar romance elapsed time: 120.641665 seconds (0d 0h 2m 0s)

---------------  T H R E A D  ---------------

Current thread (0x0000024e56b67200):  JavaThread "C2 CompilerThread0" daemon [_thread_in_native, id=5596, stack(0x000000c0d6e00000,0x000000c0d6f00000)]


Current CompileTask:
C2: 120641 7782       4       com.google.gson.stream.JsonReader::nextQuotedValue (270 bytes)

Stack: [0x000000c0d6e00000,0x000000c0d6f00000]
Native frames: (J=compiled Java code, j=interpreted, Vv=VM code, C=native code)
V  [jvm.dll+0x67d429]
V  [jvm.dll+0x834b7a]
V  [jvm.dll+0x83663e]
V  [jvm.dll+0x836ca3]
V  [jvm.dll+0x247dbf]
V  [jvm.dll+0xac534]
V  [jvm.dll+0xacb7c]
V  [jvm.dll+0x2af2cf]
V  [jvm.dll+0x5848b7]
V  [jvm.dll+0x222d82]
V  [jvm.dll+0x21c090]
V  [jvm.dll+0x2197a1]
V  [jvm.dll+0x1a534d]
V  [jvm.dll+0x2295cd]
V  [jvm.dll+0x22779c]
V  [jvm.dll+0x7e9d07]
V  [jvm.dll+0x7e410a]
V  [jvm.dll+0x67c315]
C  [ucrtbase.dll+0x37b0]
C  [KERNEL32.DLL+0x2e8d7]
C  [ntdll.dll+0x8c53c]


---------------  P R O C E S S  ---------------

Threads class SMR info:
_java_thread_list=0x0000024ea0b6a930, length=24, elements={
0x0000024e3987c450, 0x0000024e56b39a10, 0x0000024e56b3af40, 0x0000024e56b52a00,
0x0000024e56b553d0, 0x0000024e56b56b10, 0x0000024e56b59050, 0x0000024e56b67200,
0x0000024e56b67ec0, 0x0000024e56b6a350, 0x0000024e9c234150, 0x0000024e9c2616e0,
0x0000024e9d675090, 0x0000024e9d675570, 0x0000024e9d590bd0, 0x0000024e9d5910e0,
0x0000024e9d591b00, 0x0000024e9d592520, 0x0000024e9d5906c0, 0x0000024e9d58f790,
0x0000024e9d58ed70, 0x0000024e9d58f280, 0x0000024e9d58fca0, 0x0000024e9d5901b0
}

Java Threads: ( => current thread )
  0x0000024e3987c450 JavaThread "main" [_thread_blocked, id=32716, stack(0x000000c0d6100000,0x000000c0d6200000)]
  0x0000024e56b39a10 JavaThread "Reference Handler" daemon [_thread_blocked, id=18288, stack(0x000000c0d6800000,0x000000c0d6900000)]
  0x0000024e56b3af40 JavaThread "Finalizer" daemon [_thread_blocked, id=24464, stack(0x000000c0d6900000,0x000000c0d6a00000)]
  0x0000024e56b52a00 JavaThread "Signal Dispatcher" daemon [_thread_blocked, id=18168, stack(0x000000c0d6a00000,0x000000c0d6b00000)]
  0x0000024e56b553d0 JavaThread "Attach Listener" daemon [_thread_blocked, id=28432, stack(0x000000c0d6b00000,0x000000c0d6c00000)]
  0x0000024e56b56b10 JavaThread "Service Thread" daemon [_thread_blocked, id=25596, stack(0x000000c0d6c00000,0x000000c0d6d00000)]
  0x0000024e56b59050 JavaThread "Monitor Deflation Thread" daemon [_thread_blocked, id=29900, stack(0x000000c0d6d00000,0x000000c0d6e00000)]
=>0x0000024e56b67200 JavaThread "C2 CompilerThread0" daemon [_thread_in_native, id=5596, stack(0x000000c0d6e00000,0x000000c0d6f00000)]
  0x0000024e56b67ec0 JavaThread "C1 CompilerThread0" daemon [_thread_blocked, id=21340, stack(0x000000c0d6f00000,0x000000c0d7000000)]
  0x0000024e56b6a350 JavaThread "Sweeper thread" daemon [_thread_blocked, id=7256, stack(0x000000c0d7000000,0x000000c0d7100000)]
  0x0000024e9c234150 JavaThread "Notification Thread" daemon [_thread_blocked, id=17856, stack(0x000000c0d7100000,0x000000c0d7200000)]
  0x0000024e9c2616e0 JavaThread "Common-Cleaner" daemon [_thread_blocked, id=32384, stack(0x000000c0d7300000,0x000000c0d7400000)]
  0x0000024e9d675090 JavaThread "OkHttp TaskRunner" daemon [_thread_blocked, id=22668, stack(0x000000c0d7f00000,0x000000c0d8000000)]
  0x0000024e9d675570 JavaThread "Okio Watchdog" daemon [_thread_blocked, id=27884, stack(0x000000c0d8000000,0x000000c0d8100000)]
  0x0000024e9d590bd0 JavaThread "JGit-WorkQueue" daemon [_thread_blocked, id=26684, stack(0x000000c0d8500000,0x000000c0d8600000)]
  0x0000024e9d5910e0 JavaThread "HttpClient-1-SelectorManager" daemon [_thread_in_native, id=4280, stack(0x000000c0d8400000,0x000000c0d8500000)]
  0x0000024e9d591b00 JavaThread "nodejs-stream-consumer" daemon [_thread_in_native, id=1520, stack(0x000000c0d5e00000,0x000000c0d5f00000)]
  0x0000024e9d592520 JavaThread "nodejs-stream-consumer" daemon [_thread_in_native, id=15176, stack(0x000000c0d6000000,0x000000c0d6100000)]
  0x0000024e9d5906c0 JavaThread "HttpClient-1-Worker-0" daemon [_thread_blocked, id=28524, stack(0x000000c0d8700000,0x000000c0d8800000)]
  0x0000024e9d58f790 JavaThread "HttpClient-1-Worker-1" daemon [_thread_blocked, id=22832, stack(0x000000c0d8600000,0x000000c0d8700000)]
  0x0000024e9d58ed70 JavaThread "HttpClient-1-Worker-2" daemon [_thread_blocked, id=29800, stack(0x000000c0d8800000,0x000000c0d8900000)]
  0x0000024e9d58f280 JavaThread "pool-3-thread-1" [_thread_blocked, id=27224, stack(0x000000c0d8900000,0x000000c0d8a00000)]
  0x0000024e9d58fca0 JavaThread "Progress of JavaScript/TypeScript analysis" daemon [_thread_blocked, id=29684, stack(0x000000c0d8a00000,0x000000c0d8b00000)]
  0x0000024e9d5901b0 JavaThread "HttpClient-1-Worker-3" daemon [_thread_blocked, id=9072, stack(0x000000c0d8b00000,0x000000c0d8c00000)]

Other Threads:
  0x0000024e56b36500 VMThread "VM Thread" [stack: 0x000000c0d6700000,0x000000c0d6800000] [id=21588]
  0x0000024e9c25c650 WatcherThread [stack: 0x000000c0d7200000,0x000000c0d7300000] [id=8992]
  0x0000024e398d4d50 GCTaskThread "GC Thread#0" [stack: 0x000000c0d6200000,0x000000c0d6300000] [id=7644]
  0x0000024e9c522fa0 GCTaskThread "GC Thread#1" [stack: 0x000000c0d7500000,0x000000c0d7600000] [id=25896]
  0x0000024e9c9f3890 GCTaskThread "GC Thread#2" [stack: 0x000000c0d7600000,0x000000c0d7700000] [id=25128]
  0x0000024e9c8eede0 GCTaskThread "GC Thread#3" [stack: 0x000000c0d7700000,0x000000c0d7800000] [id=16232]
  0x0000024e9ca22af0 GCTaskThread "GC Thread#4" [stack: 0x000000c0d7800000,0x000000c0d7900000] [id=2212]
  0x0000024e9ca235c0 GCTaskThread "GC Thread#5" [stack: 0x000000c0d7900000,0x000000c0d7a00000] [id=31828]
  0x0000024e9ca25890 GCTaskThread "GC Thread#6" [stack: 0x000000c0d7a00000,0x000000c0d7b00000] [id=9852]
  0x0000024e9ca29b60 GCTaskThread "GC Thread#7" [stack: 0x000000c0d7b00000,0x000000c0d7c00000] [id=18092]
  0x0000024e9ca2be30 GCTaskThread "GC Thread#8" [stack: 0x000000c0d7c00000,0x000000c0d7d00000] [id=3600]
  0x0000024e9c2c2b20 GCTaskThread "GC Thread#9" [stack: 0x000000c0d7400000,0x000000c0d7500000] [id=6492]
  0x0000024e398e5470 ConcurrentGCThread "G1 Main Marker" [stack: 0x000000c0d6300000,0x000000c0d6400000] [id=22724]
  0x0000024e398e7a40 ConcurrentGCThread "G1 Conc#0" [stack: 0x000000c0d6400000,0x000000c0d6500000] [id=16568]
  0x0000024e9dfe75b0 ConcurrentGCThread "G1 Conc#1" [stack: 0x000000c0d8100000,0x000000c0d8200000] [id=25144]
  0x0000024e9dfe5cf0 ConcurrentGCThread "G1 Conc#2" [stack: 0x000000c0d8200000,0x000000c0d8300000] [id=23332]
  0x0000024e569f6970 ConcurrentGCThread "G1 Refine#0" [stack: 0x000000c0d6500000,0x000000c0d6600000] [id=17632]
  0x0000024e39926700 ConcurrentGCThread "G1 Service" [stack: 0x000000c0d6600000,0x000000c0d6700000] [id=9016]

Threads with active compile tasks:
C2 CompilerThread0   120675 7782       4       com.google.gson.stream.JsonReader::nextQuotedValue (270 bytes)

VM state: not at safepoint (normal execution)

VM Mutex/Monitor currently owned by a thread: None

Heap address: 0x000000008a800000, size: 1880 MB, Compressed Oops mode: 32-bit

CDS archive(s) mapped at: [0x0000024e57000000-0x0000024e57a40000-0x0000024e57a40000), size 10747904, SharedBaseAddress: 0x0000024e57000000, ArchiveRelocationMode: 1.
Compressed class space mapped at: 0x0000024e58000000-0x0000024e98000000, reserved size: 1073741824
Narrow klass base: 0x0000024e57000000, Narrow klass shift: 0, Narrow klass range: 0x100000000

GC Precious Log:
 CPUs: 12 total, 12 available
 Memory: 7518M
 Large Page Support: Disabled
 NUMA Support: Disabled
 Compressed Oops: Enabled (32-bit)
 Heap Region Size: 1M
 Heap Min Capacity: 8M
 Heap Initial Capacity: 118M
 Heap Max Capacity: 1880M
 Pre-touch: Disabled
 Parallel Workers: 10
 Concurrent Workers: 3
 Concurrent Refinement Workers: 10
 Periodic GC: Disabled

Heap:
 garbage-first heap   total 84992K, used 31467K [0x000000008a800000, 0x0000000100000000)
  region size 1024K, 5 young (5120K), 4 survivors (4096K)
 Metaspace       used 45383K, committed 45952K, reserved 1114112K
  class space    used 5428K, committed 5696K, reserved 1048576K

Heap Regions: E=young(eden), S=young(survivor), O=old, HS=humongous(starts), HC=humongous(continues), CS=collection set, F=free, OA=open archive, CA=closed archive, TAMS=top-at-mark-start (previous, next)
|   0|0x000000008a800000, 0x000000008a900000, 0x000000008a900000|100%| O|  |TAMS 0x000000008a900000, 0x000000008a800000| Untracked 
|   1|0x000000008a900000, 0x000000008aa00000, 0x000000008aa00000|100%| O|  |TAMS 0x000000008aa00000, 0x000000008a900000| Untracked 
|   2|0x000000008aa00000, 0x000000008ab00000, 0x000000008ab00000|100%| O|  |TAMS 0x000000008ab00000, 0x000000008aa00000| Untracked 
|   3|0x000000008ab00000, 0x000000008ac00000, 0x000000008ac00000|100%|HS|  |TAMS 0x000000008ac00000, 0x000000008ab00000| Complete 
|   4|0x000000008ac00000, 0x000000008ad00000, 0x000000008ad00000|100%|HC|  |TAMS 0x000000008ad00000, 0x000000008ac00000| Complete 
|   5|0x000000008ad00000, 0x000000008ae00000, 0x000000008ae00000|100%|HC|  |TAMS 0x000000008ae00000, 0x000000008ad00000| Complete 
|   6|0x000000008ae00000, 0x000000008af00000, 0x000000008af00000|100%| O|  |TAMS 0x000000008af00000, 0x000000008ae00000| Untracked 
|   7|0x000000008af00000, 0x000000008b000000, 0x000000008b000000|100%| O|  |TAMS 0x000000008b000000, 0x000000008af00000| Untracked 
|   8|0x000000008b000000, 0x000000008b100000, 0x000000008b100000|100%| O|  |TAMS 0x000000008b100000, 0x000000008b000000| Untracked 
|   9|0x000000008b100000, 0x000000008b200000, 0x000000008b200000|100%|HS|  |TAMS 0x000000008b200000, 0x000000008b100000| Complete 
|  10|0x000000008b200000, 0x000000008b300000, 0x000000008b300000|100%| O|  |TAMS 0x000000008b300000, 0x000000008b200000| Untracked 
|  11|0x000000008b300000, 0x000000008b400000, 0x000000008b400000|100%| O|  |TAMS 0x000000008b400000, 0x000000008b300000| Untracked 
|  12|0x000000008b400000, 0x000000008b500000, 0x000000008b500000|100%| O|  |TAMS 0x000000008b500000, 0x000000008b400000| Untracked 
|  13|0x000000008b500000, 0x000000008b600000, 0x000000008b600000|100%| O|  |TAMS 0x000000008b600000, 0x000000008b500000| Untracked 
|  14|0x000000008b600000, 0x000000008b700000, 0x000000008b700000|100%| O|  |TAMS 0x000000008b700000, 0x000000008b600000| Untracked 
|  15|0x000000008b700000, 0x000000008b800000, 0x000000008b800000|100%| O|  |TAMS 0x000000008b800000, 0x000000008b700000| Untracked 
|  16|0x000000008b800000, 0x000000008b900000, 0x000000008b900000|100%| O|  |TAMS 0x000000008b900000, 0x000000008b800000| Untracked 
|  17|0x000000008b900000, 0x000000008ba00000, 0x000000008ba00000|100%| O|  |TAMS 0x000000008ba00000, 0x000000008b900000| Untracked 
|  18|0x000000008ba00000, 0x000000008bb00000, 0x000000008bb00000|100%| O|  |TAMS 0x000000008bb00000, 0x000000008ba00000| Untracked 
|  19|0x000000008bb00000, 0x000000008bc00000, 0x000000008bc00000|100%| O|  |TAMS 0x000000008bc00000, 0x000000008bb00000| Untracked 
|  20|0x000000008bc00000, 0x000000008bd00000, 0x000000008bd00000|100%| O|  |TAMS 0x000000008bd00000, 0x000000008bc00000| Untracked 
|  21|0x000000008bd00000, 0x000000008be00000, 0x000000008be00000|100%| O|  |TAMS 0x000000008be00000, 0x000000008bd00000| Untracked 
|  22|0x000000008be00000, 0x000000008bf00000, 0x000000008bf00000|100%| O|  |TAMS 0x000000008bf00000, 0x000000008be00000| Untracked 
|  23|0x000000008bf00000, 0x000000008c000000, 0x000000008c000000|100%| O|  |TAMS 0x000000008c000000, 0x000000008bf00000| Untracked 
|  24|0x000000008c000000, 0x000000008c100000, 0x000000008c100000|100%| O|  |TAMS 0x000000008c100000, 0x000000008c000000| Untracked 
|  25|0x000000008c100000, 0x000000008c200000, 0x000000008c200000|100%| O|  |TAMS 0x000000008c1a9000, 0x000000008c100000| Untracked 
|  26|0x000000008c200000, 0x000000008c300000, 0x000000008c300000|100%| O|  |TAMS 0x000000008c200000, 0x000000008c200000| Untracked 
|  27|0x000000008c300000, 0x000000008c323e00, 0x000000008c400000| 14%| O|  |TAMS 0x000000008c300000, 0x000000008c300000| Untracked 
|  28|0x000000008c400000, 0x000000008c400000, 0x000000008c500000|  0%| F|  |TAMS 0x000000008c400000, 0x000000008c400000| Untracked 
|  29|0x000000008c500000, 0x000000008c500000, 0x000000008c600000|  0%| F|  |TAMS 0x000000008c500000, 0x000000008c500000| Untracked 
|  30|0x000000008c600000, 0x000000008c600000, 0x000000008c700000|  0%| F|  |TAMS 0x000000008c600000, 0x000000008c600000| Untracked 
|  31|0x000000008c700000, 0x000000008c700000, 0x000000008c800000|  0%| F|  |TAMS 0x000000008c700000, 0x000000008c700000| Untracked 
|  32|0x000000008c800000, 0x000000008c800000, 0x000000008c900000|  0%| F|  |TAMS 0x000000008c800000, 0x000000008c800000| Untracked 
|  33|0x000000008c900000, 0x000000008c900000, 0x000000008ca00000|  0%| F|  |TAMS 0x000000008c900000, 0x000000008c900000| Untracked 
|  34|0x000000008ca00000, 0x000000008ca00000, 0x000000008cb00000|  0%| F|  |TAMS 0x000000008ca00000, 0x000000008ca00000| Untracked 
|  35|0x000000008cb00000, 0x000000008cb00000, 0x000000008cc00000|  0%| F|  |TAMS 0x000000008cb00000, 0x000000008cb00000| Untracked 
|  36|0x000000008cc00000, 0x000000008cc971c8, 0x000000008cd00000| 59%| S|CS|TAMS 0x000000008cc00000, 0x000000008cc00000| Complete 
|  37|0x000000008cd00000, 0x000000008ce00000, 0x000000008ce00000|100%| S|CS|TAMS 0x000000008cd00000, 0x000000008cd00000| Complete 
|  38|0x000000008ce00000, 0x000000008cf00000, 0x000000008cf00000|100%| S|CS|TAMS 0x000000008ce00000, 0x000000008ce00000| Complete 
|  39|0x000000008cf00000, 0x000000008d000000, 0x000000008d000000|100%| S|CS|TAMS 0x000000008cf00000, 0x000000008cf00000| Complete 
|  40|0x000000008d000000, 0x000000008d000000, 0x000000008d100000|  0%| F|  |TAMS 0x000000008d000000, 0x000000008d000000| Untracked 
|  41|0x000000008d100000, 0x000000008d100000, 0x000000008d200000|  0%| F|  |TAMS 0x000000008d100000, 0x000000008d100000| Untracked 
|  42|0x000000008d200000, 0x000000008d200000, 0x000000008d300000|  0%| F|  |TAMS 0x000000008d200000, 0x000000008d200000| Untracked 
|  43|0x000000008d300000, 0x000000008d300000, 0x000000008d400000|  0%| F|  |TAMS 0x000000008d300000, 0x000000008d300000| Untracked 
|  44|0x000000008d400000, 0x000000008d400000, 0x000000008d500000|  0%| F|  |TAMS 0x000000008d400000, 0x000000008d400000| Untracked 
|  45|0x000000008d500000, 0x000000008d500000, 0x000000008d600000|  0%| F|  |TAMS 0x000000008d500000, 0x000000008d500000| Untracked 
|  46|0x000000008d600000, 0x000000008d600000, 0x000000008d700000|  0%| F|  |TAMS 0x000000008d600000, 0x000000008d600000| Untracked 
|  47|0x000000008d700000, 0x000000008d700000, 0x000000008d800000|  0%| F|  |TAMS 0x000000008d700000, 0x000000008d700000| Untracked 
|  48|0x000000008d800000, 0x000000008d800000, 0x000000008d900000|  0%| F|  |TAMS 0x000000008d800000, 0x000000008d800000| Untracked 
|  49|0x000000008d900000, 0x000000008d900000, 0x000000008da00000|  0%| F|  |TAMS 0x000000008d900000, 0x000000008d900000| Untracked 
|  50|0x000000008da00000, 0x000000008da00000, 0x000000008db00000|  0%| F|  |TAMS 0x000000008da00000, 0x000000008da00000| Untracked 
|  51|0x000000008db00000, 0x000000008db00000, 0x000000008dc00000|  0%| F|  |TAMS 0x000000008db00000, 0x000000008db00000| Untracked 
|  52|0x000000008dc00000, 0x000000008dc00000, 0x000000008dd00000|  0%| F|  |TAMS 0x000000008dc00000, 0x000000008dc00000| Untracked 
|  53|0x000000008dd00000, 0x000000008dd00000, 0x000000008de00000|  0%| F|  |TAMS 0x000000008dd00000, 0x000000008dd00000| Untracked 
|  54|0x000000008de00000, 0x000000008de00000, 0x000000008df00000|  0%| F|  |TAMS 0x000000008de00000, 0x000000008de00000| Untracked 
|  55|0x000000008df00000, 0x000000008df00000, 0x000000008e000000|  0%| F|  |TAMS 0x000000008df00000, 0x000000008df00000| Untracked 
|  56|0x000000008e000000, 0x000000008e000000, 0x000000008e100000|  0%| F|  |TAMS 0x000000008e000000, 0x000000008e000000| Untracked 
|  57|0x000000008e100000, 0x000000008e100000, 0x000000008e200000|  0%| F|  |TAMS 0x000000008e100000, 0x000000008e100000| Untracked 
|  58|0x000000008e200000, 0x000000008e200000, 0x000000008e300000|  0%| F|  |TAMS 0x000000008e200000, 0x000000008e200000| Untracked 
|  59|0x000000008e300000, 0x000000008e300000, 0x000000008e400000|  0%| F|  |TAMS 0x000000008e300000, 0x000000008e300000| Untracked 
|  60|0x000000008e400000, 0x000000008e400000, 0x000000008e500000|  0%| F|  |TAMS 0x000000008e400000, 0x000000008e400000| Untracked 
|  61|0x000000008e500000, 0x000000008e500000, 0x000000008e600000|  0%| F|  |TAMS 0x000000008e500000, 0x000000008e500000| Untracked 
|  62|0x000000008e600000, 0x000000008e600000, 0x000000008e700000|  0%| F|  |TAMS 0x000000008e600000, 0x000000008e600000| Untracked 
|  63|0x000000008e700000, 0x000000008e700000, 0x000000008e800000|  0%| F|  |TAMS 0x000000008e700000, 0x000000008e700000| Untracked 
|  64|0x000000008e800000, 0x000000008e800000, 0x000000008e900000|  0%| F|  |TAMS 0x000000008e800000, 0x000000008e800000| Untracked 
|  65|0x000000008e900000, 0x000000008e900000, 0x000000008ea00000|  0%| F|  |TAMS 0x000000008e900000, 0x000000008e900000| Untracked 
|  66|0x000000008ea00000, 0x000000008ea00000, 0x000000008eb00000|  0%| F|  |TAMS 0x000000008ea00000, 0x000000008ea00000| Untracked 
|  67|0x000000008eb00000, 0x000000008eb00000, 0x000000008ec00000|  0%| F|  |TAMS 0x000000008eb00000, 0x000000008eb00000| Untracked 
|  68|0x000000008ec00000, 0x000000008ec00000, 0x000000008ed00000|  0%| F|  |TAMS 0x000000008ec00000, 0x000000008ec00000| Untracked 
|  69|0x000000008ed00000, 0x000000008ed00000, 0x000000008ee00000|  0%| F|  |TAMS 0x000000008ed00000, 0x000000008ed00000| Untracked 
|  70|0x000000008ee00000, 0x000000008ee00000, 0x000000008ef00000|  0%| F|  |TAMS 0x000000008ee00000, 0x000000008ee00000| Untracked 
|  71|0x000000008ef00000, 0x000000008ef00000, 0x000000008f000000|  0%| F|  |TAMS 0x000000008ef00000, 0x000000008ef00000| Untracked 
|  72|0x000000008f000000, 0x000000008f000000, 0x000000008f100000|  0%| F|  |TAMS 0x000000008f000000, 0x000000008f000000| Untracked 
|  73|0x000000008f100000, 0x000000008f100000, 0x000000008f200000|  0%| F|  |TAMS 0x000000008f100000, 0x000000008f100000| Untracked 
|  90|0x0000000090200000, 0x0000000090200000, 0x0000000090300000|  0%| F|  |TAMS 0x0000000090200000, 0x0000000090200000| Untracked 
|  91|0x0000000090300000, 0x0000000090300000, 0x0000000090400000|  0%| F|  |TAMS 0x0000000090300000, 0x0000000090300000| Untracked 
|  92|0x0000000090400000, 0x0000000090400000, 0x0000000090500000|  0%| F|  |TAMS 0x0000000090400000, 0x0000000090400000| Untracked 
|  93|0x0000000090500000, 0x0000000090500000, 0x0000000090600000|  0%| F|  |TAMS 0x0000000090500000, 0x0000000090500000| Untracked 
|  94|0x0000000090600000, 0x0000000090600000, 0x0000000090700000|  0%| F|  |TAMS 0x0000000090600000, 0x0000000090600000| Untracked 
|  95|0x0000000090700000, 0x0000000090700000, 0x0000000090800000|  0%| F|  |TAMS 0x0000000090700000, 0x0000000090700000| Untracked 
|  96|0x0000000090800000, 0x0000000090800000, 0x0000000090900000|  0%| F|  |TAMS 0x0000000090800000, 0x0000000090800000| Untracked 
|  97|0x0000000090900000, 0x0000000090900000, 0x0000000090a00000|  0%| F|  |TAMS 0x0000000090900000, 0x0000000090900000| Untracked 
| 117|0x0000000091d00000, 0x0000000091dbf3b0, 0x0000000091e00000| 74%| E|  |TAMS 0x0000000091d00000, 0x0000000091d00000| Complete 

Card table byte_map: [0x0000024e50080000,0x0000024e50430000] _byte_map_base: 0x0000024e4fc2c000

Marking Bits (Prev, Next): (CMBitMap*) 0x0000024e398d53b0, (CMBitMap*) 0x0000024e398d5370
 Prev Bits: [0x0000024e52540000, 0x0000024e542a0000)
 Next Bits: [0x0000024e507e0000, 0x0000024e52540000)

Polling page: 0x0000024e39940000

Metaspace:

Usage:
  Non-class:     39.02 MB used.
      Class:      5.30 MB used.
       Both:     44.32 MB used.

Virtual space:
  Non-class space:       64.00 MB reserved,      39.31 MB ( 61%) committed,  1 nodes.
      Class space:        1.00 GB reserved,       5.56 MB ( <1%) committed,  1 nodes.
             Both:        1.06 GB reserved,      44.88 MB (  4%) committed. 

Chunk freelists:
   Non-Class:  7.98 MB
       Class:  10.31 MB
        Both:  18.29 MB

MaxMetaspaceSize: unlimited
CompressedClassSpaceSize: 1.00 GB
Initial GC threshold: 21.00 MB
Current GC threshold: 67.75 MB
CDS: on
MetaspaceReclaimPolicy: balanced
 - commit_granule_bytes: 65536.
 - commit_granule_words: 8192.
 - virtual_space_node_default_size: 8388608.
 - enlarge_chunks_in_place: 1.
 - new_chunks_are_fully_committed: 0.
 - uncommit_free_chunks: 1.
 - use_allocation_guard: 0.
 - handle_deallocations: 1.


Internal statistics:

num_allocs_failed_limit: 6.
num_arena_births: 538.
num_arena_deaths: 0.
num_vsnodes_births: 2.
num_vsnodes_deaths: 0.
num_space_committed: 718.
num_space_uncommitted: 0.
num_chunks_returned_to_freelist: 6.
num_chunks_taken_from_freelist: 2108.
num_chunk_merges: 6.
num_chunk_splits: 1460.
num_chunks_enlarged: 1106.
num_inconsistent_stats: 0.

CodeHeap 'non-profiled nmethods': size=120000Kb used=3913Kb max_used=3913Kb free=116087Kb
 bounds [0x0000024e47b10000, 0x0000024e47ef0000, 0x0000024e4f040000]
CodeHeap 'profiled nmethods': size=120000Kb used=13531Kb max_used=13531Kb free=106468Kb
 bounds [0x0000024e40040000, 0x0000024e40d80000, 0x0000024e47570000]
CodeHeap 'non-nmethods': size=5760Kb used=1285Kb max_used=1330Kb free=4474Kb
 bounds [0x0000024e47570000, 0x0000024e477e0000, 0x0000024e47b10000]
 total_blobs=7426 nmethods=6825 adapters=512
 compilation: enabled
              stopped_count=0, restarted_count=0
 full_count=0

Compilation events (20 events):
Event: 116.603 Thread 0x0000024e56b67200 7782       4       com.google.gson.stream.JsonReader::nextQuotedValue (270 bytes)
Event: 116.604 Thread 0x0000024e56b67ec0 nmethod 7780 0x0000024e40d70b10 code [0x0000024e40d70fa0, 0x0000024e40d73578]
Event: 116.604 Thread 0x0000024e56b67ec0 7781   !   3       sun.nio.ch.SocketChannelImpl::beginRead (37 bytes)
Event: 116.604 Thread 0x0000024e56b67ec0 nmethod 7781 0x0000024e40d74310 code [0x0000024e40d74500, 0x0000024e40d749d8]
Event: 117.620 Thread 0x0000024e56b67ec0 7784       3       java.util.zip.DeflaterOutputStream::deflate (36 bytes)
Event: 117.620 Thread 0x0000024e56b67ec0 nmethod 7784 0x0000024e40d74c10 code [0x0000024e40d74dc0, 0x0000024e40d75058]
Event: 117.620 Thread 0x0000024e56b67ec0 7783       3       java.util.concurrent.ConcurrentLinkedDeque::offerLast (7 bytes)
Event: 117.620 Thread 0x0000024e56b67ec0 nmethod 7783 0x0000024e40d75190 code [0x0000024e40d75320, 0x0000024e40d75468]
Event: 117.622 Thread 0x0000024e56b67ec0 7785       3       java.util.concurrent.ThreadPoolExecutor::afterExecute (1 bytes)
Event: 117.622 Thread 0x0000024e56b67ec0 nmethod 7785 0x0000024e40d75510 code [0x0000024e40d756a0, 0x0000024e40d757b8]
Event: 117.623 Thread 0x0000024e56b67ec0 7786       3       java.util.stream.ReferencePipeline$$Lambda$269/0x0000024e581f61e0::apply (5 bytes)
Event: 117.623 Thread 0x0000024e56b67ec0 nmethod 7786 0x0000024e40d75890 code [0x0000024e40d75a20, 0x0000024e40d75c18]
Event: 117.623 Thread 0x0000024e56b67ec0 7787       3       com.google.gson.internal.bind.TypeAdapters::newFactory (10 bytes)
Event: 117.623 Thread 0x0000024e56b67ec0 nmethod 7787 0x0000024e40d75d10 code [0x0000024e40d75ec0, 0x0000024e40d76178]
Event: 117.623 Thread 0x0000024e56b67ec0 7788       3       com.google.gson.internal.bind.TypeAdapters$30::<init> (15 bytes)
Event: 117.623 Thread 0x0000024e56b67ec0 nmethod 7788 0x0000024e40d76290 code [0x0000024e40d76440, 0x0000024e40d76658]
Event: 117.624 Thread 0x0000024e56b67ec0 7789       3       jdk.internal.net.http.HttpClientImpl::eventUpdated (30 bytes)
Event: 117.624 Thread 0x0000024e56b67ec0 nmethod 7789 0x0000024e40d76710 code [0x0000024e40d768c0, 0x0000024e40d76a08]
Event: 117.624 Thread 0x0000024e56b67ec0 7790       3       jdk.internal.net.http.HttpClientImpl$SelectorManager::eventUpdated (98 bytes)
Event: 118.625 Thread 0x0000024e56b67ec0 nmethod 7790 0x0000024e40d76b10 code [0x0000024e40d76da0, 0x0000024e40d77be8]

GC Heap History (20 events):
Event: 55.867 GC heap before
{Heap before GC invocations=47 (full 0):
 garbage-first heap   total 70656K, used 59355K [0x000000008a800000, 0x0000000100000000)
  region size 1024K, 31 young (31744K), 2 survivors (2048K)
 Metaspace       used 41763K, committed 42240K, reserved 1114112K
  class space    used 4918K, committed 5120K, reserved 1048576K
}
Event: 55.870 GC heap after
{Heap after GC invocations=48 (full 0):
 garbage-first heap   total 70656K, used 29839K [0x000000008a800000, 0x0000000100000000)
  region size 1024K, 2 young (2048K), 2 survivors (2048K)
 Metaspace       used 41763K, committed 42240K, reserved 1114112K
  class space    used 4918K, committed 5120K, reserved 1048576K
}
Event: 56.118 GC heap before
{Heap before GC invocations=48 (full 0):
 garbage-first heap   total 70656K, used 59535K [0x000000008a800000, 0x0000000100000000)
  region size 1024K, 31 young (31744K), 2 survivors (2048K)
 Metaspace       used 42852K, committed 43328K, reserved 1114112K
  class space    used 5098K, committed 5312K, reserved 1048576K
}
Event: 56.121 GC heap after
{Heap after GC invocations=49 (full 0):
 garbage-first heap   total 84992K, used 30119K [0x000000008a800000, 0x0000000100000000)
  region size 1024K, 3 young (3072K), 3 survivors (3072K)
 Metaspace       used 42852K, committed 43328K, reserved 1114112K
  class space    used 5098K, committed 5312K, reserved 1048576K
}
Event: 58.285 GC heap before
{Heap before GC invocations=49 (full 0):
 garbage-first heap   total 84992K, used 71079K [0x000000008a800000, 0x0000000100000000)
  region size 1024K, 43 young (44032K), 3 survivors (3072K)
 Metaspace       used 43296K, committed 43776K, reserved 1114112K
  class space    used 5163K, committed 5376K, reserved 1048576K
}
Event: 58.289 GC heap after
{Heap after GC invocations=50 (full 0):
 garbage-first heap   total 84992K, used 30217K [0x000000008a800000, 0x0000000100000000)
  region size 1024K, 3 young (3072K), 3 survivors (3072K)
 Metaspace       used 43296K, committed 43776K, reserved 1114112K
  class space    used 5163K, committed 5376K, reserved 1048576K
}
Event: 60.448 GC heap before
{Heap before GC invocations=50 (full 0):
 garbage-first heap   total 84992K, used 71177K [0x000000008a800000, 0x0000000100000000)
  region size 1024K, 43 young (44032K), 3 survivors (3072K)
 Metaspace       used 43296K, committed 43776K, reserved 1114112K
  class space    used 5163K, committed 5376K, reserved 1048576K
}
Event: 60.451 GC heap after
{Heap after GC invocations=51 (full 0):
 garbage-first heap   total 84992K, used 30230K [0x000000008a800000, 0x0000000100000000)
  region size 1024K, 3 young (3072K), 3 survivors (3072K)
 Metaspace       used 43296K, committed 43776K, reserved 1114112K
  class space    used 5163K, committed 5376K, reserved 1048576K
}
Event: 62.776 GC heap before
{Heap before GC invocations=51 (full 0):
 garbage-first heap   total 84992K, used 71190K [0x000000008a800000, 0x0000000100000000)
  region size 1024K, 43 young (44032K), 3 survivors (3072K)
 Metaspace       used 43296K, committed 43776K, reserved 1114112K
  class space    used 5163K, committed 5376K, reserved 1048576K
}
Event: 62.780 GC heap after
{Heap after GC invocations=52 (full 0):
 garbage-first heap   total 84992K, used 30357K [0x000000008a800000, 0x0000000100000000)
  region size 1024K, 3 young (3072K), 3 survivors (3072K)
 Metaspace       used 43296K, committed 43776K, reserved 1114112K
  class space    used 5163K, committed 5376K, reserved 1048576K
}
Event: 65.404 GC heap before
{Heap before GC invocations=52 (full 0):
 garbage-first heap   total 84992K, used 71317K [0x000000008a800000, 0x0000000100000000)
  region size 1024K, 43 young (44032K), 3 survivors (3072K)
 Metaspace       used 43296K, committed 43776K, reserved 1114112K
  class space    used 5163K, committed 5376K, reserved 1048576K
}
Event: 65.408 GC heap after
{Heap after GC invocations=53 (full 0):
 garbage-first heap   total 84992K, used 30254K [0x000000008a800000, 0x0000000100000000)
  region size 1024K, 3 young (3072K), 3 survivors (3072K)
 Metaspace       used 43296K, committed 43776K, reserved 1114112K
  class space    used 5163K, committed 5376K, reserved 1048576K
}
Event: 67.575 GC heap before
{Heap before GC invocations=53 (full 0):
 garbage-first heap   total 84992K, used 71214K [0x000000008a800000, 0x0000000100000000)
  region size 1024K, 43 young (44032K), 3 survivors (3072K)
 Metaspace       used 43296K, committed 43776K, reserved 1114112K
  class space    used 5163K, committed 5376K, reserved 1048576K
}
Event: 67.577 GC heap after
{Heap after GC invocations=54 (full 0):
 garbage-first heap   total 84992K, used 30370K [0x000000008a800000, 0x0000000100000000)
  region size 1024K, 3 young (3072K), 3 survivors (3072K)
 Metaspace       used 43296K, committed 43776K, reserved 1114112K
  class space    used 5163K, committed 5376K, reserved 1048576K
}
Event: 69.560 GC heap before
{Heap before GC invocations=54 (full 0):
 garbage-first heap   total 84992K, used 71330K [0x000000008a800000, 0x0000000100000000)
  region size 1024K, 43 young (44032K), 3 survivors (3072K)
 Metaspace       used 43296K, committed 43776K, reserved 1114112K
  class space    used 5163K, committed 5376K, reserved 1048576K
}
Event: 69.563 GC heap after
{Heap after GC invocations=55 (full 0):
 garbage-first heap   total 84992K, used 30280K [0x000000008a800000, 0x0000000100000000)
  region size 1024K, 3 young (3072K), 3 survivors (3072K)
 Metaspace       used 43296K, committed 43776K, reserved 1114112K
  class space    used 5163K, committed 5376K, reserved 1048576K
}
Event: 71.735 GC heap before
{Heap before GC invocations=55 (full 0):
 garbage-first heap   total 84992K, used 71240K [0x000000008a800000, 0x0000000100000000)
  region size 1024K, 43 young (44032K), 3 survivors (3072K)
 Metaspace       used 44196K, committed 44736K, reserved 1114112K
  class space    used 5286K, committed 5568K, reserved 1048576K
}
Event: 71.739 GC heap after
{Heap after GC invocations=56 (full 0):
 garbage-first heap   total 84992K, used 30376K [0x000000008a800000, 0x0000000100000000)
  region size 1024K, 3 young (3072K), 3 survivors (3072K)
 Metaspace       used 44196K, committed 44736K, reserved 1114112K
  class space    used 5286K, committed 5568K, reserved 1048576K
}
Event: 116.613 GC heap before
{Heap before GC invocations=56 (full 0):
 garbage-first heap   total 84992K, used 70312K [0x000000008a800000, 0x0000000100000000)
  region size 1024K, 43 young (44032K), 3 survivors (3072K)
 Metaspace       used 45376K, committed 45952K, reserved 1114112K
  class space    used 5428K, committed 5696K, reserved 1048576K
}
Event: 117.619 GC heap after
{Heap after GC invocations=57 (full 0):
 garbage-first heap   total 84992K, used 31467K [0x000000008a800000, 0x0000000100000000)
  region size 1024K, 4 young (4096K), 4 survivors (4096K)
 Metaspace       used 45376K, committed 45952K, reserved 1114112K
  class space    used 5428K, committed 5696K, reserved 1048576K
}

Dll operation events (9 events):
Event: 0.005 Loaded shared library C:\Users\manuc\.sonar\cache\4bafe2e94439c8193fc8c68247cb0dbaf4e80265b903288f63f128304f129bbe\OpenJDK17U-jre_x64_windows_hotspot_17.0.11_9.zip_extracted\jdk-17.0.11+9-jre\bin\java.dll
Event: 0.017 Loaded shared library C:\Users\manuc\.sonar\cache\4bafe2e94439c8193fc8c68247cb0dbaf4e80265b903288f63f128304f129bbe\OpenJDK17U-jre_x64_windows_hotspot_17.0.11_9.zip_extracted\jdk-17.0.11+9-jre\bin\jsvml.dll
Event: 0.038 Loaded shared library C:\Users\manuc\.sonar\cache\4bafe2e94439c8193fc8c68247cb0dbaf4e80265b903288f63f128304f129bbe\OpenJDK17U-jre_x64_windows_hotspot_17.0.11_9.zip_extracted\jdk-17.0.11+9-jre\bin\net.dll
Event: 0.040 Loaded shared library C:\Users\manuc\.sonar\cache\4bafe2e94439c8193fc8c68247cb0dbaf4e80265b903288f63f128304f129bbe\OpenJDK17U-jre_x64_windows_hotspot_17.0.11_9.zip_extracted\jdk-17.0.11+9-jre\bin\nio.dll
Event: 0.054 Loaded shared library C:\Users\manuc\.sonar\cache\4bafe2e94439c8193fc8c68247cb0dbaf4e80265b903288f63f128304f129bbe\OpenJDK17U-jre_x64_windows_hotspot_17.0.11_9.zip_extracted\jdk-17.0.11+9-jre\bin\zip.dll
Event: 0.071 Loaded shared library C:\Users\manuc\.sonar\cache\4bafe2e94439c8193fc8c68247cb0dbaf4e80265b903288f63f128304f129bbe\OpenJDK17U-jre_x64_windows_hotspot_17.0.11_9.zip_extracted\jdk-17.0.11+9-jre\bin\jimage.dll
Event: 0.434 Loaded shared library C:\Users\manuc\.sonar\cache\4bafe2e94439c8193fc8c68247cb0dbaf4e80265b903288f63f128304f129bbe\OpenJDK17U-jre_x64_windows_hotspot_17.0.11_9.zip_extracted\jdk-17.0.11+9-jre\bin\verify.dll
Event: 0.863 Loaded shared library C:\Users\manuc\.sonar\cache\4bafe2e94439c8193fc8c68247cb0dbaf4e80265b903288f63f128304f129bbe\OpenJDK17U-jre_x64_windows_hotspot_17.0.11_9.zip_extracted\jdk-17.0.11+9-jre\bin\sunmscapi.dll
Event: 1.453 Loaded shared library C:\Users\manuc\.sonar\cache\4bafe2e94439c8193fc8c68247cb0dbaf4e80265b903288f63f128304f129bbe\OpenJDK17U-jre_x64_windows_hotspot_17.0.11_9.zip_extracted\jdk-17.0.11+9-jre\bin\extnet.dll

Deoptimization events (20 events):
Event: 107.416 Thread 0x0000024e3987c450 Uncommon trap: trap_request=0xffffffde fr.pc=0x0000024e47ed2800 relative=0x0000000000000c20
Event: 107.416 Thread 0x0000024e3987c450 Uncommon trap: reason=class_check action=maybe_recompile pc=0x0000024e47ed2800 method=java.lang.reflect.Array.newInstance(Ljava/lang/Class;I)Ljava/lang/Object; @ 2 c2
Event: 107.416 Thread 0x0000024e3987c450 DEOPT PACKING pc=0x0000024e47ed2800 sp=0x000000c0d61fe550
Event: 107.416 Thread 0x0000024e3987c450 DEOPT UNPACKING pc=0x0000024e475c69a3 sp=0x000000c0d61fe4b0 mode 2
Event: 107.416 Thread 0x0000024e3987c450 Uncommon trap: trap_request=0xffffffde fr.pc=0x0000024e47ed2800 relative=0x0000000000000c20
Event: 107.416 Thread 0x0000024e3987c450 Uncommon trap: reason=class_check action=maybe_recompile pc=0x0000024e47ed2800 method=java.lang.reflect.Array.newInstance(Ljava/lang/Class;I)Ljava/lang/Object; @ 2 c2
Event: 107.416 Thread 0x0000024e3987c450 DEOPT PACKING pc=0x0000024e47ed2800 sp=0x000000c0d61fe550
Event: 107.416 Thread 0x0000024e3987c450 DEOPT UNPACKING pc=0x0000024e475c69a3 sp=0x000000c0d61fe4b0 mode 2
Event: 107.416 Thread 0x0000024e3987c450 Uncommon trap: trap_request=0xffffffde fr.pc=0x0000024e47ed2800 relative=0x0000000000000c20
Event: 107.416 Thread 0x0000024e3987c450 Uncommon trap: reason=class_check action=maybe_recompile pc=0x0000024e47ed2800 method=java.lang.reflect.Array.newInstance(Ljava/lang/Class;I)Ljava/lang/Object; @ 2 c2
Event: 107.416 Thread 0x0000024e3987c450 DEOPT PACKING pc=0x0000024e47ed2800 sp=0x000000c0d61fe550
Event: 107.416 Thread 0x0000024e3987c450 DEOPT UNPACKING pc=0x0000024e475c69a3 sp=0x000000c0d61fe4b0 mode 2
Event: 107.416 Thread 0x0000024e3987c450 Uncommon trap: trap_request=0xffffffde fr.pc=0x0000024e47ed2800 relative=0x0000000000000c20
Event: 107.416 Thread 0x0000024e3987c450 Uncommon trap: reason=class_check action=maybe_recompile pc=0x0000024e47ed2800 method=java.lang.reflect.Array.newInstance(Ljava/lang/Class;I)Ljava/lang/Object; @ 2 c2
Event: 107.416 Thread 0x0000024e3987c450 DEOPT PACKING pc=0x0000024e47ed2800 sp=0x000000c0d61fe550
Event: 107.416 Thread 0x0000024e3987c450 DEOPT UNPACKING pc=0x0000024e475c69a3 sp=0x000000c0d61fe4b0 mode 2
Event: 108.965 Thread 0x0000024e3987c450 Uncommon trap: trap_request=0xffffff45 fr.pc=0x0000024e47e8c0e4 relative=0x0000000000001764
Event: 108.965 Thread 0x0000024e3987c450 Uncommon trap: reason=unstable_if action=reinterpret pc=0x0000024e47e8c0e4 method=com.google.gson.stream.JsonReader.nextQuotedValue(C)Ljava/lang/String; @ 96 c2
Event: 108.965 Thread 0x0000024e3987c450 DEOPT PACKING pc=0x0000024e47e8c0e4 sp=0x000000c0d61fe450
Event: 108.965 Thread 0x0000024e3987c450 DEOPT UNPACKING pc=0x0000024e475c69a3 sp=0x000000c0d61fe438 mode 2

Classes unloaded (0 events):
No events

Classes redefined (0 events):
No events

Internal exceptions (20 events):
Event: 81.132 Thread 0x0000024e9d5910e0 Exception <a 'java/net/ConnectException'{0x000000009074c928}: Connection refused: getsockopt> (0x000000009074c928) 
thrown [s\src\hotspot\share\prims\jni.cpp, line 535]
Event: 81.240 Thread 0x0000024e9d5910e0 Exception <a 'java/net/ConnectException'{0x000000009074d288}: Connection refused: getsockopt> (0x000000009074d288) 
thrown [s\src\hotspot\share\prims\jni.cpp, line 535]
Event: 81.240 Thread 0x0000024e9d5910e0 Exception <a 'java/net/ConnectException'{0x000000009074dbe8}: Connection refused: getsockopt> (0x000000009074dbe8) 
thrown [s\src\hotspot\share\prims\jni.cpp, line 535]
Event: 81.349 Thread 0x0000024e9d5910e0 Exception <a 'java/net/ConnectException'{0x000000009074e548}: Connection refused: getsockopt> (0x000000009074e548) 
thrown [s\src\hotspot\share\prims\jni.cpp, line 535]
Event: 81.350 Thread 0x0000024e9d5910e0 Exception <a 'java/net/ConnectException'{0x000000009074eea8}: Connection refused: getsockopt> (0x000000009074eea8) 
thrown [s\src\hotspot\share\prims\jni.cpp, line 535]
Event: 81.505 Thread 0x0000024e9d5910e0 Exception <a 'java/net/ConnectException'{0x000000009074f808}: Connection refused: getsockopt> (0x000000009074f808) 
thrown [s\src\hotspot\share\prims\jni.cpp, line 535]
Event: 81.506 Thread 0x0000024e9d5910e0 Exception <a 'java/net/ConnectException'{0x0000000090750168}: Connection refused: getsockopt> (0x0000000090750168) 
thrown [s\src\hotspot\share\prims\jni.cpp, line 535]
Event: 81.614 Thread 0x0000024e9d5910e0 Exception <a 'java/net/ConnectException'{0x0000000090750ac8}: Connection refused: getsockopt> (0x0000000090750ac8) 
thrown [s\src\hotspot\share\prims\jni.cpp, line 535]
Event: 81.615 Thread 0x0000024e9d5910e0 Exception <a 'java/net/ConnectException'{0x0000000090751428}: Connection refused: getsockopt> (0x0000000090751428) 
thrown [s\src\hotspot\share\prims\jni.cpp, line 535]
Event: 81.723 Thread 0x0000024e9d5910e0 Exception <a 'java/net/ConnectException'{0x0000000090751d88}: Connection refused: getsockopt> (0x0000000090751d88) 
thrown [s\src\hotspot\share\prims\jni.cpp, line 535]
Event: 81.724 Thread 0x0000024e9d5910e0 Exception <a 'java/net/ConnectException'{0x00000000907526e8}: Connection refused: getsockopt> (0x00000000907526e8) 
thrown [s\src\hotspot\share\prims\jni.cpp, line 535]
Event: 81.832 Thread 0x0000024e9d5910e0 Exception <a 'java/net/ConnectException'{0x0000000090753290}: Connection refused: getsockopt> (0x0000000090753290) 
thrown [s\src\hotspot\share\prims\jni.cpp, line 535]
Event: 81.833 Thread 0x0000024e9d5910e0 Exception <a 'java/net/ConnectException'{0x0000000090753bf0}: Connection refused: getsockopt> (0x0000000090753bf0) 
thrown [s\src\hotspot\share\prims\jni.cpp, line 535]
Event: 81.942 Thread 0x0000024e9d5910e0 Exception <a 'java/net/ConnectException'{0x0000000090754550}: Connection refused: getsockopt> (0x0000000090754550) 
thrown [s\src\hotspot\share\prims\jni.cpp, line 535]
Event: 81.943 Thread 0x0000024e9d5910e0 Exception <a 'java/net/ConnectException'{0x0000000090754eb0}: Connection refused: getsockopt> (0x0000000090754eb0) 
thrown [s\src\hotspot\share\prims\jni.cpp, line 535]
Event: 82.088 Thread 0x0000024e9d5906c0 Exception <a 'java/lang/NoSuchMethodError'{0x0000000090630ce0}: 'java.lang.Object java.lang.invoke.DirectMethodHandle$Holder.newInvokeSpecial(java.lang.Object, java.lang.Object, long, java.lang.Object, java.lang.Object, java.lang.Object)'> (0x0000000090630ce0) 
thrown [s\src\hotspot\share\interpreter\linkResolver.cpp, line 759]
Event: 82.090 Thread 0x0000024e9d5906c0 Exception <a 'java/lang/NoSuchMethodError'{0x0000000090648e80}: 'void java.lang.invoke.DirectMethodHandle$Holder.invokeSpecial(java.lang.Object, java.lang.Object, java.lang.Object, java.lang.Object, java.lang.Object, java.lang.Object, java.lang.Object)'> (0x0000000090648e80) 
thrown [s\src\hotspot\share\interpreter\linkResolver.cpp, line 759]
Event: 82.093 Thread 0x0000024e9d5906c0 Implicit null exception at 0x0000024e47d4e66c to 0x0000024e47d4e714
Event: 82.095 Thread 0x0000024e3987c450 Exception <a 'java/lang/NoSuchMethodError'{0x00000000908e5108}: 'void java.lang.invoke.DirectMethodHandle$Holder.invokeVirtual(java.lang.Object, java.lang.Object)'> (0x00000000908e5108) 
thrown [s\src\hotspot\share\interpreter\linkResolver.cpp, line 759]
Event: 105.127 Thread 0x0000024e9d5910e0 Exception <a 'sun/net/ConnectionResetException'{0x000000008e001480}: Connection reset> (0x000000008e001480) 
thrown [s\src\hotspot\share\prims\jni.cpp, line 535]

VM Operations (20 events):
Event: 102.950 Executing VM operation: Cleanup
Event: 102.950 Executing VM operation: Cleanup done
Event: 105.985 Executing VM operation: Cleanup
Event: 105.985 Executing VM operation: Cleanup done
Event: 106.994 Executing VM operation: Cleanup
Event: 106.994 Executing VM operation: Cleanup done
Event: 108.009 Executing VM operation: Cleanup
Event: 108.009 Executing VM operation: Cleanup done
Event: 109.015 Executing VM operation: Cleanup
Event: 109.015 Executing VM operation: Cleanup done
Event: 111.034 Executing VM operation: Cleanup
Event: 111.034 Executing VM operation: Cleanup done
Event: 113.048 Executing VM operation: Cleanup
Event: 113.048 Executing VM operation: Cleanup done
Event: 116.613 Executing VM operation: G1CollectForAllocation
Event: 117.619 Executing VM operation: G1CollectForAllocation done
Event: 118.625 Executing VM operation: Cleanup
Event: 118.625 Executing VM operation: Cleanup done
Event: 120.232 Executing VM operation: HandshakeAllThreads
Event: 120.232 Executing VM operation: HandshakeAllThreads done

Events (20 events):
Event: 90.464 Thread 0x0000024e56b6a350 flushing nmethod 0x0000024e40b80b10
Event: 90.464 Thread 0x0000024e56b6a350 flushing nmethod 0x0000024e40b84590
Event: 90.464 Thread 0x0000024e56b6a350 flushing nmethod 0x0000024e40b85d90
Event: 90.464 Thread 0x0000024e56b6a350 flushing nmethod 0x0000024e40b94510
Event: 90.464 Thread 0x0000024e56b6a350 flushing nmethod 0x0000024e40baaa90
Event: 90.464 Thread 0x0000024e56b6a350 flushing nmethod 0x0000024e40bab510
Event: 90.464 Thread 0x0000024e56b6a350 flushing nmethod 0x0000024e40babc10
Event: 90.464 Thread 0x0000024e56b6a350 flushing nmethod 0x0000024e40bac190
Event: 90.464 Thread 0x0000024e56b6a350 flushing nmethod 0x0000024e40bac690
Event: 91.569 Thread 0x0000024e9e401560 Thread exited: 0x0000024e9e401560
Event: 91.569 Thread 0x0000024e9d7b6000 Thread exited: 0x0000024e9d7b6000
Event: 91.576 Thread 0x0000024e9d7b6000 Thread added: 0x0000024e9d7b6000
Event: 92.110 Thread 0x0000024e9d7b6000 Thread exited: 0x0000024e9d7b6000
Event: 94.871 Thread 0x0000024e9d7b6000 Thread added: 0x0000024e9d7b6000
Event: 94.872 Thread 0x0000024e9e401560 Thread added: 0x0000024e9e401560
Event: 96.138 Thread 0x0000024e9e401560 Thread exited: 0x0000024e9e401560
Event: 97.107 Thread 0x0000024e9d7b6000 Thread exited: 0x0000024e9d7b6000
Event: 105.127 loading class sun/net/ConnectionResetException
Event: 105.127 loading class sun/net/ConnectionResetException done
Event: 105.130 Thread 0x0000024e9d5901b0 Thread added: 0x0000024e9d5901b0


Dynamic libraries:
0x00007ff6b3cc0000 - 0x00007ff6b3cce000 	C:\Users\manuc\.sonar\cache\4bafe2e94439c8193fc8c68247cb0dbaf4e80265b903288f63f128304f129bbe\OpenJDK17U-jre_x64_windows_hotspot_17.0.11_9.zip_extracted\jdk-17.0.11+9-jre\bin\java.exe
0x00007ffbda9c0000 - 0x00007ffbdac28000 	C:\WINDOWS\SYSTEM32\ntdll.dll
0x00007ffbd9560000 - 0x00007ffbd9629000 	C:\WINDOWS\System32\KERNEL32.DLL
0x00007ffbd7f30000 - 0x00007ffbd8328000 	C:\WINDOWS\System32\KERNELBASE.dll
0x00007ffbd7c80000 - 0x00007ffbd7dcb000 	C:\WINDOWS\System32\ucrtbase.dll
0x00007ffba63d0000 - 0x00007ffba63eb000 	C:\Users\manuc\.sonar\cache\4bafe2e94439c8193fc8c68247cb0dbaf4e80265b903288f63f128304f129bbe\OpenJDK17U-jre_x64_windows_hotspot_17.0.11_9.zip_extracted\jdk-17.0.11+9-jre\bin\VCRUNTIME140.dll
0x00007ffb884c0000 - 0x00007ffb884d7000 	C:\Users\manuc\.sonar\cache\4bafe2e94439c8193fc8c68247cb0dbaf4e80265b903288f63f128304f129bbe\OpenJDK17U-jre_x64_windows_hotspot_17.0.11_9.zip_extracted\jdk-17.0.11+9-jre\bin\jli.dll
0x00007ffbd8e30000 - 0x00007ffbd8ff7000 	C:\WINDOWS\System32\USER32.dll
0x00007ffbb75f0000 - 0x00007ffbb7884000 	C:\WINDOWS\WinSxS\amd64_microsoft.windows.common-controls_6595b64144ccf1df_6.0.26100.7019_none_3e06ffa0e335b8a8\COMCTL32.dll
0x00007ffbd8730000 - 0x00007ffbd8757000 	C:\WINDOWS\System32\win32u.dll
0x00007ffbd9000000 - 0x00007ffbd90a9000 	C:\WINDOWS\System32\msvcrt.dll
0x00007ffbd8990000 - 0x00007ffbd89bb000 	C:\WINDOWS\System32\GDI32.dll
0x00007ffbd8570000 - 0x00007ffbd869c000 	C:\WINDOWS\System32\gdi32full.dll
0x00007ffbd7e80000 - 0x00007ffbd7f23000 	C:\WINDOWS\System32\msvcp_win.dll
0x00007ffbd9b10000 - 0x00007ffbd9b41000 	C:\WINDOWS\System32\IMM32.DLL
0x00007ffbaaf10000 - 0x00007ffbaaf1c000 	C:\Users\manuc\.sonar\cache\4bafe2e94439c8193fc8c68247cb0dbaf4e80265b903288f63f128304f129bbe\OpenJDK17U-jre_x64_windows_hotspot_17.0.11_9.zip_extracted\jdk-17.0.11+9-jre\bin\vcruntime140_1.dll
0x00007ffb4edc0000 - 0x00007ffb4ee4d000 	C:\Users\manuc\.sonar\cache\4bafe2e94439c8193fc8c68247cb0dbaf4e80265b903288f63f128304f129bbe\OpenJDK17U-jre_x64_windows_hotspot_17.0.11_9.zip_extracted\jdk-17.0.11+9-jre\bin\msvcp140.dll
0x00007ffadc770000 - 0x00007ffadd3d2000 	C:\Users\manuc\.sonar\cache\4bafe2e94439c8193fc8c68247cb0dbaf4e80265b903288f63f128304f129bbe\OpenJDK17U-jre_x64_windows_hotspot_17.0.11_9.zip_extracted\jdk-17.0.11+9-jre\bin\server\jvm.dll
0x00007ffbda8c0000 - 0x00007ffbda974000 	C:\WINDOWS\System32\ADVAPI32.dll
0x00007ffbd8d80000 - 0x00007ffbd8e26000 	C:\WINDOWS\System32\sechost.dll
0x00007ffbd9630000 - 0x00007ffbd9748000 	C:\WINDOWS\System32\RPCRT4.dll
0x00007ffbcefa0000 - 0x00007ffbcefd5000 	C:\WINDOWS\SYSTEM32\WINMM.dll
0x00007ffbd7970000 - 0x00007ffbd79ce000 	C:\WINDOWS\SYSTEM32\POWRPROF.dll
0x00007ffbb41c0000 - 0x00007ffbb41ca000 	C:\WINDOWS\SYSTEM32\WSOCK32.dll
0x00007ffbd0bf0000 - 0x00007ffbd0bfb000 	C:\WINDOWS\SYSTEM32\VERSION.dll
0x00007ffbd9ef0000 - 0x00007ffbd9f64000 	C:\WINDOWS\System32\WS2_32.dll
0x00007ffbd7950000 - 0x00007ffbd7964000 	C:\WINDOWS\SYSTEM32\UMPDC.dll
0x00007ffbd6890000 - 0x00007ffbd68ab000 	C:\WINDOWS\SYSTEM32\kernel.appcore.dll
0x00007ffba64b0000 - 0x00007ffba64ba000 	C:\Users\manuc\.sonar\cache\4bafe2e94439c8193fc8c68247cb0dbaf4e80265b903288f63f128304f129bbe\OpenJDK17U-jre_x64_windows_hotspot_17.0.11_9.zip_extracted\jdk-17.0.11+9-jre\bin\jimage.dll
0x00007ffbc92b0000 - 0x00007ffbc94f2000 	C:\WINDOWS\SYSTEM32\DBGHELP.DLL
0x00007ffbd9b60000 - 0x00007ffbd9eeb000 	C:\WINDOWS\System32\combase.dll
0x00007ffbd8ca0000 - 0x00007ffbd8d77000 	C:\WINDOWS\System32\OLEAUT32.dll
0x00007ffbb7370000 - 0x00007ffbb73ac000 	C:\WINDOWS\SYSTEM32\dbgcore.DLL
0x00007ffbd7dd0000 - 0x00007ffbd7e75000 	C:\WINDOWS\System32\bcryptPrimitives.dll
0x00007ffb80660000 - 0x00007ffb80685000 	C:\Users\manuc\.sonar\cache\4bafe2e94439c8193fc8c68247cb0dbaf4e80265b903288f63f128304f129bbe\OpenJDK17U-jre_x64_windows_hotspot_17.0.11_9.zip_extracted\jdk-17.0.11+9-jre\bin\java.dll
0x00007ffb4be20000 - 0x00007ffb4bef7000 	C:\Users\manuc\.sonar\cache\4bafe2e94439c8193fc8c68247cb0dbaf4e80265b903288f63f128304f129bbe\OpenJDK17U-jre_x64_windows_hotspot_17.0.11_9.zip_extracted\jdk-17.0.11+9-jre\bin\jsvml.dll
0x00007ffbd9f70000 - 0x00007ffbda6c1000 	C:\WINDOWS\System32\SHELL32.dll
0x00007ffbd7b10000 - 0x00007ffbd7c7b000 	C:\WINDOWS\System32\wintypes.dll
0x00007ffbd56f0000 - 0x00007ffbd5f4d000 	C:\WINDOWS\SYSTEM32\windows.storage.dll
0x00007ffbd8890000 - 0x00007ffbd8982000 	C:\WINDOWS\System32\SHCORE.dll
0x00007ffbd98b0000 - 0x00007ffbd9917000 	C:\WINDOWS\System32\shlwapi.dll
0x00007ffbd7a30000 - 0x00007ffbd7a59000 	C:\WINDOWS\SYSTEM32\profapi.dll
0x00007ffb861b0000 - 0x00007ffb861c9000 	C:\Users\manuc\.sonar\cache\4bafe2e94439c8193fc8c68247cb0dbaf4e80265b903288f63f128304f129bbe\OpenJDK17U-jre_x64_windows_hotspot_17.0.11_9.zip_extracted\jdk-17.0.11+9-jre\bin\net.dll
0x00007ffbd0920000 - 0x00007ffbd0a48000 	C:\WINDOWS\SYSTEM32\WINHTTP.dll
0x00007ffbd6de0000 - 0x00007ffbd6e4b000 	C:\WINDOWS\system32\mswsock.dll
0x00007ffb7d0a0000 - 0x00007ffb7d0b6000 	C:\Users\manuc\.sonar\cache\4bafe2e94439c8193fc8c68247cb0dbaf4e80265b903288f63f128304f129bbe\OpenJDK17U-jre_x64_windows_hotspot_17.0.11_9.zip_extracted\jdk-17.0.11+9-jre\bin\nio.dll
0x00007ffb7b0f0000 - 0x00007ffb7b108000 	C:\Users\manuc\.sonar\cache\4bafe2e94439c8193fc8c68247cb0dbaf4e80265b903288f63f128304f129bbe\OpenJDK17U-jre_x64_windows_hotspot_17.0.11_9.zip_extracted\jdk-17.0.11+9-jre\bin\zip.dll
0x00007ffba5710000 - 0x00007ffba5720000 	C:\Users\manuc\.sonar\cache\4bafe2e94439c8193fc8c68247cb0dbaf4e80265b903288f63f128304f129bbe\OpenJDK17U-jre_x64_windows_hotspot_17.0.11_9.zip_extracted\jdk-17.0.11+9-jre\bin\verify.dll
0x00007ffbd71d0000 - 0x00007ffbd71eb000 	C:\WINDOWS\SYSTEM32\CRYPTSP.dll
0x00007ffbd67f0000 - 0x00007ffbd682a000 	C:\WINDOWS\system32\rsaenh.dll
0x00007ffbd6e90000 - 0x00007ffbd6ebb000 	C:\WINDOWS\SYSTEM32\USERENV.dll
0x00007ffbd7a00000 - 0x00007ffbd7a2a000 	C:\WINDOWS\SYSTEM32\bcrypt.dll
0x00007ffbd7030000 - 0x00007ffbd703c000 	C:\WINDOWS\SYSTEM32\CRYPTBASE.dll
0x00007ffbd6280000 - 0x00007ffbd62b4000 	C:\WINDOWS\SYSTEM32\IPHLPAPI.DLL
0x00007ffbd8820000 - 0x00007ffbd882a000 	C:\WINDOWS\System32\NSI.dll
0x00007ffbd0c00000 - 0x00007ffbd0c1e000 	C:\WINDOWS\SYSTEM32\dhcpcsvc6.DLL
0x00007ffbd05d0000 - 0x00007ffbd05f3000 	C:\WINDOWS\SYSTEM32\dhcpcsvc.DLL
0x00007ffbd6310000 - 0x00007ffbd643c000 	C:\WINDOWS\SYSTEM32\DNSAPI.dll
0x00007ffb9dc40000 - 0x00007ffb9dc4e000 	C:\Users\manuc\.sonar\cache\4bafe2e94439c8193fc8c68247cb0dbaf4e80265b903288f63f128304f129bbe\OpenJDK17U-jre_x64_windows_hotspot_17.0.11_9.zip_extracted\jdk-17.0.11+9-jre\bin\sunmscapi.dll
0x00007ffbd8330000 - 0x00007ffbd84a7000 	C:\WINDOWS\System32\CRYPT32.dll
0x00007ffbd7320000 - 0x00007ffbd7350000 	C:\WINDOWS\SYSTEM32\ncrypt.dll
0x00007ffbd72d0000 - 0x00007ffbd730f000 	C:\WINDOWS\SYSTEM32\NTASN1.dll
0x00007ffbd7230000 - 0x00007ffbd7243000 	C:\WINDOWS\SYSTEM32\MSASN1.dll
0x00007ffbd6e50000 - 0x00007ffbd6e82000 	C:\WINDOWS\SYSTEM32\gpapi.dll
0x00007ffbca100000 - 0x00007ffbca13b000 	C:\WINDOWS\SYSTEM32\cryptnet.dll
0x00007ffbd7710000 - 0x00007ffbd771a000 	C:\WINDOWS\SYSTEM32\DPAPI.dll
0x00007ffbb81a0000 - 0x00007ffbb822d000 	C:\WINDOWS\system32\ncryptprov.dll
0x00007ffbcfa20000 - 0x00007ffbcfa2b000 	C:\Windows\System32\rasadhlp.dll
0x00007ffbd0b60000 - 0x00007ffbd0be6000 	C:\WINDOWS\System32\fwpuclnt.dll
0x00007ffb94b20000 - 0x00007ffb94b29000 	C:\Users\manuc\.sonar\cache\4bafe2e94439c8193fc8c68247cb0dbaf4e80265b903288f63f128304f129bbe\OpenJDK17U-jre_x64_windows_hotspot_17.0.11_9.zip_extracted\jdk-17.0.11+9-jre\bin\extnet.dll
0x00007ffb8b2b0000 - 0x00007ffb8b2b8000 	C:\WINDOWS\system32\wshunix.dll

dbghelp: loaded successfully - version: 4.0.5 - missing functions: none
symbol engine: initialized successfully - sym options: 0x614 - pdb path: .;C:\Users\manuc\.sonar\cache\4bafe2e94439c8193fc8c68247cb0dbaf4e80265b903288f63f128304f129bbe\OpenJDK17U-jre_x64_windows_hotspot_17.0.11_9.zip_extracted\jdk-17.0.11+9-jre\bin;C:\WINDOWS\SYSTEM32;C:\WINDOWS\WinSxS\amd64_microsoft.windows.common-controls_6595b64144ccf1df_6.0.26100.7019_none_3e06ffa0e335b8a8;C:\Users\manuc\.sonar\cache\4bafe2e94439c8193fc8c68247cb0dbaf4e80265b903288f63f128304f129bbe\OpenJDK17U-jre_x64_windows_hotspot_17.0.11_9.zip_extracted\jdk-17.0.11+9-jre\bin\server

VM Arguments:
jvm_args: -Dorg.bouncycastle.pkcs12.ignore_useless_passwd=true 
java_command: C:\Users\manuc\.sonar\cache\2df641182fdb086f2742d159a7c020a8e93583fc618666f9d2245c7f9df82d7e\sonar-scanner-engine-shaded-10.6.0.92116-all.jar
java_class_path (initial): C:\Users\manuc\.sonar\cache\2df641182fdb086f2742d159a7c020a8e93583fc618666f9d2245c7f9df82d7e\sonar-scanner-engine-shaded-10.6.0.92116-all.jar
Launcher Type: SUN_STANDARD

[Global flags]
     intx CICompilerCount                          = 4                                         {product} {ergonomic}
     uint ConcGCThreads                            = 3                                         {product} {ergonomic}
     uint G1ConcRefinementThreads                  = 10                                        {product} {ergonomic}
   size_t G1HeapRegionSize                         = 1048576                                   {product} {ergonomic}
    uintx GCDrainStackTargetSize                   = 64                                        {product} {ergonomic}
   size_t InitialHeapSize                          = 123731968                                 {product} {ergonomic}
   size_t MarkStackSize                            = 4194304                                   {product} {ergonomic}
   size_t MaxHeapSize                              = 1971322880                                {product} {ergonomic}
   size_t MaxNewSize                               = 1182793728                                {product} {ergonomic}
   size_t MinHeapDeltaBytes                        = 1048576                                   {product} {ergonomic}
   size_t MinHeapSize                              = 8388608                                   {product} {ergonomic}
    uintx NonNMethodCodeHeapSize                   = 5839372                                {pd product} {ergonomic}
    uintx NonProfiledCodeHeapSize                  = 122909434                              {pd product} {ergonomic}
    uintx ProfiledCodeHeapSize                     = 122909434                              {pd product} {ergonomic}
    uintx ReservedCodeCacheSize                    = 251658240                              {pd product} {ergonomic}
     bool SegmentedCodeCache                       = true                                      {product} {ergonomic}
   size_t SoftMaxHeapSize                          = 1971322880                             {manageable} {ergonomic}
     bool UseCompressedClassPointers               = true                           {product lp64_product} {ergonomic}
     bool UseCompressedOops                        = true                           {product lp64_product} {ergonomic}
     bool UseG1GC                                  = true                                      {product} {ergonomic}
     bool UseLargePagesIndividualAllocation        = false                                  {pd product} {ergonomic}

Logging:
Log output configuration:
 #0: stdout all=warning uptime,level,tags
 #1: stderr all=off uptime,level,tags

Environment Variables:
JAVA_HOME=C:\sonarqube\sonar-scanner-cli-7.2.0.5079-windows-x64\sonar-scanner-7.2.0.5079-windows-x64\bin\..\jre
PATH=C:\app\manuc\product\21c\dbhomeXE\bin;C:\Program Files\Java\jdk-23\bin;C:\apache-maven-3.9.9\bin;C:\Program Files\Common Files\Oracle\Java\javapath;C:\Program Files (x86)\Common Files\Oracle\Java\java8path;C:\Program Files (x86)\Common Files\Oracle\Java\javapath;C:\Windows\system32;C:\Windows;C:\Windows\System32\Wbem;C:\Windows\System32\WindowsPowerShell\v1.0\;C:\Windows\System32\OpenSSH\;C:\Program Files\NVIDIA Corporation\NVIDIA NvDLISR;C:\Program Files (x86)\NVIDIA Corporation\PhysX\Common;C:\Program Files (x86)\HP\Common\HPDestPlgIn\;C:\Program Files\Microsoft SQL Server\150\Tools\Binn\;C:\Program Files\Microsoft SQL Server\Client SDK\ODBC\170\Tools\Binn\;C:\Program Files\Git\cmd;C:\Strawberry\c\bin;C:\Strawberry\perl\site\bin;C:\Strawberry\perl\bin;C:\Program Files\dotnet\;C:\WINDOWS\system32;C:\WINDOWS;C:\WINDOWS\System32\Wbem;C:\WINDOWS\System32\WindowsPowerShell\v1.0\;C:\WINDOWS\System32\OpenSSH\;C:\Program Files (x86)\Microsoft SQL Server\160\Tools\Binn\;C:\Program Files\Microsoft SQL Server\160\Tools\Binn\;C:\Program Files\Microsoft SQL Server\160\DTS\Binn\;C:\Program Files (x86)\Microsoft SQL Server\160\DTS\Binn\;C:\Program Files\nodejs\;C:\sonarqube\sonar-scanner-cli-7.2.0.5079-windows-x64\sonar-scanner-7.2.0.5079-windows-x64\bin;C:\Program Files\OpenSSL-Win64\bin;$env:PATH“
USERNAME=manuc
OS=Windows_NT
PROCESSOR_IDENTIFIER=AMD64 Family 25 Model 80 Stepping 0, AuthenticAMD
TMP=C:\Users\manuc\AppData\Local\Temp
TEMP=C:\Users\manuc\AppData\Local\Temp



Periodic native trim disabled


---------------  S Y S T E M  ---------------

OS:
 Windows 11 , 64 bit Build 26100 (10.0.26100.7019)
OS uptime: 3 days 2:42 hours
Hyper-V role detected

CPU: total 12 (initial active 12) (12 cores per cpu, 2 threads per core) family 25 model 80 stepping 0 microcode 0xa50000f, cx8, cmov, fxsr, ht, mmx, 3dnowpref, sse, sse2, sse3, ssse3, sse4a, sse4.1, sse4.2, popcnt, lzcnt, tsc, tscinvbit, avx, avx2, aes, erms, clmul, bmi1, bmi2, adx, sha, fma, vzeroupper, clflush, clflushopt, hv
Processor Information for all 12 processors :
  Max Mhz: 3301, Current Mhz: 3301, Mhz Limit: 3301

Memory: 4k page, system-wide physical 7518M (367M free)
TotalPageFile size 31070M (AvailPageFile size 6M)
current process WorkingSet (physical memory assigned to process): 105M, peak: 230M
current process commit charge ("private bytes"): 249M, peak: 275M

vm_info: OpenJDK 64-Bit Server VM (17.0.11+9) for windows-amd64 JRE (17.0.11+9), built on Apr 17 2024 06:07:48 by "admin" with MS VC++ 16.10 / 16.11 (VS2019)

END.
