#
# There is insufficient memory for the Java Runtime Environment to continue.
# Native memory allocation (malloc) failed to allocate 32744 bytes. Error detail: Chunk::new
# Possible reasons:
#   The system is out of physical RAM or swap space
#   This process is running with CompressedOops enabled, and the Java Heap may be blocking the growth of the native heap
# Possible solutions:
#   Reduce memory load on the system
#   Increase physical memory or swap space
#   Check if swap backing store is full
#   Decrease Java heap size (-Xmx/-Xms)
#   Decrease number of Java threads
#   Decrease Java thread stack sizes (-Xss)
#   Set larger code cache with -XX:ReservedCodeCacheSize=
#   JVM is running with Unscaled Compressed Oops mode in which the Java heap is
#     placed in the first 4GB address space. The Java Heap base address is the
#     maximum limit for the native heap growth. Please use -XX:HeapBaseMinAddress
#     to set the Java Heap base and to place the Java Heap above 4GB virtual address.
# This output file may be truncated or incomplete.
#
#  Out of Memory Error (arena.cpp:168), pid=24584, tid=28204
#
# JRE version: OpenJDK Runtime Environment Temurin-21.0.8+9 (21.0.8+9) (build 21.0.8+9-LTS)
# Java VM: OpenJDK 64-Bit Server VM Temurin-21.0.8+9 (21.0.8+9-LTS, mixed mode, sharing, tiered, compressed oops, compressed class ptrs, parallel gc, windows-amd64)
# No core dump will be written. Minidumps are not enabled by default on client versions of Windows
#

---------------  S U M M A R Y ------------

Command Line: --add-modules=ALL-SYSTEM --add-opens=java.base/java.util=ALL-UNNAMED --add-opens=java.base/java.lang=ALL-UNNAMED --add-opens=java.base/sun.nio.fs=ALL-UNNAMED -Declipse.application=org.eclipse.jdt.ls.core.id1 -Dosgi.bundles.defaultStartLevel=4 -Declipse.product=org.eclipse.jdt.ls.core.product -Djava.import.generatesMetadataFilesAtProjectRoot=false -DDetectVMInstallationsJob.disabled=true -Dfile.encoding=utf8 -XX:+UseParallelGC -XX:GCTimeRatio=4 -XX:AdaptiveSizePolicyWeight=90 -Dsun.zip.disableMemoryMapping=true -Xmx2G -Xms100m -Xlog:disable -javaagent:c:\Users\manuc\.vscode\extensions\redhat.java-1.47.0-win32-x64\lombok\lombok-1.18.39-4050.jar -XX:+HeapDumpOnOutOfMemoryError -XX:HeapDumpPath=c:\Users\manuc\AppData\Roaming\Code\User\workspaceStorage\f51a7fed16c578cf60c55cd66b129914\redhat.java -Daether.dependencyCollector.impl=bf c:\Users\manuc\.vscode\extensions\redhat.java-1.47.0-win32-x64\server\plugins\org.eclipse.equinox.launcher_1.7.100.v20251014-1222.jar -configuration c:\Users\manuc\AppData\Roaming\Code\User\globalStorage\redhat.java\1.47.0\config_win -data c:\Users\manuc\AppData\Roaming\Code\User\workspaceStorage\f51a7fed16c578cf60c55cd66b129914\redhat.java\jdt_ws --pipe=\\.\pipe\lsp-8d24651d4997945e9e57d4bbad4ed19d-sock

Host: AMD Ryzen 5 5600H with Radeon Graphics         , 12 cores, 7G,  Windows 11 , 64 bit Build 26100 (10.0.26100.7019)
Time: Sun Nov  9 11:30:36 2025 Hora estándar romance elapsed time: 4.253096 seconds (0d 0h 0m 4s)

---------------  T H R E A D  ---------------

Current thread (0x000002e49e6577b0):  JavaThread "C1 CompilerThread0" daemon [_thread_in_native, id=28204, stack(0x000000f02ae00000,0x000000f02af00000) (1024K)]


Current CompileTask:
C1:4253  872       3       jdk.internal.org.objectweb.asm.Type::getTypeInternal (218 bytes)

Stack: [0x000000f02ae00000,0x000000f02af00000]
Native frames: (J=compiled Java code, j=interpreted, Vv=VM code, C=native code)
V  [jvm.dll+0x6d2449]
V  [jvm.dll+0x8ae341]
V  [jvm.dll+0x8b08be]
V  [jvm.dll+0x8b0fa3]
V  [jvm.dll+0x280c96]
V  [jvm.dll+0xc581d]
V  [jvm.dll+0xc5d53]
V  [jvm.dll+0x15c833]
V  [jvm.dll+0x15a8d3]
V  [jvm.dll+0x159d46]
V  [jvm.dll+0x16067a]
V  [jvm.dll+0x15ebac]
V  [jvm.dll+0x167303]
V  [jvm.dll+0x166826]
V  [jvm.dll+0x15e408]
V  [jvm.dll+0x160689]
V  [jvm.dll+0x15eca5]
V  [jvm.dll+0x158bd7]
V  [jvm.dll+0x168426]
V  [jvm.dll+0x154030]
V  [jvm.dll+0x1543b3]
V  [jvm.dll+0x154684]
V  [jvm.dll+0x153ab6]
V  [jvm.dll+0x15588d]
V  [jvm.dll+0x257d4d]
V  [jvm.dll+0x2562ea]
V  [jvm.dll+0x3f2d16]
V  [jvm.dll+0x857e6b]
V  [jvm.dll+0x6d0b0d]
C  [ucrtbase.dll+0x37b0]
C  [KERNEL32.DLL+0x2e8d7]
C  [ntdll.dll+0x8c53c]


---------------  P R O C E S S  ---------------

Threads class SMR info:
_java_thread_list=0x000002e4f7696140, length=12, elements={
0x000002e49e5a3bb0, 0x000002e49e643380, 0x000002e49e54e6f0, 0x000002e49e645c10,
0x000002e49e647070, 0x000002e49e649140, 0x000002e49e6497d0, 0x000002e49e64f2c0,
0x000002e49e6577b0, 0x000002e49e648ab0, 0x000002e49e647700, 0x000002e4f7702820
}

Java Threads: ( => current thread )
  0x000002e49e5a3bb0 JavaThread "main"                              [_thread_in_Java, id=4576, stack(0x000000f02a300000,0x000000f02a400000) (1024K)]
  0x000002e49e643380 JavaThread "Reference Handler"          daemon [_thread_blocked, id=31028, stack(0x000000f02a700000,0x000000f02a800000) (1024K)]
  0x000002e49e54e6f0 JavaThread "Finalizer"                  daemon [_thread_blocked, id=20732, stack(0x000000f02a800000,0x000000f02a900000) (1024K)]
  0x000002e49e645c10 JavaThread "Signal Dispatcher"          daemon [_thread_blocked, id=8544, stack(0x000000f02a900000,0x000000f02aa00000) (1024K)]
  0x000002e49e647070 JavaThread "Attach Listener"            daemon [_thread_blocked, id=28164, stack(0x000000f02aa00000,0x000000f02ab00000) (1024K)]
  0x000002e49e649140 JavaThread "Service Thread"             daemon [_thread_blocked, id=27360, stack(0x000000f02ab00000,0x000000f02ac00000) (1024K)]
  0x000002e49e6497d0 JavaThread "Monitor Deflation Thread"   daemon [_thread_blocked, id=27308, stack(0x000000f02ac00000,0x000000f02ad00000) (1024K)]
  0x000002e49e64f2c0 JavaThread "C2 CompilerThread0"         daemon [_thread_in_native, id=28012, stack(0x000000f02ad00000,0x000000f02ae00000) (1024K)]
=>0x000002e49e6577b0 JavaThread "C1 CompilerThread0"         daemon [_thread_in_native, id=28204, stack(0x000000f02ae00000,0x000000f02af00000) (1024K)]
  0x000002e49e648ab0 JavaThread "Common-Cleaner"             daemon [_thread_blocked, id=1988, stack(0x000000f02af00000,0x000000f02b000000) (1024K)]
  0x000002e49e647700 JavaThread "Notification Thread"        daemon [_thread_blocked, id=21608, stack(0x000000f02b000000,0x000000f02b100000) (1024K)]
  0x000002e4f7702820 JavaThread "C2 CompilerThread1"         daemon [_thread_in_native, id=3476, stack(0x000000f02b100000,0x000000f02b200000) (1024K)]
Total: 12

Other Threads:
  0x000002e49c1eec20 VMThread "VM Thread"                           [id=32320, stack(0x000000f02a600000,0x000000f02a700000) (1024K)]
  0x000002e49e42ca10 WatcherThread "VM Periodic Task Thread"        [id=22040, stack(0x000000f02a500000,0x000000f02a600000) (1024K)]
  0x000002e49e5c1e10 WorkerThread "GC Thread#0"                     [id=18800, stack(0x000000f02a400000,0x000000f02a500000) (1024K)]
Total: 3

Threads with active compile tasks:
C2 CompilerThread0  5330  895       4       java.util.HashMap::put (13 bytes)
C1 CompilerThread0  5330  872       3       jdk.internal.org.objectweb.asm.Type::getTypeInternal (218 bytes)
C2 CompilerThread1  5331  676       4       lombok.patcher.scripts.MethodLevelPatchScript::patch (21 bytes)
Total: 3

VM state: not at safepoint (normal execution)

VM Mutex/Monitor currently owned by a thread: None

Heap address: 0x0000000080000000, size: 2048 MB, Compressed Oops mode: 32-bit

CDS archive(s) mapped at: [0x000002e4b5000000-0x000002e4b5ba0000-0x000002e4b5ba0000), size 12189696, SharedBaseAddress: 0x000002e4b5000000, ArchiveRelocationMode: 1.
Compressed class space mapped at: 0x000002e4b6000000-0x000002e4f6000000, reserved size: 1073741824
Narrow klass base: 0x000002e4b5000000, Narrow klass shift: 0, Narrow klass range: 0x100000000

GC Precious Log:
 CardTable entry size: 512
 CPUs: 12 total, 12 available
 Memory: 7518M
 Large Page Support: Disabled
 NUMA Support: Disabled
 Compressed Oops: Enabled (32-bit)
 Alignments: Space 512K, Generation 512K, Heap 2M
 Heap Min Capacity: 100M
 Heap Initial Capacity: 100M
 Heap Max Capacity: 2G
 Pre-touch: Disabled
 Parallel Workers: 10

Heap:
 PSYoungGen      total 29696K, used 18459K [0x00000000d5580000, 0x00000000d7680000, 0x0000000100000000)
  eden space 25600K, 72% used [0x00000000d5580000,0x00000000d6786de0,0x00000000d6e80000)
  from space 4096K, 0% used [0x00000000d7280000,0x00000000d7280000,0x00000000d7680000)
  to   space 4096K, 0% used [0x00000000d6e80000,0x00000000d6e80000,0x00000000d7280000)
 ParOldGen       total 68608K, used 0K [0x0000000080000000, 0x0000000084300000, 0x00000000d5580000)
  object space 68608K, 0% used [0x0000000080000000,0x0000000080000000,0x0000000084300000)
 Metaspace       used 3478K, committed 3712K, reserved 1114112K
  class space    used 388K, committed 512K, reserved 1048576K

Card table byte_map: [0x000002e49df40000,0x000002e49e350000] _byte_map_base: 0x000002e49db40000

Marking Bits: (ParMarkBitMap*) 0x00007ffb2ad6a340
 Begin Bits: [0x000002e4b0a40000, 0x000002e4b2a40000)
 End Bits:   [0x000002e4b2a40000, 0x000002e4b4a40000)

Polling page: 0x000002e49c340000

Metaspace:

Usage:
  Non-class:      3.02 MB used.
      Class:    388.46 KB used.
       Both:      3.40 MB used.

Virtual space:
  Non-class space:       64.00 MB reserved,       3.12 MB (  5%) committed,  1 nodes.
      Class space:        1.00 GB reserved,     512.00 KB ( <1%) committed,  1 nodes.
             Both:        1.06 GB reserved,       3.62 MB ( <1%) committed. 

Chunk freelists:
   Non-Class:  11.45 MB
       Class:  15.47 MB
        Both:  26.93 MB

MaxMetaspaceSize: unlimited
CompressedClassSpaceSize: 1.00 GB
Initial GC threshold: 21.00 MB
Current GC threshold: 21.00 MB
CDS: on
 - commit_granule_bytes: 65536.
 - commit_granule_words: 8192.
 - virtual_space_node_default_size: 8388608.
 - enlarge_chunks_in_place: 1.
 - use_allocation_guard: 0.


Internal statistics:

num_allocs_failed_limit: 0.
num_arena_births: 170.
num_arena_deaths: 0.
num_vsnodes_births: 2.
num_vsnodes_deaths: 0.
num_space_committed: 58.
num_space_uncommitted: 0.
num_chunks_returned_to_freelist: 0.
num_chunks_taken_from_freelist: 215.
num_chunk_merges: 0.
num_chunk_splits: 140.
num_chunks_enlarged: 77.
num_inconsistent_stats: 0.

CodeHeap 'non-profiled nmethods': size=120000Kb used=340Kb max_used=340Kb free=119659Kb
 bounds [0x000002e4a9260000, 0x000002e4a94d0000, 0x000002e4b0790000]
CodeHeap 'profiled nmethods': size=120000Kb used=1307Kb max_used=1307Kb free=118693Kb
 bounds [0x000002e4a1790000, 0x000002e4a1a00000, 0x000002e4a8cc0000]
CodeHeap 'non-nmethods': size=5760Kb used=1190Kb max_used=1206Kb free=4569Kb
 bounds [0x000002e4a8cc0000, 0x000002e4a8f30000, 0x000002e4a9260000]
CodeCache: size=245760Kb, used=2837Kb, max_used=2853Kb, free=242921Kb
 total_blobs=1332, nmethods=882, adapters=357, full_count=0
Compilation: enabled, stopped_count=0, restarted_count=0

Compilation events (20 events):
Event: 2.215 Thread 0x000002e49e6577b0 nmethod 860 0x000002e4a18d2810 code [0x000002e4a18d29e0, 0x000002e4a18d2e60]
Event: 2.215 Thread 0x000002e49e6577b0  859       3       java.lang.reflect.Modifier::isPrivate (12 bytes)
Event: 2.216 Thread 0x000002e49e6577b0 nmethod 859 0x000002e4a18d3010 code [0x000002e4a18d31a0, 0x000002e4a18d32e0]
Event: 2.216 Thread 0x000002e49e6577b0  861       3       java.lang.invoke.LambdaForm$NamedFunction::member (26 bytes)
Event: 2.216 Thread 0x000002e49e6577b0 nmethod 861 0x000002e4a18d3390 code [0x000002e4a18d3520, 0x000002e4a18d3640]
Event: 2.216 Thread 0x000002e49e6577b0  865       3       java.lang.invoke.DirectMethodHandle::<init> (148 bytes)
Event: 2.217 Thread 0x000002e49e6577b0 nmethod 865 0x000002e4a18d3710 code [0x000002e4a18d39e0, 0x000002e4a18d47a0]
Event: 2.217 Thread 0x000002e49e6577b0  867       3       java.lang.invoke.LambdaForm::useCount (61 bytes)
Event: 2.218 Thread 0x000002e49e6577b0 nmethod 867 0x000002e4a18d4c90 code [0x000002e4a18d4e60, 0x000002e4a18d51a8]
Event: 2.218 Thread 0x000002e49e6577b0  869       3       jdk.internal.org.objectweb.asm.SymbolTable$Entry::<init> (20 bytes)
Event: 2.218 Thread 0x000002e49e6577b0 nmethod 869 0x000002e4a18d5390 code [0x000002e4a18d5540, 0x000002e4a18d5698]
Event: 2.218 Thread 0x000002e49e6577b0  868       3       jdk.internal.org.objectweb.asm.Frame::pop (46 bytes)
Event: 2.219 Thread 0x000002e49e6577b0 nmethod 868 0x000002e4a18d5790 code [0x000002e4a18d5940, 0x000002e4a18d5ae0]
Event: 2.219 Thread 0x000002e49e6577b0  870       3       java.lang.invoke.MethodType::toMethodDescriptorString (28 bytes)
Event: 2.219 Thread 0x000002e49e6577b0 nmethod 870 0x000002e4a18d5b90 code [0x000002e4a18d5d40, 0x000002e4a18d5ee8]
Event: 2.219 Thread 0x000002e49e6577b0  866       3       jdk.internal.org.objectweb.asm.MethodVisitor::<init> (78 bytes)
Event: 2.220 Thread 0x000002e49e6577b0 nmethod 866 0x000002e4a18d5f90 code [0x000002e4a18d61c0, 0x000002e4a18d6918]
Event: 2.220 Thread 0x000002e49e6577b0  871       1       java.lang.String::value (5 bytes)
Event: 2.220 Thread 0x000002e49e6577b0 nmethod 871 0x000002e4a92af410 code [0x000002e4a92af5a0, 0x000002e4a92af668]
Event: 2.223 Thread 0x000002e49e6577b0  872       3       jdk.internal.org.objectweb.asm.Type::getTypeInternal (218 bytes)

GC Heap History (0 events):
No events

Dll operation events (8 events):
Event: 0.020 Loaded shared library c:\Users\manuc\.vscode\extensions\redhat.java-1.47.0-win32-x64\jre\21.0.8-win32-x86_64\bin\java.dll
Event: 0.213 Loaded shared library c:\Users\manuc\.vscode\extensions\redhat.java-1.47.0-win32-x64\jre\21.0.8-win32-x86_64\bin\zip.dll
Event: 0.265 Loaded shared library C:\Users\manuc\.vscode\extensions\redhat.java-1.47.0-win32-x64\jre\21.0.8-win32-x86_64\bin\instrument.dll
Event: 0.276 Loaded shared library C:\Users\manuc\.vscode\extensions\redhat.java-1.47.0-win32-x64\jre\21.0.8-win32-x86_64\bin\net.dll
Event: 0.280 Loaded shared library C:\Users\manuc\.vscode\extensions\redhat.java-1.47.0-win32-x64\jre\21.0.8-win32-x86_64\bin\nio.dll
Event: 0.291 Loaded shared library C:\Users\manuc\.vscode\extensions\redhat.java-1.47.0-win32-x64\jre\21.0.8-win32-x86_64\bin\zip.dll
Event: 0.373 Loaded shared library C:\Users\manuc\.vscode\extensions\redhat.java-1.47.0-win32-x64\jre\21.0.8-win32-x86_64\bin\jimage.dll
Event: 0.559 Loaded shared library c:\Users\manuc\.vscode\extensions\redhat.java-1.47.0-win32-x64\jre\21.0.8-win32-x86_64\bin\verify.dll

Deoptimization events (20 events):
Event: 1.043 Thread 0x000002e49e5a3bb0 DEOPT PACKING pc=0x000002e4a928189c sp=0x000000f02a3fbc00
Event: 1.043 Thread 0x000002e49e5a3bb0 DEOPT UNPACKING pc=0x000002e4a8d13aa2 sp=0x000000f02a3fbb70 mode 2
Event: 1.071 Thread 0x000002e49e5a3bb0 Uncommon trap: trap_request=0xffffffde fr.pc=0x000002e4a926fa60 relative=0x0000000000000900
Event: 1.071 Thread 0x000002e49e5a3bb0 Uncommon trap: reason=class_check action=maybe_recompile pc=0x000002e4a926fa60 method=java.util.HashMap.putVal(ILjava/lang/Object;Ljava/lang/Object;ZZ)Ljava/lang/Object; @ 91 c2
Event: 1.071 Thread 0x000002e49e5a3bb0 DEOPT PACKING pc=0x000002e4a926fa60 sp=0x000000f02a3fdf20
Event: 1.071 Thread 0x000002e49e5a3bb0 DEOPT UNPACKING pc=0x000002e4a8d13aa2 sp=0x000000f02a3fdee0 mode 2
Event: 1.071 Thread 0x000002e49e5a3bb0 Uncommon trap: trap_request=0xffffffde fr.pc=0x000002e4a926fa60 relative=0x0000000000000900
Event: 1.071 Thread 0x000002e49e5a3bb0 Uncommon trap: reason=class_check action=maybe_recompile pc=0x000002e4a926fa60 method=java.util.HashMap.putVal(ILjava/lang/Object;Ljava/lang/Object;ZZ)Ljava/lang/Object; @ 91 c2
Event: 1.071 Thread 0x000002e49e5a3bb0 DEOPT PACKING pc=0x000002e4a926fa60 sp=0x000000f02a3fe040
Event: 1.071 Thread 0x000002e49e5a3bb0 DEOPT UNPACKING pc=0x000002e4a8d13aa2 sp=0x000000f02a3fdfd0 mode 2
Event: 1.072 Thread 0x000002e49e5a3bb0 Uncommon trap: trap_request=0xffffffde fr.pc=0x000002e4a926fa60 relative=0x0000000000000900
Event: 1.072 Thread 0x000002e49e5a3bb0 Uncommon trap: reason=class_check action=maybe_recompile pc=0x000002e4a926fa60 method=java.util.HashMap.putVal(ILjava/lang/Object;Ljava/lang/Object;ZZ)Ljava/lang/Object; @ 91 c2
Event: 1.072 Thread 0x000002e49e5a3bb0 DEOPT PACKING pc=0x000002e4a926fa60 sp=0x000000f02a3fe040
Event: 1.072 Thread 0x000002e49e5a3bb0 DEOPT UNPACKING pc=0x000002e4a8d13aa2 sp=0x000000f02a3fdfd0 mode 2
Event: 2.172 Thread 0x000002e49e5a3bb0 Uncommon trap: trap_request=0xffffff45 fr.pc=0x000002e4a9293cd0 relative=0x00000000000005f0
Event: 2.172 Thread 0x000002e49e5a3bb0 Uncommon trap: reason=unstable_if action=reinterpret pc=0x000002e4a9293cd0 method=java.lang.AbstractStringBuilder.append(Ljava/lang/String;)Ljava/lang/AbstractStringBuilder; @ 1 c2
Event: 2.172 Thread 0x000002e49e5a3bb0 DEOPT PACKING pc=0x000002e4a9293cd0 sp=0x000000f02a3fdff0
Event: 2.172 Thread 0x000002e49e5a3bb0 DEOPT UNPACKING pc=0x000002e4a8d13aa2 sp=0x000000f02a3fdf80 mode 2
Event: 2.196 Thread 0x000002e49e5a3bb0 DEOPT PACKING pc=0x000002e4a18a4bdd sp=0x000000f02a3fd490
Event: 2.196 Thread 0x000002e49e5a3bb0 DEOPT UNPACKING pc=0x000002e4a8d14242 sp=0x000000f02a3fc908 mode 0

Classes loaded (20 events):
Event: 2.178 Loading class java/util/regex/Pattern$1MatcherIterator
Event: 2.179 Loading class java/util/regex/Pattern$1MatcherIterator done
Event: 2.181 Loading class java/util/ImmutableCollections$Access
Event: 2.181 Loading class java/util/ImmutableCollections$Access done
Event: 2.181 Loading class java/util/ImmutableCollections$Access$1
Event: 2.181 Loading class jdk/internal/access/JavaUtilCollectionAccess
Event: 2.181 Loading class jdk/internal/access/JavaUtilCollectionAccess done
Event: 2.181 Loading class java/util/ImmutableCollections$Access$1 done
Event: 2.183 Loading class java/util/stream/Nodes$SpinedNodeBuilder
Event: 2.184 Loading class java/util/stream/SpinedBuffer
Event: 2.184 Loading class java/util/stream/AbstractSpinedBuffer
Event: 2.184 Loading class java/util/stream/AbstractSpinedBuffer done
Event: 2.184 Loading class java/util/stream/SpinedBuffer done
Event: 2.184 Loading class java/util/stream/Nodes$SpinedNodeBuilder done
Event: 2.192 Loading class java/lang/invoke/DirectMethodHandle$Special
Event: 2.193 Loading class java/lang/invoke/DirectMethodHandle$Special done
Event: 2.207 Loading class java/util/stream/ReduceOps$2
Event: 2.207 Loading class java/util/stream/ReduceOps$2 done
Event: 2.207 Loading class java/util/stream/ReduceOps$2ReducingSink
Event: 2.208 Loading class java/util/stream/ReduceOps$2ReducingSink done

Classes unloaded (0 events):
No events

Classes redefined (0 events):
No events

Internal exceptions (20 events):
Event: 0.473 Thread 0x000002e49e5a3bb0 Exception <a 'java/lang/NoSuchMethodError'{0x00000000d59de820}: 'java.lang.Object java.lang.invoke.DirectMethodHandle$Holder.invokeStatic(java.lang.Object, java.lang.Object, java.lang.Object, java.lang.Object, int)'> (0x00000000d59de820) 
thrown [s\src\hotspot\share\interpreter\linkResolver.cpp, line 773]
Event: 0.481 Thread 0x000002e49e5a3bb0 Exception <a 'java/lang/NoSuchMethodError'{0x00000000d59e9cc8}: 'void java.lang.invoke.DelegatingMethodHandle$Holder.reinvoke_L(java.lang.Object, java.lang.Object, java.lang.Object, int, java.lang.Object)'> (0x00000000d59e9cc8) 
thrown [s\src\hotspot\share\interpreter\linkResolver.cpp, line 773]
Event: 0.486 Thread 0x000002e49e5a3bb0 Exception <a 'java/lang/NoSuchMethodError'{0x00000000d59fa618}: 'int java.lang.invoke.DirectMethodHandle$Holder.invokeSpecial(java.lang.Object, java.lang.Object, java.lang.Object)'> (0x00000000d59fa618) 
thrown [s\src\hotspot\share\interpreter\linkResolver.cpp, line 773]
Event: 0.488 Thread 0x000002e49e5a3bb0 Exception <a 'java/lang/NoSuchMethodError'{0x00000000d5a062d8}: 'java.lang.Object java.lang.invoke.DirectMethodHandle$Holder.invokeStatic(java.lang.Object, java.lang.Object, int)'> (0x00000000d5a062d8) 
thrown [s\src\hotspot\share\interpreter\linkResolver.cpp, line 773]
Event: 0.489 Thread 0x000002e49e5a3bb0 Exception <a 'java/lang/NoSuchMethodError'{0x00000000d5a0ac28}: 'void java.lang.invoke.DirectMethodHandle$Holder.invokeStatic(java.lang.Object, java.lang.Object, int, java.lang.Object)'> (0x00000000d5a0ac28) 
thrown [s\src\hotspot\share\interpreter\linkResolver.cpp, line 773]
Event: 0.491 Thread 0x000002e49e5a3bb0 Exception <a 'java/lang/NoSuchMethodError'{0x00000000d5a0e7b8}: 'void java.lang.invoke.DirectMethodHandle$Holder.invokeSpecial(java.lang.Object, java.lang.Object, java.lang.Object, int, java.lang.Object)'> (0x00000000d5a0e7b8) 
thrown [s\src\hotspot\share\interpreter\linkResolver.cpp, line 773]
Event: 0.492 Thread 0x000002e49e5a3bb0 Exception <a 'java/lang/NoSuchMethodError'{0x00000000d5a11c28}: 'void java.lang.invoke.DelegatingMethodHandle$Holder.delegate(java.lang.Object, java.lang.Object, int, java.lang.Object)'> (0x00000000d5a11c28) 
thrown [s\src\hotspot\share\interpreter\linkResolver.cpp, line 773]
Event: 0.627 Thread 0x000002e49e5a3bb0 Exception <a 'java/lang/NoSuchMethodError'{0x00000000d5bd2eb0}: 'void java.lang.invoke.DelegatingMethodHandle$Holder.reinvoke_L(java.lang.Object, java.lang.Object, java.lang.Object, int)'> (0x00000000d5bd2eb0) 
thrown [s\src\hotspot\share\interpreter\linkResolver.cpp, line 773]
Event: 0.904 Thread 0x000002e49e5a3bb0 Exception <a 'java/lang/NoSuchMethodError'{0x00000000d605ed10}: 'void java.lang.invoke.DirectMethodHandle$Holder.invokeVirtual(java.lang.Object, java.lang.Object)'> (0x00000000d605ed10) 
thrown [s\src\hotspot\share\interpreter\linkResolver.cpp, line 773]
Event: 2.135 Thread 0x000002e49e5a3bb0 Exception <a 'java/lang/NoSuchMethodError'{0x00000000d6440fd0}: 'void java.lang.invoke.DirectMethodHandle$Holder.invokeStatic(java.lang.Object, java.lang.Object)'> (0x00000000d6440fd0) 
thrown [s\src\hotspot\share\interpreter\linkResolver.cpp, line 773]
Event: 2.141 Thread 0x000002e49e5a3bb0 Exception <a 'java/lang/ClassNotFoundException'{0x00000000d6469148}: sun/net/www/protocol/c/Handler> (0x00000000d6469148) 
thrown [s\src\hotspot\share\classfile\systemDictionary.cpp, line 312]
Event: 2.163 Thread 0x000002e49e5a3bb0 Exception <a 'java/io/FileNotFoundException'{0x00000000d64c6f88}> (0x00000000d64c6f88) 
thrown [s\src\hotspot\share\prims\jni.cpp, line 520]
Event: 2.164 Thread 0x000002e49e5a3bb0 Exception <a 'java/io/FileNotFoundException'{0x00000000d64c8328}> (0x00000000d64c8328) 
thrown [s\src\hotspot\share\prims\jni.cpp, line 520]
Event: 2.164 Thread 0x000002e49e5a3bb0 Exception <a 'java/io/FileNotFoundException'{0x00000000d64c8fd8}> (0x00000000d64c8fd8) 
thrown [s\src\hotspot\share\prims\jni.cpp, line 520]
Event: 2.165 Thread 0x000002e49e5a3bb0 Exception <a 'java/io/FileNotFoundException'{0x00000000d64c9b50}> (0x00000000d64c9b50) 
thrown [s\src\hotspot\share\prims\jni.cpp, line 520]
Event: 2.172 Thread 0x000002e49e5a3bb0 Implicit null exception at 0x000002e4a9293724 to 0x000002e4a9293cb8
Event: 2.177 Thread 0x000002e49e5a3bb0 Exception <a 'java/io/FileNotFoundException'{0x00000000d6503d18}> (0x00000000d6503d18) 
thrown [s\src\hotspot\share\prims\jni.cpp, line 520]
Event: 2.194 Thread 0x000002e49e5a3bb0 Exception <a 'java/lang/NoSuchMethodError'{0x00000000d653ef98}: 'java.lang.Object java.lang.invoke.DirectMethodHandle$Holder.invokeInterface(java.lang.Object, java.lang.Object)'> (0x00000000d653ef98) 
thrown [s\src\hotspot\share\interpreter\linkResolver.cpp, line 773]
Event: 2.200 Thread 0x000002e49e5a3bb0 Exception <a 'java/lang/NoSuchMethodError'{0x00000000d65525a8}: 'java.lang.Object java.lang.invoke.Invokers$Holder.invokeExact_MT(java.lang.Object, java.lang.Object, java.lang.Object, java.lang.Object, java.lang.Object, java.lang.Object)'> (0x00000000d65525a8) 
thrown [s\src\hotspot\share\interpreter\linkResolver.cpp, line 773]
Event: 2.206 Thread 0x000002e49e5a3bb0 Exception <a 'java/lang/NoSuchMethodError'{0x00000000d6569800}: 'int java.lang.invoke.DirectMethodHandle$Holder.invokeStatic(java.lang.Object, java.lang.Object, java.lang.Object, java.lang.Object, java.lang.Object)'> (0x00000000d6569800) 
thrown [s\src\hotspot\share\interpreter\linkResolver.cpp, line 773]

ZGC Phase Switch (0 events):
No events

VM Operations (14 events):
Event: 0.208 Executing VM operation: HandshakeAllThreads (Deoptimize)
Event: 0.208 Executing VM operation: HandshakeAllThreads (Deoptimize) done
Event: 0.402 Executing VM operation: HandshakeAllThreads (Deoptimize)
Event: 0.402 Executing VM operation: HandshakeAllThreads (Deoptimize) done
Event: 1.090 Executing VM operation: HandshakeAllThreads (Deoptimize)
Event: 1.090 Executing VM operation: HandshakeAllThreads (Deoptimize) done
Event: 1.090 Executing VM operation: Cleanup
Event: 1.090 Executing VM operation: Cleanup done
Event: 2.130 Executing VM operation: HandshakeAllThreads (Deoptimize)
Event: 2.130 Executing VM operation: HandshakeAllThreads (Deoptimize) done
Event: 2.130 Executing VM operation: Cleanup
Event: 2.130 Executing VM operation: Cleanup done
Event: 3.134 Executing VM operation: Cleanup
Event: 3.134 Executing VM operation: Cleanup done

Memory protections (0 events):
No events

Nmethod flushes (0 events):
No events

Events (12 events):
Event: 0.047 Thread 0x000002e49e5a3bb0 Thread added: 0x000002e49e5a3bb0
Event: 0.092 Thread 0x000002e49e5a3bb0 Thread added: 0x000002e49e643380
Event: 0.092 Thread 0x000002e49e5a3bb0 Thread added: 0x000002e49e54e6f0
Event: 0.092 Thread 0x000002e49e5a3bb0 Thread added: 0x000002e49e645c10
Event: 0.093 Thread 0x000002e49e5a3bb0 Thread added: 0x000002e49e647070
Event: 0.093 Thread 0x000002e49e5a3bb0 Thread added: 0x000002e49e649140
Event: 0.093 Thread 0x000002e49e5a3bb0 Thread added: 0x000002e49e6497d0
Event: 0.093 Thread 0x000002e49e5a3bb0 Thread added: 0x000002e49e64f2c0
Event: 0.094 Thread 0x000002e49e5a3bb0 Thread added: 0x000002e49e6577b0
Event: 0.160 Thread 0x000002e49e5a3bb0 Thread added: 0x000002e49e648ab0
Event: 0.761 Thread 0x000002e49e5a3bb0 Thread added: 0x000002e49e647700
Event: 2.105 Thread 0x000002e49e6577b0 Thread added: 0x000002e4f7702820


Dynamic libraries:
0x00007ff787d20000 - 0x00007ff787d2e000 	c:\Users\manuc\.vscode\extensions\redhat.java-1.47.0-win32-x64\jre\21.0.8-win32-x86_64\bin\java.exe
0x00007ffbda9c0000 - 0x00007ffbdac28000 	C:\WINDOWS\SYSTEM32\ntdll.dll
0x00007ffbd9560000 - 0x00007ffbd9629000 	C:\WINDOWS\System32\KERNEL32.DLL
0x00007ffbd7f30000 - 0x00007ffbd8328000 	C:\WINDOWS\System32\KERNELBASE.dll
0x00007ffbd7c80000 - 0x00007ffbd7dcb000 	C:\WINDOWS\System32\ucrtbase.dll
0x00007ffb97bb0000 - 0x00007ffb97bce000 	c:\Users\manuc\.vscode\extensions\redhat.java-1.47.0-win32-x64\jre\21.0.8-win32-x86_64\bin\VCRUNTIME140.dll
0x00007ffb9dc50000 - 0x00007ffb9dc68000 	c:\Users\manuc\.vscode\extensions\redhat.java-1.47.0-win32-x64\jre\21.0.8-win32-x86_64\bin\jli.dll
0x00007ffbd8e30000 - 0x00007ffbd8ff7000 	C:\WINDOWS\System32\USER32.dll
0x00007ffbd8730000 - 0x00007ffbd8757000 	C:\WINDOWS\System32\win32u.dll
0x00007ffbd8990000 - 0x00007ffbd89bb000 	C:\WINDOWS\System32\GDI32.dll
0x00007ffbb75f0000 - 0x00007ffbb7884000 	C:\WINDOWS\WinSxS\amd64_microsoft.windows.common-controls_6595b64144ccf1df_6.0.26100.7019_none_3e06ffa0e335b8a8\COMCTL32.dll
0x00007ffbd9000000 - 0x00007ffbd90a9000 	C:\WINDOWS\System32\msvcrt.dll
0x00007ffbd8570000 - 0x00007ffbd869c000 	C:\WINDOWS\System32\gdi32full.dll
0x00007ffbd7e80000 - 0x00007ffbd7f23000 	C:\WINDOWS\System32\msvcp_win.dll
0x00007ffbd9b10000 - 0x00007ffbd9b41000 	C:\WINDOWS\System32\IMM32.DLL
0x00007ffbc8f40000 - 0x00007ffbc8f4c000 	c:\Users\manuc\.vscode\extensions\redhat.java-1.47.0-win32-x64\jre\21.0.8-win32-x86_64\bin\vcruntime140_1.dll
0x00007ffb5db90000 - 0x00007ffb5dc1d000 	c:\Users\manuc\.vscode\extensions\redhat.java-1.47.0-win32-x64\jre\21.0.8-win32-x86_64\bin\msvcp140.dll
0x00007ffb2a0b0000 - 0x00007ffb2ae47000 	c:\Users\manuc\.vscode\extensions\redhat.java-1.47.0-win32-x64\jre\21.0.8-win32-x86_64\bin\server\jvm.dll
0x00007ffbda8c0000 - 0x00007ffbda974000 	C:\WINDOWS\System32\ADVAPI32.dll
0x00007ffbd8d80000 - 0x00007ffbd8e26000 	C:\WINDOWS\System32\sechost.dll
0x00007ffbd9630000 - 0x00007ffbd9748000 	C:\WINDOWS\System32\RPCRT4.dll
0x00007ffbd9ef0000 - 0x00007ffbd9f64000 	C:\WINDOWS\System32\WS2_32.dll
0x00007ffbd7970000 - 0x00007ffbd79ce000 	C:\WINDOWS\SYSTEM32\POWRPROF.dll
0x00007ffbcefa0000 - 0x00007ffbcefd5000 	C:\WINDOWS\SYSTEM32\WINMM.dll
0x00007ffbd0bf0000 - 0x00007ffbd0bfb000 	C:\WINDOWS\SYSTEM32\VERSION.dll
0x00007ffbd7950000 - 0x00007ffbd7964000 	C:\WINDOWS\SYSTEM32\UMPDC.dll
0x00007ffbd6890000 - 0x00007ffbd68ab000 	C:\WINDOWS\SYSTEM32\kernel.appcore.dll
0x00007ffbbe8f0000 - 0x00007ffbbe8fa000 	c:\Users\manuc\.vscode\extensions\redhat.java-1.47.0-win32-x64\jre\21.0.8-win32-x86_64\bin\jimage.dll
0x00007ffbc92b0000 - 0x00007ffbc94f2000 	C:\WINDOWS\SYSTEM32\DBGHELP.DLL
0x00007ffbd9b60000 - 0x00007ffbd9eeb000 	C:\WINDOWS\System32\combase.dll
0x00007ffbd8ca0000 - 0x00007ffbd8d77000 	C:\WINDOWS\System32\OLEAUT32.dll
0x00007ffbb7370000 - 0x00007ffbb73ac000 	C:\WINDOWS\SYSTEM32\dbgcore.DLL
0x00007ffbd7dd0000 - 0x00007ffbd7e75000 	C:\WINDOWS\System32\bcryptPrimitives.dll
0x00007ffbac030000 - 0x00007ffbac03f000 	c:\Users\manuc\.vscode\extensions\redhat.java-1.47.0-win32-x64\jre\21.0.8-win32-x86_64\bin\instrument.dll
0x00007ffb97b90000 - 0x00007ffb97baf000 	c:\Users\manuc\.vscode\extensions\redhat.java-1.47.0-win32-x64\jre\21.0.8-win32-x86_64\bin\java.dll
0x00007ffbd9f70000 - 0x00007ffbda6c1000 	C:\WINDOWS\System32\SHELL32.dll
0x00007ffbd7b10000 - 0x00007ffbd7c7b000 	C:\WINDOWS\System32\wintypes.dll
0x00007ffbd56f0000 - 0x00007ffbd5f4d000 	C:\WINDOWS\SYSTEM32\windows.storage.dll
0x00007ffbd8890000 - 0x00007ffbd8982000 	C:\WINDOWS\System32\SHCORE.dll
0x00007ffbd98b0000 - 0x00007ffbd9917000 	C:\WINDOWS\System32\shlwapi.dll
0x00007ffbd7a30000 - 0x00007ffbd7a59000 	C:\WINDOWS\SYSTEM32\profapi.dll
0x00007ffb8bc40000 - 0x00007ffb8bc58000 	c:\Users\manuc\.vscode\extensions\redhat.java-1.47.0-win32-x64\jre\21.0.8-win32-x86_64\bin\zip.dll
0x00007ffbaa370000 - 0x00007ffbaa380000 	C:\Users\manuc\.vscode\extensions\redhat.java-1.47.0-win32-x64\jre\21.0.8-win32-x86_64\bin\net.dll
0x00007ffbd0920000 - 0x00007ffbd0a48000 	C:\WINDOWS\SYSTEM32\WINHTTP.dll
0x00007ffbd6de0000 - 0x00007ffbd6e4b000 	C:\WINDOWS\system32\mswsock.dll
0x00007ffb8b090000 - 0x00007ffb8b0a6000 	C:\Users\manuc\.vscode\extensions\redhat.java-1.47.0-win32-x64\jre\21.0.8-win32-x86_64\bin\nio.dll
0x00007ffb9e730000 - 0x00007ffb9e740000 	c:\Users\manuc\.vscode\extensions\redhat.java-1.47.0-win32-x64\jre\21.0.8-win32-x86_64\bin\verify.dll

JVMTI agents:
c:\Users\manuc\.vscode\extensions\redhat.java-1.47.0-win32-x64\lombok\lombok-1.18.39-4050.jar path:c:\Users\manuc\.vscode\extensions\redhat.java-1.47.0-win32-x64\jre\21.0.8-win32-x86_64\bin\instrument.dll, loaded, initialized, instrumentlib options:none

dbghelp: loaded successfully - version: 4.0.5 - missing functions: none
symbol engine: initialized successfully - sym options: 0x614 - pdb path: .;c:\Users\manuc\.vscode\extensions\redhat.java-1.47.0-win32-x64\jre\21.0.8-win32-x86_64\bin;C:\WINDOWS\SYSTEM32;C:\WINDOWS\WinSxS\amd64_microsoft.windows.common-controls_6595b64144ccf1df_6.0.26100.7019_none_3e06ffa0e335b8a8;c:\Users\manuc\.vscode\extensions\redhat.java-1.47.0-win32-x64\jre\21.0.8-win32-x86_64\bin\server

VM Arguments:
jvm_args: --add-modules=ALL-SYSTEM --add-opens=java.base/java.util=ALL-UNNAMED --add-opens=java.base/java.lang=ALL-UNNAMED --add-opens=java.base/sun.nio.fs=ALL-UNNAMED -Declipse.application=org.eclipse.jdt.ls.core.id1 -Dosgi.bundles.defaultStartLevel=4 -Declipse.product=org.eclipse.jdt.ls.core.product -Djava.import.generatesMetadataFilesAtProjectRoot=false -DDetectVMInstallationsJob.disabled=true -Dfile.encoding=utf8 -XX:+UseParallelGC -XX:GCTimeRatio=4 -XX:AdaptiveSizePolicyWeight=90 -Dsun.zip.disableMemoryMapping=true -Xmx2G -Xms100m -Xlog:disable -javaagent:c:\Users\manuc\.vscode\extensions\redhat.java-1.47.0-win32-x64\lombok\lombok-1.18.39-4050.jar -XX:+HeapDumpOnOutOfMemoryError -XX:HeapDumpPath=c:\Users\manuc\AppData\Roaming\Code\User\workspaceStorage\f51a7fed16c578cf60c55cd66b129914\redhat.java -Daether.dependencyCollector.impl=bf 
java_command: c:\Users\manuc\.vscode\extensions\redhat.java-1.47.0-win32-x64\server\plugins\org.eclipse.equinox.launcher_1.7.100.v20251014-1222.jar -configuration c:\Users\manuc\AppData\Roaming\Code\User\globalStorage\redhat.java\1.47.0\config_win -data c:\Users\manuc\AppData\Roaming\Code\User\workspaceStorage\f51a7fed16c578cf60c55cd66b129914\redhat.java\jdt_ws --pipe=\\.\pipe\lsp-8d24651d4997945e9e57d4bbad4ed19d-sock
java_class_path (initial): c:\Users\manuc\.vscode\extensions\redhat.java-1.47.0-win32-x64\server\plugins\org.eclipse.equinox.launcher_1.7.100.v20251014-1222.jar
Launcher Type: SUN_STANDARD

[Global flags]
    uintx AdaptiveSizePolicyWeight                 = 90                                        {product} {command line}
     intx CICompilerCount                          = 4                                         {product} {ergonomic}
    uintx GCTimeRatio                              = 4                                         {product} {command line}
     bool HeapDumpOnOutOfMemoryError               = true                                   {manageable} {command line}
    ccstr HeapDumpPath                             = c:\Users\manuc\AppData\Roaming\Code\User\workspaceStorage\f51a7fed16c578cf60c55cd66b129914\redhat.java         {manageable} {command line}
   size_t InitialHeapSize                          = 104857600                                 {product} {command line}
   size_t MaxHeapSize                              = 2147483648                                {product} {command line}
   size_t MaxNewSize                               = 715653120                                 {product} {ergonomic}
   size_t MinHeapDeltaBytes                        = 524288                                    {product} {ergonomic}
   size_t MinHeapSize                              = 104857600                                 {product} {command line}
   size_t NewSize                                  = 34603008                                  {product} {ergonomic}
    uintx NonNMethodCodeHeapSize                   = 5839372                                {pd product} {ergonomic}
    uintx NonProfiledCodeHeapSize                  = 122909434                              {pd product} {ergonomic}
   size_t OldSize                                  = 70254592                                  {product} {ergonomic}
    uintx ProfiledCodeHeapSize                     = 122909434                              {pd product} {ergonomic}
    uintx ReservedCodeCacheSize                    = 251658240                              {pd product} {ergonomic}
     bool SegmentedCodeCache                       = true                                      {product} {ergonomic}
   size_t SoftMaxHeapSize                          = 2147483648                             {manageable} {ergonomic}
     bool UseCompressedOops                        = true                           {product lp64_product} {ergonomic}
     bool UseLargePagesIndividualAllocation        = false                                  {pd product} {ergonomic}
     bool UseParallelGC                            = true                                      {product} {command line}

Logging:
Log output configuration:
 #0: stdout all=off uptime,level,tags foldmultilines=false
 #1: stderr all=off uptime,level,tags foldmultilines=false

Environment Variables:
JAVA_HOME=C:\Program Files\Java\jdk-23
PATH=C:\app\manuc\product\21c\dbhomeXE\bin;C:\Program Files\Java\jdk-23\bin;C:\apache-maven-3.9.9\bin;C:\Program Files\Common Files\Oracle\Java\javapath;C:\Program Files (x86)\Common Files\Oracle\Java\java8path;C:\Program Files (x86)\Common Files\Oracle\Java\javapath;C:\Windows\system32;C:\Windows;C:\Windows\System32\Wbem;C:\Windows\System32\WindowsPowerShell\v1.0\;C:\Windows\System32\OpenSSH\;C:\Program Files\NVIDIA Corporation\NVIDIA NvDLISR;C:\Program Files (x86)\NVIDIA Corporation\PhysX\Common;C:\Program Files (x86)\HP\Common\HPDestPlgIn\;C:\Program Files\Microsoft SQL Server\150\Tools\Binn\;C:\Program Files\Microsoft SQL Server\Client SDK\ODBC\170\Tools\Binn\;C:\Program Files\Git\cmd;C:\Strawberry\c\bin;C:\Strawberry\perl\site\bin;C:\Strawberry\perl\bin;C:\Program Files\dotnet\;C:\WINDOWS\system32;C:\WINDOWS;C:\WINDOWS\System32\Wbem;C:\WINDOWS\System32\WindowsPowerShell\v1.0\;C:\WINDOWS\System32\OpenSSH\;C:\Program Files (x86)\Microsoft SQL Server\160\Tools\Binn\;C:\Program Files\Microsoft SQL Server\160\Tools\Binn\;C:\Program Files\Microsoft SQL Server\160\DTS\Binn\;C:\Program Files (x86)\Microsoft SQL Server\160\DTS\Binn\;C:\Program Files\nodejs\;C:\sonarqube\sonar-scanner-cli-7.2.0.5079-windows-x64\sonar-scanner-7.2.0.5079-windows-x64\bin;C:\Program Files\OpenSSL-Win64\bin;$env:PATH“
USERNAME=manuc
OS=Windows_NT
PROCESSOR_IDENTIFIER=AMD64 Family 25 Model 80 Stepping 0, AuthenticAMD
TMP=C:\Users\manuc\AppData\Local\Temp
TEMP=C:\Users\manuc\AppData\Local\Temp




Periodic native trim disabled

---------------  S Y S T E M  ---------------

OS:
 Windows 11 , 64 bit Build 26100 (10.0.26100.7019)
OS uptime: 3 days 1:03 hours
Hyper-V role detected

CPU: total 12 (initial active 12) (12 cores per cpu, 2 threads per core) family 25 model 80 stepping 0 microcode 0xa50000f, cx8, cmov, fxsr, ht, mmx, 3dnowpref, sse, sse2, sse3, ssse3, sse4a, sse4.1, sse4.2, popcnt, lzcnt, tsc, tscinvbit, avx, avx2, aes, erms, clmul, bmi1, bmi2, adx, sha, fma, vzeroupper, clflush, clflushopt, hv, rdtscp, rdpid, fsrm, f16c, cet_ss
Processor Information for processor 0
  Max Mhz: 3301, Current Mhz: 1908, Mhz Limit: 3301
Processor Information for processor 1
  Max Mhz: 3301, Current Mhz: 1908, Mhz Limit: 3301
Processor Information for processor 2
  Max Mhz: 3301, Current Mhz: 1908, Mhz Limit: 3301
Processor Information for processor 3
  Max Mhz: 3301, Current Mhz: 1908, Mhz Limit: 3301
Processor Information for processor 4
  Max Mhz: 3301, Current Mhz: 1908, Mhz Limit: 3301
Processor Information for processor 5
  Max Mhz: 3301, Current Mhz: 1908, Mhz Limit: 3301
Processor Information for processor 6
  Max Mhz: 3301, Current Mhz: 1908, Mhz Limit: 3301
Processor Information for processor 7
  Max Mhz: 3301, Current Mhz: 1908, Mhz Limit: 3301
Processor Information for processor 8
  Max Mhz: 3301, Current Mhz: 1908, Mhz Limit: 3301
Processor Information for processor 9
  Max Mhz: 3301, Current Mhz: 1908, Mhz Limit: 3301
Processor Information for processor 10
  Max Mhz: 3301, Current Mhz: 1805, Mhz Limit: 3301
Processor Information for processor 11
  Max Mhz: 3301, Current Mhz: 1805, Mhz Limit: 3301

Memory: 4k page, system-wide physical 7518M (566M free)
TotalPageFile size 31070M (AvailPageFile size 13M)
current process WorkingSet (physical memory assigned to process): 67M, peak: 67M
current process commit charge ("private bytes"): 239M, peak: 239M

vm_info: OpenJDK 64-Bit Server VM (21.0.8+9-LTS) for windows-amd64 JRE (21.0.8+9-LTS), built on 2025-07-15T00:00:00Z by "admin" with MS VC++ 17.7 (VS2022)

END.
