#
# There is insufficient memory for the Java Runtime Environment to continue.
# Native memory allocation (malloc) failed to allocate 1396336 bytes. Error detail: Chunk::new
# Possible reasons:
#   The system is out of physical RAM or swap space
#   This process is running with CompressedOops enabled, and the Java Heap may be blocking the growth of the native heap
# Possible solutions:
#   Reduce memory load on the system
#   Increase physical memory or swap space
#   Check if swap backing store is full
#   Decrease Java heap size (-Xmx/-Xms)
#   Decrease number of Java threads
#   Decrease Java thread stack sizes (-Xss)
#   Set larger code cache with -XX:ReservedCodeCacheSize=
#   JVM is running with Unscaled Compressed Oops mode in which the Java heap is
#     placed in the first 4GB address space. The Java Heap base address is the
#     maximum limit for the native heap growth. Please use -XX:HeapBaseMinAddress
#     to set the Java Heap base and to place the Java Heap above 4GB virtual address.
# This output file may be truncated or incomplete.
#
#  Out of Memory Error (arena.cpp:191), pid=24172, tid=15712
#
# JRE version: OpenJDK Runtime Environment Temurin-17.0.11+9 (17.0.11+9) (build 17.0.11+9)
# Java VM: OpenJDK 64-Bit Server VM Temurin-17.0.11+9 (17.0.11+9, mixed mode, sharing, tiered, compressed oops, compressed class ptrs, g1 gc, windows-amd64)
# No core dump will be written. Minidumps are not enabled by default on client versions of Windows
#

---------------  S U M M A R Y ------------

Command Line: -Dorg.bouncycastle.pkcs12.ignore_useless_passwd=true C:\Users\manuc\.sonar\cache\2df641182fdb086f2742d159a7c020a8e93583fc618666f9d2245c7f9df82d7e\sonar-scanner-engine-shaded-10.6.0.92116-all.jar

Host: AMD Ryzen 5 5600H with Radeon Graphics         , 12 cores, 7G,  Windows 11 , 64 bit Build 26100 (10.0.26100.7019)
Time: Sun Nov  9 13:18:54 2025 Hora estándar romance elapsed time: 97.768056 seconds (0d 0h 1m 37s)

---------------  T H R E A D  ---------------

Current thread (0x0000022061ed0290):  JavaThread "C2 CompilerThread1" daemon [_thread_in_native, id=15712, stack(0x000000791b100000,0x000000791b200000)]


Current CompileTask:
C2:  97768 9427       4       java.util.function.Predicate$$Lambda$662/0x00000220012f9f08::test (15 bytes)

Stack: [0x000000791b100000,0x000000791b200000]
Native frames: (J=compiled Java code, j=interpreted, Vv=VM code, C=native code)
V  [jvm.dll+0x67d429]
V  [jvm.dll+0x834b7a]
V  [jvm.dll+0x83663e]
V  [jvm.dll+0x836ca3]
V  [jvm.dll+0x247dbf]
V  [jvm.dll+0xac534]
V  [jvm.dll+0xacb7c]
V  [jvm.dll+0x3665f2]
V  [jvm.dll+0x330bba]
V  [jvm.dll+0x33005a]
V  [jvm.dll+0x21a471]
V  [jvm.dll+0x2198b1]
V  [jvm.dll+0x1a534d]
V  [jvm.dll+0x2295cd]
V  [jvm.dll+0x22779c]
V  [jvm.dll+0x7e9d07]
V  [jvm.dll+0x7e410a]
V  [jvm.dll+0x67c315]
C  [ucrtbase.dll+0x37b0]
C  [KERNEL32.DLL+0x2e8d7]
C  [ntdll.dll+0x8c53c]


---------------  P R O C E S S  ---------------

Threads class SMR info:
_java_thread_list=0x0000022069b6e200, length=49, elements={
0x00000220445a9430, 0x00000220611ed4f0, 0x00000220611edeb0, 0x0000022061205030,
0x0000022061205900, 0x0000022061206a60, 0x0000022061208bd0, 0x000002206120fa50,
0x0000022061238530, 0x0000022061238f30, 0x0000022061d4c930, 0x0000022061d63690,
0x000002206768d7d0, 0x000002206768ec10, 0x0000022069fc95d0, 0x0000022069fc90c0,
0x0000022069fc6d50, 0x0000022069fc7770, 0x0000022069fc86a0, 0x0000022069fc7c80,
0x0000022069fc8bb0, 0x000002206768f120, 0x000002206773eb50, 0x0000022061ed0290,
0x000002206773f060, 0x000002206773f570, 0x000002206773ff90, 0x000002206773e130,
0x00000220677404a0, 0x000002206773fa80, 0x000002206773ccf0, 0x0000022067744160,
0x0000022067742300, 0x00000220677409b0, 0x0000022067742d20, 0x0000022067744670,
0x0000022067740ec0, 0x00000220677413d0, 0x00000220677418e0, 0x0000022067743230,
0x0000022067742810, 0x0000022067741df0, 0x0000022067743740, 0x0000022067743c50,
0x0000022061dd6fc0, 0x0000022061dd74d0, 0x0000022061dd65a0, 0x0000022061dda260,
0x0000022061dd79e0
}

Java Threads: ( => current thread )
  0x00000220445a9430 JavaThread "main" [_thread_blocked, id=17776, stack(0x0000007918800000,0x0000007918900000)]
  0x00000220611ed4f0 JavaThread "Reference Handler" daemon [_thread_blocked, id=29008, stack(0x0000007918f00000,0x0000007919000000)]
  0x00000220611edeb0 JavaThread "Finalizer" daemon [_thread_blocked, id=27592, stack(0x0000007919000000,0x0000007919100000)]
  0x0000022061205030 JavaThread "Signal Dispatcher" daemon [_thread_blocked, id=30016, stack(0x0000007919100000,0x0000007919200000)]
  0x0000022061205900 JavaThread "Attach Listener" daemon [_thread_blocked, id=4196, stack(0x0000007919200000,0x0000007919300000)]
  0x0000022061206a60 JavaThread "Service Thread" daemon [_thread_blocked, id=13028, stack(0x0000007919300000,0x0000007919400000)]
  0x0000022061208bd0 JavaThread "Monitor Deflation Thread" daemon [_thread_blocked, id=21180, stack(0x0000007919400000,0x0000007919500000)]
  0x000002206120fa50 JavaThread "C2 CompilerThread0" daemon [_thread_in_native, id=13660, stack(0x0000007919500000,0x0000007919600000)]
  0x0000022061238530 JavaThread "C1 CompilerThread0" daemon [_thread_blocked, id=30524, stack(0x0000007919600000,0x0000007919700000)]
  0x0000022061238f30 JavaThread "Sweeper thread" daemon [_thread_blocked, id=30564, stack(0x0000007919700000,0x0000007919800000)]
  0x0000022061d4c930 JavaThread "Notification Thread" daemon [_thread_blocked, id=10688, stack(0x0000007919800000,0x0000007919900000)]
  0x0000022061d63690 JavaThread "Common-Cleaner" daemon [_thread_blocked, id=27368, stack(0x0000007919a00000,0x0000007919b00000)]
  0x000002206768d7d0 JavaThread "OkHttp TaskRunner" daemon [_thread_blocked, id=5400, stack(0x000000791a600000,0x000000791a700000)]
  0x000002206768ec10 JavaThread "Okio Watchdog" daemon [_thread_blocked, id=25192, stack(0x0000007919b00000,0x0000007919c00000)]
  0x0000022069fc95d0 JavaThread "JGit-WorkQueue" daemon [_thread_blocked, id=28012, stack(0x000000791ad00000,0x000000791ae00000)]
  0x0000022069fc90c0 JavaThread "HttpClient-1-SelectorManager" daemon [_thread_in_native, id=2552, stack(0x000000791ab00000,0x000000791ac00000)]
  0x0000022069fc6d50 JavaThread "nodejs-stream-consumer" daemon [_thread_in_native, id=29864, stack(0x0000007918500000,0x0000007918600000)]
  0x0000022069fc7770 JavaThread "nodejs-stream-consumer" daemon [_thread_in_native, id=6176, stack(0x0000007918700000,0x0000007918800000)]
  0x0000022069fc86a0 JavaThread "HttpClient-1-Worker-0" daemon [_thread_blocked, id=30020, stack(0x000000791ac00000,0x000000791ad00000)]
  0x0000022069fc7c80 JavaThread "HttpClient-1-Worker-1" daemon [_thread_blocked, id=11704, stack(0x000000791ae00000,0x000000791af00000)]
  0x0000022069fc8bb0 JavaThread "HttpClient-1-Worker-2" daemon [_thread_blocked, id=7192, stack(0x000000791af00000,0x000000791b000000)]
  0x000002206768f120 JavaThread "pool-3-thread-1" [_thread_blocked, id=8772, stack(0x000000791b000000,0x000000791b100000)]
  0x000002206773eb50 JavaThread "pool-7-thread-1" [_thread_blocked, id=6248, stack(0x000000791b200000,0x000000791b300000)]
=>0x0000022061ed0290 JavaThread "C2 CompilerThread1" daemon [_thread_in_native, id=15712, stack(0x000000791b100000,0x000000791b200000)]
  0x000002206773f060 JavaThread "pool-5-thread-1" [_thread_blocked, id=7748, stack(0x000000791b300000,0x000000791b400000)]
  0x000002206773f570 JavaThread "pool-5-thread-2" [_thread_blocked, id=10252, stack(0x000000791b400000,0x000000791b500000)]
  0x000002206773ff90 JavaThread "pool-5-thread-3" [_thread_blocked, id=10836, stack(0x000000791b500000,0x000000791b600000)]
  0x000002206773e130 JavaThread "pool-5-thread-4" [_thread_blocked, id=31792, stack(0x000000791b600000,0x000000791b700000)]
  0x00000220677404a0 JavaThread "pool-5-thread-5" [_thread_blocked, id=2972, stack(0x000000791b700000,0x000000791b800000)]
  0x000002206773fa80 JavaThread "pool-5-thread-6" [_thread_blocked, id=22368, stack(0x000000791b800000,0x000000791b900000)]
  0x000002206773ccf0 JavaThread "pool-5-thread-7" [_thread_blocked, id=13456, stack(0x000000791b900000,0x000000791ba00000)]
  0x0000022067744160 JavaThread "pool-5-thread-8" [_thread_blocked, id=9208, stack(0x000000791ba00000,0x000000791bb00000)]
  0x0000022067742300 JavaThread "pool-5-thread-9" [_thread_blocked, id=14248, stack(0x000000791bb00000,0x000000791bc00000)]
  0x00000220677409b0 JavaThread "pool-5-thread-10" [_thread_blocked, id=18124, stack(0x000000791bc00000,0x000000791bd00000)]
  0x0000022067742d20 JavaThread "pool-5-thread-11" [_thread_blocked, id=15980, stack(0x000000791bd00000,0x000000791be00000)]
  0x0000022067744670 JavaThread "pool-5-thread-12" [_thread_blocked, id=7232, stack(0x000000791be00000,0x000000791bf00000)]
  0x0000022067740ec0 JavaThread "Progress of the text and secrets analysis" daemon [_thread_blocked, id=23696, stack(0x000000791bf00000,0x000000791c000000)]
  0x00000220677413d0 JavaThread "pool-6-thread-2" [_thread_blocked, id=24724, stack(0x000000791c000000,0x000000791c100000)]
  0x00000220677418e0 JavaThread "pool-6-thread-1" [_thread_blocked, id=13420, stack(0x000000791c100000,0x000000791c200000)]
  0x0000022067743230 JavaThread "pool-6-thread-3" [_thread_blocked, id=29712, stack(0x000000791c200000,0x000000791c300000)]
  0x0000022067742810 JavaThread "pool-6-thread-4" [_thread_blocked, id=25996, stack(0x000000791c300000,0x000000791c400000)]
  0x0000022067741df0 JavaThread "pool-6-thread-5" [_thread_blocked, id=10248, stack(0x000000791c400000,0x000000791c500000)]
  0x0000022067743740 JavaThread "pool-6-thread-6" [_thread_blocked, id=29948, stack(0x000000791c500000,0x000000791c600000)]
  0x0000022067743c50 JavaThread "pool-6-thread-7" [_thread_blocked, id=5580, stack(0x000000791c600000,0x000000791c700000)]
  0x0000022061dd6fc0 JavaThread "pool-6-thread-8" [_thread_blocked, id=22872, stack(0x000000791c700000,0x000000791c800000)]
  0x0000022061dd74d0 JavaThread "pool-6-thread-9" [_thread_blocked, id=32668, stack(0x000000791c800000,0x000000791c900000)]
  0x0000022061dd65a0 JavaThread "pool-6-thread-10" [_thread_in_Java, id=10372, stack(0x000000791c900000,0x000000791ca00000)]
  0x0000022061dda260 JavaThread "pool-6-thread-11" [_thread_blocked, id=21740, stack(0x000000791ca00000,0x000000791cb00000)]
  0x0000022061dd79e0 JavaThread "pool-6-thread-12" [_thread_blocked, id=12908, stack(0x000000791cb00000,0x000000791cc00000)]

Other Threads:
  0x00000220611de380 VMThread "VM Thread" [stack: 0x0000007918e00000,0x0000007918f00000] [id=21984]
  0x0000022061d4ce10 WatcherThread [stack: 0x0000007919900000,0x0000007919a00000] [id=22516]
  0x0000022044601390 GCTaskThread "GC Thread#0" [stack: 0x0000007918900000,0x0000007918a00000] [id=17192]
  0x0000022066264b70 GCTaskThread "GC Thread#1" [stack: 0x0000007919c00000,0x0000007919d00000] [id=10872]
  0x000002206654b840 GCTaskThread "GC Thread#2" [stack: 0x0000007919d00000,0x0000007919e00000] [id=17952]
  0x000002206654bb00 GCTaskThread "GC Thread#3" [stack: 0x0000007919e00000,0x0000007919f00000] [id=7616]
  0x000002206654c1d0 GCTaskThread "GC Thread#4" [stack: 0x0000007919f00000,0x000000791a000000] [id=27340]
  0x000002206654c6a0 GCTaskThread "GC Thread#5" [stack: 0x000000791a000000,0x000000791a100000] [id=9312]
  0x0000022066554990 GCTaskThread "GC Thread#6" [stack: 0x000000791a100000,0x000000791a200000] [id=23676]
  0x0000022066555460 GCTaskThread "GC Thread#7" [stack: 0x000000791a200000,0x000000791a300000] [id=20216]
  0x0000022066557730 GCTaskThread "GC Thread#8" [stack: 0x000000791a300000,0x000000791a400000] [id=1748]
  0x000002206695edc0 GCTaskThread "GC Thread#9" [stack: 0x000000791a700000,0x000000791a800000] [id=26156]
  0x0000022044611ab0 ConcurrentGCThread "G1 Main Marker" [stack: 0x0000007918a00000,0x0000007918b00000] [id=17988]
  0x0000022044614b80 ConcurrentGCThread "G1 Conc#0" [stack: 0x0000007918b00000,0x0000007918c00000] [id=6656]
  0x0000022066548820 ConcurrentGCThread "G1 Conc#1" [stack: 0x000000791a900000,0x000000791aa00000] [id=860]
  0x00000220665482a0 ConcurrentGCThread "G1 Conc#2" [stack: 0x000000791aa00000,0x000000791ab00000] [id=29976]
  0x0000022044651080 ConcurrentGCThread "G1 Refine#0" [stack: 0x0000007918c00000,0x0000007918d00000] [id=7760]
  0x0000022044652770 ConcurrentGCThread "G1 Service" [stack: 0x0000007918d00000,0x0000007918e00000] [id=26292]

Threads with active compile tasks:
C2 CompilerThread0    97803 9435       4       org.sonar.plugins.secrets.api.PreFilterFactory::matchesContent (48 bytes)
C2 CompilerThread1    97804 9427       4       java.util.function.Predicate$$Lambda$662/0x00000220012f9f08::test (15 bytes)

VM state: not at safepoint (normal execution)

VM Mutex/Monitor currently owned by a thread: None

Heap address: 0x000000008a800000, size: 1880 MB, Compressed Oops mode: 32-bit

CDS archive(s) mapped at: [0x0000022000000000-0x0000022000a40000-0x0000022000a40000), size 10747904, SharedBaseAddress: 0x0000022000000000, ArchiveRelocationMode: 1.
Compressed class space mapped at: 0x0000022001000000-0x0000022041000000, reserved size: 1073741824
Narrow klass base: 0x0000022000000000, Narrow klass shift: 0, Narrow klass range: 0x100000000

GC Precious Log:
 CPUs: 12 total, 12 available
 Memory: 7518M
 Large Page Support: Disabled
 NUMA Support: Disabled
 Compressed Oops: Enabled (32-bit)
 Heap Region Size: 1M
 Heap Min Capacity: 8M
 Heap Initial Capacity: 118M
 Heap Max Capacity: 1880M
 Pre-touch: Disabled
 Parallel Workers: 10
 Concurrent Workers: 3
 Concurrent Refinement Workers: 10
 Periodic GC: Disabled

Heap:
 garbage-first heap   total 122880K, used 84259K [0x000000008a800000, 0x0000000100000000)
  region size 1024K, 44 young (45056K), 3 survivors (3072K)
 Metaspace       used 52112K, committed 52672K, reserved 1114112K
  class space    used 6267K, committed 6528K, reserved 1048576K

Heap Regions: E=young(eden), S=young(survivor), O=old, HS=humongous(starts), HC=humongous(continues), CS=collection set, F=free, OA=open archive, CA=closed archive, TAMS=top-at-mark-start (previous, next)
|   0|0x000000008a800000, 0x000000008a900000, 0x000000008a900000|100%| O|  |TAMS 0x000000008a900000, 0x000000008a800000| Untracked 
|   1|0x000000008a900000, 0x000000008aa00000, 0x000000008aa00000|100%| O|  |TAMS 0x000000008aa00000, 0x000000008a900000| Untracked 
|   2|0x000000008aa00000, 0x000000008ab00000, 0x000000008ab00000|100%| O|  |TAMS 0x000000008ab00000, 0x000000008aa00000| Untracked 
|   3|0x000000008ab00000, 0x000000008ac00000, 0x000000008ac00000|100%|HS|  |TAMS 0x000000008ac00000, 0x000000008ab00000| Complete 
|   4|0x000000008ac00000, 0x000000008ad00000, 0x000000008ad00000|100%|HC|  |TAMS 0x000000008ad00000, 0x000000008ac00000| Complete 
|   5|0x000000008ad00000, 0x000000008ae00000, 0x000000008ae00000|100%|HC|  |TAMS 0x000000008ae00000, 0x000000008ad00000| Complete 
|   6|0x000000008ae00000, 0x000000008af00000, 0x000000008af00000|100%| O|  |TAMS 0x000000008af00000, 0x000000008ae00000| Untracked 
|   7|0x000000008af00000, 0x000000008b000000, 0x000000008b000000|100%| O|  |TAMS 0x000000008b000000, 0x000000008af00000| Untracked 
|   8|0x000000008b000000, 0x000000008b100000, 0x000000008b100000|100%| O|  |TAMS 0x000000008b100000, 0x000000008b000000| Untracked 
|   9|0x000000008b100000, 0x000000008b200000, 0x000000008b200000|100%|HS|  |TAMS 0x000000008b200000, 0x000000008b100000| Complete 
|  10|0x000000008b200000, 0x000000008b300000, 0x000000008b300000|100%| O|  |TAMS 0x000000008b300000, 0x000000008b200000| Untracked 
|  11|0x000000008b300000, 0x000000008b400000, 0x000000008b400000|100%| O|  |TAMS 0x000000008b400000, 0x000000008b300000| Untracked 
|  12|0x000000008b400000, 0x000000008b500000, 0x000000008b500000|100%| O|  |TAMS 0x000000008b500000, 0x000000008b400000| Untracked 
|  13|0x000000008b500000, 0x000000008b600000, 0x000000008b600000|100%| O|  |TAMS 0x000000008b600000, 0x000000008b500000| Untracked 
|  14|0x000000008b600000, 0x000000008b700000, 0x000000008b700000|100%| O|  |TAMS 0x000000008b700000, 0x000000008b600000| Untracked 
|  15|0x000000008b700000, 0x000000008b800000, 0x000000008b800000|100%| O|  |TAMS 0x000000008b700000, 0x000000008b700000| Untracked 
|  16|0x000000008b800000, 0x000000008b900000, 0x000000008b900000|100%| O|  |TAMS 0x000000008b900000, 0x000000008b800000| Untracked 
|  17|0x000000008b900000, 0x000000008ba00000, 0x000000008ba00000|100%| O|  |TAMS 0x000000008ba00000, 0x000000008b900000| Untracked 
|  18|0x000000008ba00000, 0x000000008bb00000, 0x000000008bb00000|100%| O|  |TAMS 0x000000008bb00000, 0x000000008ba00000| Untracked 
|  19|0x000000008bb00000, 0x000000008bc00000, 0x000000008bc00000|100%| O|  |TAMS 0x000000008bc00000, 0x000000008bb00000| Untracked 
|  20|0x000000008bc00000, 0x000000008bd00000, 0x000000008bd00000|100%| O|  |TAMS 0x000000008bd00000, 0x000000008bc00000| Untracked 
|  21|0x000000008bd00000, 0x000000008be00000, 0x000000008be00000|100%| O|  |TAMS 0x000000008be00000, 0x000000008bd00000| Untracked 
|  22|0x000000008be00000, 0x000000008bf00000, 0x000000008bf00000|100%| O|  |TAMS 0x000000008bf00000, 0x000000008be00000| Untracked 
|  23|0x000000008bf00000, 0x000000008c000000, 0x000000008c000000|100%| O|  |TAMS 0x000000008c000000, 0x000000008bf00000| Untracked 
|  24|0x000000008c000000, 0x000000008c100000, 0x000000008c100000|100%| O|  |TAMS 0x000000008c100000, 0x000000008c000000| Untracked 
|  25|0x000000008c100000, 0x000000008c200000, 0x000000008c200000|100%| O|  |TAMS 0x000000008c200000, 0x000000008c100000| Untracked 
|  26|0x000000008c200000, 0x000000008c289a00, 0x000000008c300000| 53%| O|  |TAMS 0x000000008c289a00, 0x000000008c200000| Untracked 
|  27|0x000000008c300000, 0x000000008c400000, 0x000000008c400000|100%| O|  |TAMS 0x000000008c300000, 0x000000008c300000| Untracked 
|  28|0x000000008c400000, 0x000000008c500000, 0x000000008c500000|100%| O|  |TAMS 0x000000008c400000, 0x000000008c400000| Untracked 
|  29|0x000000008c500000, 0x000000008c600000, 0x000000008c600000|100%| O|  |TAMS 0x000000008c500000, 0x000000008c500000| Untracked 
|  30|0x000000008c600000, 0x000000008c700000, 0x000000008c700000|100%| O|  |TAMS 0x000000008c600000, 0x000000008c600000| Untracked 
|  31|0x000000008c700000, 0x000000008c800000, 0x000000008c800000|100%| O|  |TAMS 0x000000008c700000, 0x000000008c700000| Untracked 
|  32|0x000000008c800000, 0x000000008c900000, 0x000000008c900000|100%| O|  |TAMS 0x000000008c800000, 0x000000008c800000| Untracked 
|  33|0x000000008c900000, 0x000000008c900000, 0x000000008ca00000|  0%| F|  |TAMS 0x000000008c900000, 0x000000008c900000| Untracked 
|  34|0x000000008ca00000, 0x000000008ca00000, 0x000000008cb00000|  0%| F|  |TAMS 0x000000008ca00000, 0x000000008ca00000| Untracked 
|  35|0x000000008cb00000, 0x000000008cb00000, 0x000000008cc00000|  0%| F|  |TAMS 0x000000008cb00000, 0x000000008cb00000| Untracked 
|  36|0x000000008cc00000, 0x000000008cc00000, 0x000000008cd00000|  0%| F|  |TAMS 0x000000008cc00000, 0x000000008cc00000| Untracked 
|  37|0x000000008cd00000, 0x000000008ce00000, 0x000000008ce00000|100%| O|  |TAMS 0x000000008cd00000, 0x000000008cd00000| Untracked 
|  38|0x000000008ce00000, 0x000000008cf00000, 0x000000008cf00000|100%| O|  |TAMS 0x000000008ce00000, 0x000000008ce00000| Untracked 
|  39|0x000000008cf00000, 0x000000008cf00000, 0x000000008d000000|  0%| F|  |TAMS 0x000000008cf00000, 0x000000008cf00000| Untracked 
|  40|0x000000008d000000, 0x000000008d000000, 0x000000008d100000|  0%| F|  |TAMS 0x000000008d000000, 0x000000008d000000| Untracked 
|  41|0x000000008d100000, 0x000000008d200000, 0x000000008d200000|100%| O|  |TAMS 0x000000008d100000, 0x000000008d100000| Untracked 
|  42|0x000000008d200000, 0x000000008d200000, 0x000000008d300000|  0%| F|  |TAMS 0x000000008d200000, 0x000000008d200000| Untracked 
|  43|0x000000008d300000, 0x000000008d400000, 0x000000008d400000|100%| O|  |TAMS 0x000000008d300000, 0x000000008d300000| Untracked 
|  44|0x000000008d400000, 0x000000008d400000, 0x000000008d500000|  0%| F|  |TAMS 0x000000008d400000, 0x000000008d400000| Untracked 
|  45|0x000000008d500000, 0x000000008d500000, 0x000000008d600000|  0%| F|  |TAMS 0x000000008d500000, 0x000000008d500000| Untracked 
|  46|0x000000008d600000, 0x000000008d700000, 0x000000008d700000|100%| O|  |TAMS 0x000000008d600000, 0x000000008d600000| Untracked 
|  47|0x000000008d700000, 0x000000008d800000, 0x000000008d800000|100%| O|  |TAMS 0x000000008d700000, 0x000000008d700000| Untracked 
|  48|0x000000008d800000, 0x000000008d900000, 0x000000008d900000|100%| O|  |TAMS 0x000000008d800000, 0x000000008d800000| Untracked 
|  49|0x000000008d900000, 0x000000008d93c600, 0x000000008da00000| 23%| O|  |TAMS 0x000000008d900000, 0x000000008d900000| Untracked 
|  50|0x000000008da00000, 0x000000008da00000, 0x000000008db00000|  0%| F|  |TAMS 0x000000008da00000, 0x000000008da00000| Untracked 
|  51|0x000000008db00000, 0x000000008db00000, 0x000000008dc00000|  0%| F|  |TAMS 0x000000008db00000, 0x000000008db00000| Untracked 
|  52|0x000000008dc00000, 0x000000008dc00000, 0x000000008dd00000|  0%| F|  |TAMS 0x000000008dc00000, 0x000000008dc00000| Untracked 
|  53|0x000000008dd00000, 0x000000008dd00000, 0x000000008de00000|  0%| F|  |TAMS 0x000000008dd00000, 0x000000008dd00000| Untracked 
|  54|0x000000008de00000, 0x000000008de00000, 0x000000008df00000|  0%| F|  |TAMS 0x000000008de00000, 0x000000008de00000| Untracked 
|  55|0x000000008df00000, 0x000000008df00000, 0x000000008e000000|  0%| F|  |TAMS 0x000000008df00000, 0x000000008df00000| Untracked 
|  56|0x000000008e000000, 0x000000008e000000, 0x000000008e100000|  0%| F|  |TAMS 0x000000008e000000, 0x000000008e000000| Untracked 
|  57|0x000000008e100000, 0x000000008e100000, 0x000000008e200000|  0%| F|  |TAMS 0x000000008e100000, 0x000000008e100000| Untracked 
|  58|0x000000008e200000, 0x000000008e200000, 0x000000008e300000|  0%| F|  |TAMS 0x000000008e200000, 0x000000008e200000| Untracked 
|  59|0x000000008e300000, 0x000000008e300000, 0x000000008e400000|  0%| F|  |TAMS 0x000000008e300000, 0x000000008e300000| Untracked 
|  60|0x000000008e400000, 0x000000008e482ed8, 0x000000008e500000| 51%| S|CS|TAMS 0x000000008e400000, 0x000000008e400000| Complete 
|  61|0x000000008e500000, 0x000000008e500000, 0x000000008e600000|  0%| F|  |TAMS 0x000000008e500000, 0x000000008e500000| Untracked 
|  62|0x000000008e600000, 0x000000008e700000, 0x000000008e700000|100%| S|CS|TAMS 0x000000008e600000, 0x000000008e600000| Complete 
|  63|0x000000008e700000, 0x000000008e800000, 0x000000008e800000|100%| S|CS|TAMS 0x000000008e700000, 0x000000008e700000| Complete 
|  64|0x000000008e800000, 0x000000008e800000, 0x000000008e900000|  0%| F|  |TAMS 0x000000008e800000, 0x000000008e800000| Untracked 
|  65|0x000000008e900000, 0x000000008e900000, 0x000000008ea00000|  0%| F|  |TAMS 0x000000008e900000, 0x000000008e900000| Untracked 
|  66|0x000000008ea00000, 0x000000008ea00000, 0x000000008eb00000|  0%| F|  |TAMS 0x000000008ea00000, 0x000000008ea00000| Untracked 
|  67|0x000000008eb00000, 0x000000008eb00000, 0x000000008ec00000|  0%| F|  |TAMS 0x000000008eb00000, 0x000000008eb00000| Untracked 
|  68|0x000000008ec00000, 0x000000008ec00000, 0x000000008ed00000|  0%| F|  |TAMS 0x000000008ec00000, 0x000000008ec00000| Untracked 
|  69|0x000000008ed00000, 0x000000008ed00000, 0x000000008ee00000|  0%| F|  |TAMS 0x000000008ed00000, 0x000000008ed00000| Untracked 
|  70|0x000000008ee00000, 0x000000008ee00000, 0x000000008ef00000|  0%| F|  |TAMS 0x000000008ee00000, 0x000000008ee00000| Untracked 
|  71|0x000000008ef00000, 0x000000008ef00000, 0x000000008f000000|  0%| F|  |TAMS 0x000000008ef00000, 0x000000008ef00000| Untracked 
|  72|0x000000008f000000, 0x000000008f000000, 0x000000008f100000|  0%| F|  |TAMS 0x000000008f000000, 0x000000008f000000| Untracked 
|  73|0x000000008f100000, 0x000000008f100000, 0x000000008f200000|  0%| F|  |TAMS 0x000000008f100000, 0x000000008f100000| Untracked 
|  74|0x000000008f200000, 0x000000008f200000, 0x000000008f300000|  0%| F|  |TAMS 0x000000008f200000, 0x000000008f200000| Untracked 
|  75|0x000000008f300000, 0x000000008f300000, 0x000000008f400000|  0%| F|  |TAMS 0x000000008f300000, 0x000000008f300000| Untracked 
|  76|0x000000008f400000, 0x000000008f400000, 0x000000008f500000|  0%| F|  |TAMS 0x000000008f400000, 0x000000008f400000| Untracked 
|  77|0x000000008f500000, 0x000000008f500000, 0x000000008f600000|  0%| F|  |TAMS 0x000000008f500000, 0x000000008f500000| Untracked 
|  78|0x000000008f600000, 0x000000008f600000, 0x000000008f700000|  0%| F|  |TAMS 0x000000008f600000, 0x000000008f600000| Untracked 
|  79|0x000000008f700000, 0x000000008f7b52f8, 0x000000008f800000| 70%| E|  |TAMS 0x000000008f700000, 0x000000008f700000| Complete 
|  80|0x000000008f800000, 0x000000008f900000, 0x000000008f900000|100%| E|CS|TAMS 0x000000008f800000, 0x000000008f800000| Complete 
|  81|0x000000008f900000, 0x000000008fa00000, 0x000000008fa00000|100%| E|CS|TAMS 0x000000008f900000, 0x000000008f900000| Complete 
|  82|0x000000008fa00000, 0x000000008fb00000, 0x000000008fb00000|100%| E|CS|TAMS 0x000000008fa00000, 0x000000008fa00000| Complete 
|  83|0x000000008fb00000, 0x000000008fc00000, 0x000000008fc00000|100%| E|CS|TAMS 0x000000008fb00000, 0x000000008fb00000| Complete 
|  84|0x000000008fc00000, 0x000000008fd00000, 0x000000008fd00000|100%| E|CS|TAMS 0x000000008fc00000, 0x000000008fc00000| Complete 
|  85|0x000000008fd00000, 0x000000008fe00000, 0x000000008fe00000|100%| E|CS|TAMS 0x000000008fd00000, 0x000000008fd00000| Complete 
|  86|0x000000008fe00000, 0x000000008ff00000, 0x000000008ff00000|100%| E|CS|TAMS 0x000000008fe00000, 0x000000008fe00000| Complete 
|  87|0x000000008ff00000, 0x0000000090000000, 0x0000000090000000|100%| E|CS|TAMS 0x000000008ff00000, 0x000000008ff00000| Complete 
|  88|0x0000000090000000, 0x0000000090100000, 0x0000000090100000|100%| E|CS|TAMS 0x0000000090000000, 0x0000000090000000| Complete 
|  89|0x0000000090100000, 0x0000000090200000, 0x0000000090200000|100%| E|CS|TAMS 0x0000000090100000, 0x0000000090100000| Complete 
|  90|0x0000000090200000, 0x0000000090300000, 0x0000000090300000|100%| E|CS|TAMS 0x0000000090200000, 0x0000000090200000| Complete 
|  91|0x0000000090300000, 0x0000000090400000, 0x0000000090400000|100%| E|CS|TAMS 0x0000000090300000, 0x0000000090300000| Complete 
|  92|0x0000000090400000, 0x0000000090500000, 0x0000000090500000|100%| E|CS|TAMS 0x0000000090400000, 0x0000000090400000| Complete 
|  93|0x0000000090500000, 0x0000000090600000, 0x0000000090600000|100%| E|CS|TAMS 0x0000000090500000, 0x0000000090500000| Complete 
|  94|0x0000000090600000, 0x0000000090700000, 0x0000000090700000|100%| E|CS|TAMS 0x0000000090600000, 0x0000000090600000| Complete 
|  95|0x0000000090700000, 0x0000000090800000, 0x0000000090800000|100%| E|CS|TAMS 0x0000000090700000, 0x0000000090700000| Complete 
|  96|0x0000000090800000, 0x0000000090900000, 0x0000000090900000|100%| E|CS|TAMS 0x0000000090800000, 0x0000000090800000| Complete 
|  97|0x0000000090900000, 0x0000000090a00000, 0x0000000090a00000|100%| E|CS|TAMS 0x0000000090900000, 0x0000000090900000| Complete 
|  98|0x0000000090a00000, 0x0000000090b00000, 0x0000000090b00000|100%| E|CS|TAMS 0x0000000090a00000, 0x0000000090a00000| Complete 
|  99|0x0000000090b00000, 0x0000000090c00000, 0x0000000090c00000|100%| E|CS|TAMS 0x0000000090b00000, 0x0000000090b00000| Complete 
| 100|0x0000000090c00000, 0x0000000090d00000, 0x0000000090d00000|100%| E|CS|TAMS 0x0000000090c00000, 0x0000000090c00000| Complete 
| 101|0x0000000090d00000, 0x0000000090e00000, 0x0000000090e00000|100%| E|CS|TAMS 0x0000000090d00000, 0x0000000090d00000| Complete 
| 102|0x0000000090e00000, 0x0000000090f00000, 0x0000000090f00000|100%| E|CS|TAMS 0x0000000090e00000, 0x0000000090e00000| Complete 
| 103|0x0000000090f00000, 0x0000000091000000, 0x0000000091000000|100%| E|CS|TAMS 0x0000000090f00000, 0x0000000090f00000| Complete 
| 104|0x0000000091000000, 0x0000000091100000, 0x0000000091100000|100%| E|CS|TAMS 0x0000000091000000, 0x0000000091000000| Complete 
| 105|0x0000000091100000, 0x0000000091200000, 0x0000000091200000|100%| E|CS|TAMS 0x0000000091100000, 0x0000000091100000| Complete 
| 106|0x0000000091200000, 0x0000000091300000, 0x0000000091300000|100%| E|CS|TAMS 0x0000000091200000, 0x0000000091200000| Complete 
| 107|0x0000000091300000, 0x0000000091400000, 0x0000000091400000|100%| E|CS|TAMS 0x0000000091300000, 0x0000000091300000| Complete 
| 108|0x0000000091400000, 0x0000000091500000, 0x0000000091500000|100%| E|CS|TAMS 0x0000000091400000, 0x0000000091400000| Complete 
| 109|0x0000000091500000, 0x0000000091600000, 0x0000000091600000|100%| E|CS|TAMS 0x0000000091500000, 0x0000000091500000| Complete 
| 110|0x0000000091600000, 0x0000000091700000, 0x0000000091700000|100%| E|CS|TAMS 0x0000000091600000, 0x0000000091600000| Complete 
| 111|0x0000000091700000, 0x0000000091800000, 0x0000000091800000|100%| E|CS|TAMS 0x0000000091700000, 0x0000000091700000| Complete 
| 112|0x0000000091800000, 0x0000000091900000, 0x0000000091900000|100%| E|CS|TAMS 0x0000000091800000, 0x0000000091800000| Complete 
| 113|0x0000000091900000, 0x0000000091a00000, 0x0000000091a00000|100%| E|CS|TAMS 0x0000000091900000, 0x0000000091900000| Complete 
| 114|0x0000000091a00000, 0x0000000091b00000, 0x0000000091b00000|100%| E|CS|TAMS 0x0000000091a00000, 0x0000000091a00000| Complete 
| 115|0x0000000091b00000, 0x0000000091c00000, 0x0000000091c00000|100%| E|CS|TAMS 0x0000000091b00000, 0x0000000091b00000| Complete 
| 116|0x0000000091c00000, 0x0000000091d00000, 0x0000000091d00000|100%| E|CS|TAMS 0x0000000091c00000, 0x0000000091c00000| Complete 
| 117|0x0000000091d00000, 0x0000000091e00000, 0x0000000091e00000|100%| E|CS|TAMS 0x0000000091d00000, 0x0000000091d00000| Complete 
| 118|0x0000000091e00000, 0x0000000091f00000, 0x0000000091f00000|100%| E|CS|TAMS 0x0000000091e00000, 0x0000000091e00000| Complete 
| 119|0x0000000091f00000, 0x0000000092000000, 0x0000000092000000|100%| E|CS|TAMS 0x0000000091f00000, 0x0000000091f00000| Complete 

Card table byte_map: [0x000002205ab80000,0x000002205af30000] _byte_map_base: 0x000002205a72c000

Marking Bits (Prev, Next): (CMBitMap*) 0x00000220446019f0, (CMBitMap*) 0x00000220446019b0
 Prev Bits: [0x000002205d040000, 0x000002205eda0000)
 Next Bits: [0x000002205b2e0000, 0x000002205d040000)

Polling page: 0x00000220442c0000

Metaspace:

Usage:
  Non-class:     44.77 MB used.
      Class:      6.12 MB used.
       Both:     50.89 MB used.

Virtual space:
  Non-class space:       64.00 MB reserved,      45.06 MB ( 70%) committed,  1 nodes.
      Class space:        1.00 GB reserved,       6.38 MB ( <1%) committed,  1 nodes.
             Both:        1.06 GB reserved,      51.44 MB (  5%) committed. 

Chunk freelists:
   Non-Class:  2.59 MB
       Class:  9.47 MB
        Both:  12.06 MB

MaxMetaspaceSize: unlimited
CompressedClassSpaceSize: 1.00 GB
Initial GC threshold: 21.00 MB
Current GC threshold: 67.81 MB
CDS: on
MetaspaceReclaimPolicy: balanced
 - commit_granule_bytes: 65536.
 - commit_granule_words: 8192.
 - virtual_space_node_default_size: 8388608.
 - enlarge_chunks_in_place: 1.
 - new_chunks_are_fully_committed: 0.
 - uncommit_free_chunks: 1.
 - use_allocation_guard: 0.
 - handle_deallocations: 1.


Internal statistics:

num_allocs_failed_limit: 6.
num_arena_births: 658.
num_arena_deaths: 0.
num_vsnodes_births: 2.
num_vsnodes_deaths: 0.
num_space_committed: 823.
num_space_uncommitted: 0.
num_chunks_returned_to_freelist: 6.
num_chunks_taken_from_freelist: 2549.
num_chunk_merges: 6.
num_chunk_splits: 1750.
num_chunks_enlarged: 1310.
num_inconsistent_stats: 0.

CodeHeap 'non-profiled nmethods': size=120000Kb used=5366Kb max_used=5366Kb free=114634Kb
 bounds [0x0000022052620000, 0x0000022052b70000, 0x0000022059b50000]
CodeHeap 'profiled nmethods': size=120000Kb used=15134Kb max_used=15707Kb free=104865Kb
 bounds [0x000002204ab50000, 0x000002204bab0000, 0x0000022052080000]
CodeHeap 'non-nmethods': size=5760Kb used=1307Kb max_used=1348Kb free=4452Kb
 bounds [0x0000022052080000, 0x00000220522f0000, 0x0000022052620000]
 total_blobs=8245 nmethods=7615 adapters=541
 compilation: enabled
              stopped_count=0, restarted_count=0
 full_count=0

Compilation events (20 events):
Event: 96.688 Thread 0x0000022061ed0290 nmethod 9429 0x00000220528ea610 code [0x00000220528ea7e0, 0x00000220528eaf18]
Event: 96.688 Thread 0x0000022061ed0290 9422       4       java.lang.StringUTF16::indexOfCharUnsafe (30 bytes)
Event: 96.689 Thread 0x0000022061ed0290 nmethod 9422 0x00000220528cb290 code [0x00000220528cb400, 0x00000220528cb538]
Event: 96.689 Thread 0x0000022061ed0290 9399       4       java.lang.String::lastIndexOf (104 bytes)
Event: 96.690 Thread 0x000002206120fa50 nmethod 9398 0x0000022052a6da90 code [0x0000022052a6dd80, 0x0000022052a70ae8]
Event: 96.690 Thread 0x000002206120fa50 9396       4       java.lang.String::lastIndexOf (18 bytes)
Event: 96.692 Thread 0x0000022061ed0290 nmethod 9399 0x00000220528cab10 code [0x00000220528caca0, 0x00000220528caf38]
Event: 96.692 Thread 0x0000022061ed0290 9402       4       org.sonar.plugins.common.DurationStatistics::timed (42 bytes)
Event: 96.692 Thread 0x0000022061ed0290 nmethod 9402 0x00000220528ca590 code [0x00000220528ca720, 0x00000220528ca7f8]
Event: 96.693 Thread 0x0000022061ed0290 9427       4       java.util.function.Predicate$$Lambda$662/0x00000220012f9f08::test (15 bytes)
Event: 96.693 Thread 0x000002206120fa50 nmethod 9396 0x00000220528e9e90 code [0x00000220528ea020, 0x00000220528ea2d8]
Event: 96.693 Thread 0x000002206120fa50 9428       4       org.sonar.plugins.secrets.api.PreFilterFactory::matches (54 bytes)
Event: 96.724 Thread 0x000002206120fa50 nmethod 9428 0x0000022052a6aa10 code [0x0000022052a6ad00, 0x0000022052a6cbb8]
Event: 96.724 Thread 0x000002206120fa50 9424       4       java.util.AbstractList$SubList::iterator (5 bytes)
Event: 96.727 Thread 0x000002206120fa50 nmethod 9424 0x0000022052a6a290 code [0x0000022052a6a420, 0x0000022052a6a6f8]
Event: 96.727 Thread 0x000002206120fa50 9408       4       java.util.AbstractList$SubList$1::<init> (41 bytes)
Event: 96.730 Thread 0x000002206120fa50 nmethod 9408 0x0000022052a69b10 code [0x0000022052a69ca0, 0x0000022052a6a038]
Event: 96.730 Thread 0x000002206120fa50 9407       4       java.util.AbstractList::listIterator (15 bytes)
Event: 96.731 Thread 0x000002206120fa50 nmethod 9407 0x00000220528e9a10 code [0x00000220528e9ba0, 0x00000220528e9d38]
Event: 96.731 Thread 0x000002206120fa50 9434       4       org.sonar.plugins.secrets.api.PreFilterFactory$$Lambda$1235/0x000002200167d4a0::test (12 bytes)

GC Heap History (20 events):
Event: 84.115 GC heap before
{Heap before GC invocations=50 (full 0):
 garbage-first heap   total 102400K, used 86210K [0x000000008a800000, 0x0000000100000000)
  region size 1024K, 60 young (61440K), 3 survivors (3072K)
 Metaspace       used 45362K, committed 45952K, reserved 1114112K
  class space    used 5430K, committed 5696K, reserved 1048576K
}
Event: 84.118 GC heap after
{Heap after GC invocations=51 (full 0):
 garbage-first heap   total 102400K, used 29989K [0x000000008a800000, 0x0000000100000000)
  region size 1024K, 4 young (4096K), 4 survivors (4096K)
 Metaspace       used 45362K, committed 45952K, reserved 1114112K
  class space    used 5430K, committed 5696K, reserved 1048576K
}
Event: 90.280 GC heap before
{Heap before GC invocations=51 (full 0):
 garbage-first heap   total 102400K, used 86309K [0x000000008a800000, 0x0000000100000000)
  region size 1024K, 60 young (61440K), 4 survivors (4096K)
 Metaspace       used 45521K, committed 46080K, reserved 1114112K
  class space    used 5430K, committed 5696K, reserved 1048576K
}
Event: 90.283 GC heap after
{Heap after GC invocations=52 (full 0):
 garbage-first heap   total 102400K, used 30246K [0x000000008a800000, 0x0000000100000000)
  region size 1024K, 4 young (4096K), 4 survivors (4096K)
 Metaspace       used 45521K, committed 46080K, reserved 1114112K
  class space    used 5430K, committed 5696K, reserved 1048576K
}
Event: 93.111 GC heap before
{Heap before GC invocations=52 (full 0):
 garbage-first heap   total 102400K, used 87590K [0x000000008a800000, 0x0000000100000000)
  region size 1024K, 60 young (61440K), 4 survivors (4096K)
 Metaspace       used 45979K, committed 46464K, reserved 1114112K
  class space    used 5463K, committed 5696K, reserved 1048576K
}
Event: 93.115 GC heap after
{Heap after GC invocations=53 (full 0):
 garbage-first heap   total 102400K, used 30246K [0x000000008a800000, 0x0000000100000000)
  region size 1024K, 4 young (4096K), 4 survivors (4096K)
 Metaspace       used 45979K, committed 46464K, reserved 1114112K
  class space    used 5463K, committed 5696K, reserved 1048576K
}
Event: 93.431 GC heap before
{Heap before GC invocations=53 (full 0):
 garbage-first heap   total 102400K, used 87590K [0x000000008a800000, 0x0000000100000000)
  region size 1024K, 60 young (61440K), 4 survivors (4096K)
 Metaspace       used 46616K, committed 47168K, reserved 1114112K
  class space    used 5563K, committed 5824K, reserved 1048576K
}
Event: 93.435 GC heap after
{Heap after GC invocations=54 (full 0):
 garbage-first heap   total 102400K, used 30723K [0x000000008a800000, 0x0000000100000000)
  region size 1024K, 5 young (5120K), 5 survivors (5120K)
 Metaspace       used 46616K, committed 47168K, reserved 1114112K
  class space    used 5563K, committed 5824K, reserved 1048576K
}
Event: 96.286 GC heap before
{Heap before GC invocations=54 (full 0):
 garbage-first heap   total 102400K, used 84995K [0x000000008a800000, 0x0000000100000000)
  region size 1024K, 59 young (60416K), 5 survivors (5120K)
 Metaspace       used 51761K, committed 52352K, reserved 1114112K
  class space    used 6184K, committed 6464K, reserved 1048576K
}
Event: 96.298 GC heap after
{Heap after GC invocations=55 (full 0):
 garbage-first heap   total 102400K, used 40786K [0x000000008a800000, 0x0000000100000000)
  region size 1024K, 8 young (8192K), 8 survivors (8192K)
 Metaspace       used 51761K, committed 52352K, reserved 1114112K
  class space    used 6184K, committed 6464K, reserved 1048576K
}
Event: 96.415 GC heap before
{Heap before GC invocations=55 (full 0):
 garbage-first heap   total 102400K, used 77650K [0x000000008a800000, 0x0000000100000000)
  region size 1024K, 44 young (45056K), 8 survivors (8192K)
 Metaspace       used 52070K, committed 52672K, reserved 1114112K
  class space    used 6267K, committed 6528K, reserved 1048576K
}
Event: 96.420 GC heap after
{Heap after GC invocations=56 (full 0):
 garbage-first heap   total 102400K, used 43734K [0x000000008a800000, 0x0000000100000000)
  region size 1024K, 3 young (3072K), 3 survivors (3072K)
 Metaspace       used 52070K, committed 52672K, reserved 1114112K
  class space    used 6267K, committed 6528K, reserved 1048576K
}
Event: 96.480 GC heap before
{Heap before GC invocations=56 (full 0):
 garbage-first heap   total 102400K, used 77526K [0x000000008a800000, 0x0000000100000000)
  region size 1024K, 36 young (36864K), 3 survivors (3072K)
 Metaspace       used 52074K, committed 52672K, reserved 1114112K
  class space    used 6267K, committed 6528K, reserved 1048576K
}
Event: 96.481 GC heap after
{Heap after GC invocations=57 (full 0):
 garbage-first heap   total 102400K, used 43676K [0x000000008a800000, 0x0000000100000000)
  region size 1024K, 3 young (3072K), 3 survivors (3072K)
 Metaspace       used 52074K, committed 52672K, reserved 1114112K
  class space    used 6267K, committed 6528K, reserved 1048576K
}
Event: 96.540 GC heap before
{Heap before GC invocations=57 (full 0):
 garbage-first heap   total 102400K, used 80540K [0x000000008a800000, 0x0000000100000000)
  region size 1024K, 39 young (39936K), 3 survivors (3072K)
 Metaspace       used 52083K, committed 52672K, reserved 1114112K
  class space    used 6267K, committed 6528K, reserved 1048576K
}
Event: 96.542 GC heap after
{Heap after GC invocations=58 (full 0):
 garbage-first heap   total 102400K, used 43304K [0x000000008a800000, 0x0000000100000000)
  region size 1024K, 3 young (3072K), 3 survivors (3072K)
 Metaspace       used 52083K, committed 52672K, reserved 1114112K
  class space    used 6267K, committed 6528K, reserved 1048576K
}
Event: 96.599 GC heap before
{Heap before GC invocations=58 (full 0):
 garbage-first heap   total 102400K, used 82216K [0x000000008a800000, 0x0000000100000000)
  region size 1024K, 41 young (41984K), 3 survivors (3072K)
 Metaspace       used 52099K, committed 52672K, reserved 1114112K
  class space    used 6267K, committed 6528K, reserved 1048576K
}
Event: 96.601 GC heap after
{Heap after GC invocations=59 (full 0):
 garbage-first heap   total 122880K, used 43265K [0x000000008a800000, 0x0000000100000000)
  region size 1024K, 3 young (3072K), 3 survivors (3072K)
 Metaspace       used 52099K, committed 52672K, reserved 1114112K
  class space    used 6267K, committed 6528K, reserved 1048576K
}
Event: 96.648 GC heap before
{Heap before GC invocations=59 (full 0):
 garbage-first heap   total 122880K, used 100609K [0x000000008a800000, 0x0000000100000000)
  region size 1024K, 59 young (60416K), 3 survivors (3072K)
 Metaspace       used 52109K, committed 52672K, reserved 1114112K
  class space    used 6267K, committed 6528K, reserved 1048576K
}
Event: 96.649 GC heap after
{Heap after GC invocations=60 (full 0):
 garbage-first heap   total 122880K, used 43299K [0x000000008a800000, 0x0000000100000000)
  region size 1024K, 3 young (3072K), 3 survivors (3072K)
 Metaspace       used 52109K, committed 52672K, reserved 1114112K
  class space    used 6267K, committed 6528K, reserved 1048576K
}

Dll operation events (9 events):
Event: 0.010 Loaded shared library C:\Users\manuc\.sonar\cache\4bafe2e94439c8193fc8c68247cb0dbaf4e80265b903288f63f128304f129bbe\OpenJDK17U-jre_x64_windows_hotspot_17.0.11_9.zip_extracted\jdk-17.0.11+9-jre\bin\java.dll
Event: 0.022 Loaded shared library C:\Users\manuc\.sonar\cache\4bafe2e94439c8193fc8c68247cb0dbaf4e80265b903288f63f128304f129bbe\OpenJDK17U-jre_x64_windows_hotspot_17.0.11_9.zip_extracted\jdk-17.0.11+9-jre\bin\jsvml.dll
Event: 0.044 Loaded shared library C:\Users\manuc\.sonar\cache\4bafe2e94439c8193fc8c68247cb0dbaf4e80265b903288f63f128304f129bbe\OpenJDK17U-jre_x64_windows_hotspot_17.0.11_9.zip_extracted\jdk-17.0.11+9-jre\bin\net.dll
Event: 0.045 Loaded shared library C:\Users\manuc\.sonar\cache\4bafe2e94439c8193fc8c68247cb0dbaf4e80265b903288f63f128304f129bbe\OpenJDK17U-jre_x64_windows_hotspot_17.0.11_9.zip_extracted\jdk-17.0.11+9-jre\bin\nio.dll
Event: 0.059 Loaded shared library C:\Users\manuc\.sonar\cache\4bafe2e94439c8193fc8c68247cb0dbaf4e80265b903288f63f128304f129bbe\OpenJDK17U-jre_x64_windows_hotspot_17.0.11_9.zip_extracted\jdk-17.0.11+9-jre\bin\zip.dll
Event: 0.076 Loaded shared library C:\Users\manuc\.sonar\cache\4bafe2e94439c8193fc8c68247cb0dbaf4e80265b903288f63f128304f129bbe\OpenJDK17U-jre_x64_windows_hotspot_17.0.11_9.zip_extracted\jdk-17.0.11+9-jre\bin\jimage.dll
Event: 0.395 Loaded shared library C:\Users\manuc\.sonar\cache\4bafe2e94439c8193fc8c68247cb0dbaf4e80265b903288f63f128304f129bbe\OpenJDK17U-jre_x64_windows_hotspot_17.0.11_9.zip_extracted\jdk-17.0.11+9-jre\bin\verify.dll
Event: 0.673 Loaded shared library C:\Users\manuc\.sonar\cache\4bafe2e94439c8193fc8c68247cb0dbaf4e80265b903288f63f128304f129bbe\OpenJDK17U-jre_x64_windows_hotspot_17.0.11_9.zip_extracted\jdk-17.0.11+9-jre\bin\sunmscapi.dll
Event: 1.419 Loaded shared library C:\Users\manuc\.sonar\cache\4bafe2e94439c8193fc8c68247cb0dbaf4e80265b903288f63f128304f129bbe\OpenJDK17U-jre_x64_windows_hotspot_17.0.11_9.zip_extracted\jdk-17.0.11+9-jre\bin\extnet.dll

Deoptimization events (20 events):
Event: 96.599 Thread 0x0000022067742810 DEOPT PACKING pc=0x000002204ae80d3d sp=0x000000791c3ff230
Event: 96.599 Thread 0x00000220677413d0 DEOPT PACKING pc=0x000002204ae80d3d sp=0x000000791c0feed0
Event: 96.599 Thread 0x0000022067742810 DEOPT UNPACKING pc=0x00000220520d7143 sp=0x000000791c3fe6d8 mode 0
Event: 96.599 Thread 0x00000220677413d0 DEOPT UNPACKING pc=0x00000220520d7143 sp=0x000000791c0fe378 mode 0
Event: 96.601 Thread 0x0000022067743230 DEOPT PACKING pc=0x000002204ae80d3d sp=0x000000791c2feb90
Event: 96.601 Thread 0x0000022067741df0 DEOPT PACKING pc=0x000002204ae80d3d sp=0x000000791c4febc0
Event: 96.601 Thread 0x0000022067743230 DEOPT UNPACKING pc=0x00000220520d7143 sp=0x000000791c2fe038 mode 0
Event: 96.601 Thread 0x0000022061dd6fc0 DEOPT PACKING pc=0x000002204ae80d3d sp=0x000000791c7fed10
Event: 96.601 Thread 0x0000022067741df0 DEOPT UNPACKING pc=0x00000220520d7143 sp=0x000000791c4fe068 mode 0
Event: 96.601 Thread 0x00000220677413d0 DEOPT PACKING pc=0x000002204ae80d3d sp=0x000000791c0feed0
Event: 96.601 Thread 0x0000022061dd6fc0 DEOPT UNPACKING pc=0x00000220520d7143 sp=0x000000791c7fe1b8 mode 0
Event: 96.601 Thread 0x00000220677413d0 DEOPT UNPACKING pc=0x00000220520d7143 sp=0x000000791c0fe378 mode 0
Event: 96.601 Thread 0x0000022061dda260 DEOPT PACKING pc=0x000002204ae80d3d sp=0x000000791cafeb00
Event: 96.601 Thread 0x0000022061dda260 DEOPT UNPACKING pc=0x00000220520d7143 sp=0x000000791cafdfa8 mode 0
Event: 96.606 Thread 0x000002206773ff90 DEOPT PACKING pc=0x000002204b2f4453 sp=0x000000791b5ff080
Event: 96.606 Thread 0x000002206773ff90 DEOPT UNPACKING pc=0x00000220520d7143 sp=0x000000791b5fe490 mode 0
Event: 96.631 Thread 0x000002206773ff90 DEOPT PACKING pc=0x000002204ad11db4 sp=0x000000791b5ff060
Event: 96.631 Thread 0x000002206773ff90 DEOPT UNPACKING pc=0x00000220520d7143 sp=0x000000791b5fe4e0 mode 0
Event: 96.950 Thread 0x00000220677413d0 Uncommon trap: trap_request=0xffffffde fr.pc=0x0000022052818fd8 relative=0x0000000000004718
Event: 97.763 Thread 0x00000220677413d0 Uncommon trap: reason=class_check action=maybe_recompile pc=0x0000022052818fd8 method=java.util.regex.Pattern$Curly.match0(Ljava/util/regex/Matcher;IILjava/lang/CharSequence;)Z @ 31 c2

Classes unloaded (0 events):
No events

Classes redefined (0 events):
No events

Internal exceptions (20 events):
Event: 93.398 Thread 0x000002206773dc20 Exception <a 'java/lang/InterruptedException'{0x000000008d700a10}: sleep interrupted> (0x000000008d700a10) 
thrown [s\src\hotspot\share\prims\jvm.cpp, line 3064]
Event: 93.416 Thread 0x00000220445a9430 Exception <a 'java/lang/NoSuchMethodError'{0x000000008d4619f8}: 'void java.lang.invoke.DirectMethodHandle$Holder.invokeSpecial(java.lang.Object, java.lang.Object, int)'> (0x000000008d4619f8) 
thrown [s\src\hotspot\share\interpreter\linkResolver.cpp, line 759]
Event: 96.253 Thread 0x00000220445a9430 Exception <a 'java/lang/NoSuchMethodError'{0x000000008e9cf278}: 'void java.lang.invoke.DirectMethodHandle$Holder.invokeStatic(java.lang.Object, int)'> (0x000000008e9cf278) 
thrown [s\src\hotspot\share\interpreter\linkResolver.cpp, line 759]
Event: 96.258 Thread 0x000002206773f570 Implicit null exception at 0x000002205287fc45 to 0x0000022052880ea4
Event: 96.258 Thread 0x00000220677404a0 Implicit null exception at 0x000002205287fc45 to 0x0000022052880ea4
Event: 96.258 Thread 0x000002206773f060 Implicit null exception at 0x000002205287fc45 to 0x0000022052880ea4
Event: 96.258 Thread 0x000002206773ff90 Implicit null exception at 0x0000022052747a95 to 0x00000220527480ec
Event: 96.258 Thread 0x000002206773e130 Implicit null exception at 0x0000022052747a95 to 0x00000220527480ec
Event: 96.258 Thread 0x000002206773ccf0 Implicit null exception at 0x0000022052745acb to 0x0000022052745c88
Event: 96.258 Thread 0x000002206773f570 Implicit null exception at 0x0000022052824b99 to 0x00000220528252ec
Event: 96.258 Thread 0x00000220677404a0 Implicit null exception at 0x0000022052824b99 to 0x00000220528252ec
Event: 96.258 Thread 0x000002206773f060 Implicit null exception at 0x0000022052824b99 to 0x00000220528252ec
Event: 96.258 Thread 0x0000022067744160 Implicit null exception at 0x0000022052824b99 to 0x00000220528252ec
Event: 96.258 Thread 0x000002206773fa80 Implicit null exception at 0x0000022052824b99 to 0x00000220528252ec
Event: 96.259 Thread 0x000002206773ff90 Implicit null exception at 0x0000022052746258 to 0x00000220527464d0
Event: 96.259 Thread 0x000002206773e130 Implicit null exception at 0x0000022052746258 to 0x00000220527464d0
Event: 96.259 Thread 0x000002206773ccf0 Implicit null exception at 0x0000022052746258 to 0x00000220527464d0
Event: 96.259 Thread 0x0000022067742300 Implicit null exception at 0x0000022052746258 to 0x00000220527464d0
Event: 96.315 Thread 0x0000022067740ec0 Exception <a 'java/lang/NoSuchMethodError'{0x000000009052c760}: 'java.lang.Object java.lang.invoke.DirectMethodHandle$Holder.invokeSpecial(java.lang.Object, java.lang.Object, long, java.lang.Object)'> (0x000000009052c760) 
thrown [s\src\hotspot\share\interpreter\linkResolver.cpp, line 759]
Event: 96.315 Thread 0x0000022067740ec0 Exception <a 'java/lang/NoSuchMethodError'{0x000000009052fad8}: 'java.lang.Object java.lang.invoke.Invokers$Holder.linkToTargetMethod(long, java.lang.Object, java.lang.Object)'> (0x000000009052fad8) 
thrown [s\src\hotspot\share\interpreter\linkResolver.cpp, line 759]

VM Operations (20 events):
Event: 93.621 Executing VM operation: HandshakeAllThreads done
Event: 93.643 Executing VM operation: HandshakeAllThreads
Event: 93.643 Executing VM operation: HandshakeAllThreads done
Event: 93.675 Executing VM operation: HandshakeAllThreads
Event: 93.675 Executing VM operation: HandshakeAllThreads done
Event: 94.681 Executing VM operation: Cleanup
Event: 94.681 Executing VM operation: Cleanup done
Event: 96.286 Executing VM operation: G1CollectForAllocation
Event: 96.298 Executing VM operation: G1CollectForAllocation done
Event: 96.415 Executing VM operation: G1CollectForAllocation
Event: 96.421 Executing VM operation: G1CollectForAllocation done
Event: 96.480 Executing VM operation: G1CollectForAllocation
Event: 96.482 Executing VM operation: G1CollectForAllocation done
Event: 96.540 Executing VM operation: G1CollectForAllocation
Event: 96.543 Executing VM operation: G1CollectForAllocation done
Event: 96.599 Executing VM operation: G1CollectForAllocation
Event: 96.601 Executing VM operation: G1CollectForAllocation done
Event: 96.648 Executing VM operation: G1CollectForAllocation
Event: 96.650 Executing VM operation: G1CollectForAllocation done
Event: 97.653 Executing VM operation: Cleanup

Events (20 events):
Event: 96.260 loading class java/util/concurrent/locks/AbstractQueuedSynchronizer$SharedNode done
Event: 96.310 Thread 0x0000022067740ec0 Thread added: 0x0000022067740ec0
Event: 96.327 loading class java/util/AbstractList$RandomAccessSubList
Event: 96.327 loading class java/util/AbstractList$SubList
Event: 96.327 loading class java/util/AbstractList$SubList done
Event: 96.327 loading class java/util/AbstractList$RandomAccessSubList done
Event: 96.328 loading class java/util/AbstractList$SubList$1
Event: 96.328 loading class java/util/AbstractList$SubList$1 done
Event: 96.329 Thread 0x00000220677413d0 Thread added: 0x00000220677413d0
Event: 96.329 Thread 0x00000220677418e0 Thread added: 0x00000220677418e0
Event: 96.329 Thread 0x0000022067743230 Thread added: 0x0000022067743230
Event: 96.329 Thread 0x0000022067742810 Thread added: 0x0000022067742810
Event: 96.329 Thread 0x0000022067741df0 Thread added: 0x0000022067741df0
Event: 96.329 Thread 0x0000022067743740 Thread added: 0x0000022067743740
Event: 96.330 Thread 0x0000022067743c50 Thread added: 0x0000022067743c50
Event: 96.330 Thread 0x0000022061dd6fc0 Thread added: 0x0000022061dd6fc0
Event: 96.331 Thread 0x0000022061dd74d0 Thread added: 0x0000022061dd74d0
Event: 96.332 Thread 0x0000022061dd65a0 Thread added: 0x0000022061dd65a0
Event: 96.333 Thread 0x0000022061dda260 Thread added: 0x0000022061dda260
Event: 96.349 Thread 0x0000022061dd79e0 Thread added: 0x0000022061dd79e0


Dynamic libraries:
0x00007ff686540000 - 0x00007ff68654e000 	C:\Users\manuc\.sonar\cache\4bafe2e94439c8193fc8c68247cb0dbaf4e80265b903288f63f128304f129bbe\OpenJDK17U-jre_x64_windows_hotspot_17.0.11_9.zip_extracted\jdk-17.0.11+9-jre\bin\java.exe
0x00007ffbda9c0000 - 0x00007ffbdac28000 	C:\WINDOWS\SYSTEM32\ntdll.dll
0x00007ffbd9560000 - 0x00007ffbd9629000 	C:\WINDOWS\System32\KERNEL32.DLL
0x00007ffbd7f30000 - 0x00007ffbd8328000 	C:\WINDOWS\System32\KERNELBASE.dll
0x00007ffbd7c80000 - 0x00007ffbd7dcb000 	C:\WINDOWS\System32\ucrtbase.dll
0x00007ffb8b090000 - 0x00007ffb8b0ab000 	C:\Users\manuc\.sonar\cache\4bafe2e94439c8193fc8c68247cb0dbaf4e80265b903288f63f128304f129bbe\OpenJDK17U-jre_x64_windows_hotspot_17.0.11_9.zip_extracted\jdk-17.0.11+9-jre\bin\VCRUNTIME140.dll
0x00007ffb8bc30000 - 0x00007ffb8bc47000 	C:\Users\manuc\.sonar\cache\4bafe2e94439c8193fc8c68247cb0dbaf4e80265b903288f63f128304f129bbe\OpenJDK17U-jre_x64_windows_hotspot_17.0.11_9.zip_extracted\jdk-17.0.11+9-jre\bin\jli.dll
0x00007ffbd8e30000 - 0x00007ffbd8ff7000 	C:\WINDOWS\System32\USER32.dll
0x00007ffbb75f0000 - 0x00007ffbb7884000 	C:\WINDOWS\WinSxS\amd64_microsoft.windows.common-controls_6595b64144ccf1df_6.0.26100.7019_none_3e06ffa0e335b8a8\COMCTL32.dll
0x00007ffbd8730000 - 0x00007ffbd8757000 	C:\WINDOWS\System32\win32u.dll
0x00007ffbd8990000 - 0x00007ffbd89bb000 	C:\WINDOWS\System32\GDI32.dll
0x00007ffbd9000000 - 0x00007ffbd90a9000 	C:\WINDOWS\System32\msvcrt.dll
0x00007ffbd8570000 - 0x00007ffbd869c000 	C:\WINDOWS\System32\gdi32full.dll
0x00007ffbd7e80000 - 0x00007ffbd7f23000 	C:\WINDOWS\System32\msvcp_win.dll
0x00007ffbd9b10000 - 0x00007ffbd9b41000 	C:\WINDOWS\System32\IMM32.DLL
0x00007ffbac030000 - 0x00007ffbac03c000 	C:\Users\manuc\.sonar\cache\4bafe2e94439c8193fc8c68247cb0dbaf4e80265b903288f63f128304f129bbe\OpenJDK17U-jre_x64_windows_hotspot_17.0.11_9.zip_extracted\jdk-17.0.11+9-jre\bin\vcruntime140_1.dll
0x00007ffb4ed30000 - 0x00007ffb4edbd000 	C:\Users\manuc\.sonar\cache\4bafe2e94439c8193fc8c68247cb0dbaf4e80265b903288f63f128304f129bbe\OpenJDK17U-jre_x64_windows_hotspot_17.0.11_9.zip_extracted\jdk-17.0.11+9-jre\bin\msvcp140.dll
0x00007ffadb770000 - 0x00007ffadc3d2000 	C:\Users\manuc\.sonar\cache\4bafe2e94439c8193fc8c68247cb0dbaf4e80265b903288f63f128304f129bbe\OpenJDK17U-jre_x64_windows_hotspot_17.0.11_9.zip_extracted\jdk-17.0.11+9-jre\bin\server\jvm.dll
0x00007ffbda8c0000 - 0x00007ffbda974000 	C:\WINDOWS\System32\ADVAPI32.dll
0x00007ffbd8d80000 - 0x00007ffbd8e26000 	C:\WINDOWS\System32\sechost.dll
0x00007ffbd9630000 - 0x00007ffbd9748000 	C:\WINDOWS\System32\RPCRT4.dll
0x00007ffbd7970000 - 0x00007ffbd79ce000 	C:\WINDOWS\SYSTEM32\POWRPROF.dll
0x00007ffbb41c0000 - 0x00007ffbb41ca000 	C:\WINDOWS\SYSTEM32\WSOCK32.dll
0x00007ffbcefa0000 - 0x00007ffbcefd5000 	C:\WINDOWS\SYSTEM32\WINMM.dll
0x00007ffbd0bf0000 - 0x00007ffbd0bfb000 	C:\WINDOWS\SYSTEM32\VERSION.dll
0x00007ffbd9ef0000 - 0x00007ffbd9f64000 	C:\WINDOWS\System32\WS2_32.dll
0x00007ffbd7950000 - 0x00007ffbd7964000 	C:\WINDOWS\SYSTEM32\UMPDC.dll
0x00007ffbd6890000 - 0x00007ffbd68ab000 	C:\WINDOWS\SYSTEM32\kernel.appcore.dll
0x00007ffbaaf10000 - 0x00007ffbaaf1a000 	C:\Users\manuc\.sonar\cache\4bafe2e94439c8193fc8c68247cb0dbaf4e80265b903288f63f128304f129bbe\OpenJDK17U-jre_x64_windows_hotspot_17.0.11_9.zip_extracted\jdk-17.0.11+9-jre\bin\jimage.dll
0x00007ffbc92b0000 - 0x00007ffbc94f2000 	C:\WINDOWS\SYSTEM32\DBGHELP.DLL
0x00007ffbd9b60000 - 0x00007ffbd9eeb000 	C:\WINDOWS\System32\combase.dll
0x00007ffbd8ca0000 - 0x00007ffbd8d77000 	C:\WINDOWS\System32\OLEAUT32.dll
0x00007ffbb7370000 - 0x00007ffbb73ac000 	C:\WINDOWS\SYSTEM32\dbgcore.DLL
0x00007ffbd7dd0000 - 0x00007ffbd7e75000 	C:\WINDOWS\System32\bcryptPrimitives.dll
0x00007ffb80660000 - 0x00007ffb80685000 	C:\Users\manuc\.sonar\cache\4bafe2e94439c8193fc8c68247cb0dbaf4e80265b903288f63f128304f129bbe\OpenJDK17U-jre_x64_windows_hotspot_17.0.11_9.zip_extracted\jdk-17.0.11+9-jre\bin\java.dll
0x00007ffb4bd80000 - 0x00007ffb4be57000 	C:\Users\manuc\.sonar\cache\4bafe2e94439c8193fc8c68247cb0dbaf4e80265b903288f63f128304f129bbe\OpenJDK17U-jre_x64_windows_hotspot_17.0.11_9.zip_extracted\jdk-17.0.11+9-jre\bin\jsvml.dll
0x00007ffbd9f70000 - 0x00007ffbda6c1000 	C:\WINDOWS\System32\SHELL32.dll
0x00007ffbd7b10000 - 0x00007ffbd7c7b000 	C:\WINDOWS\System32\wintypes.dll
0x00007ffbd56f0000 - 0x00007ffbd5f4d000 	C:\WINDOWS\SYSTEM32\windows.storage.dll
0x00007ffbd8890000 - 0x00007ffbd8982000 	C:\WINDOWS\System32\SHCORE.dll
0x00007ffbd98b0000 - 0x00007ffbd9917000 	C:\WINDOWS\System32\shlwapi.dll
0x00007ffbd7a30000 - 0x00007ffbd7a59000 	C:\WINDOWS\SYSTEM32\profapi.dll
0x00007ffb884c0000 - 0x00007ffb884d9000 	C:\Users\manuc\.sonar\cache\4bafe2e94439c8193fc8c68247cb0dbaf4e80265b903288f63f128304f129bbe\OpenJDK17U-jre_x64_windows_hotspot_17.0.11_9.zip_extracted\jdk-17.0.11+9-jre\bin\net.dll
0x00007ffbd0920000 - 0x00007ffbd0a48000 	C:\WINDOWS\SYSTEM32\WINHTTP.dll
0x00007ffbd6de0000 - 0x00007ffbd6e4b000 	C:\WINDOWS\system32\mswsock.dll
0x00007ffb861b0000 - 0x00007ffb861c6000 	C:\Users\manuc\.sonar\cache\4bafe2e94439c8193fc8c68247cb0dbaf4e80265b903288f63f128304f129bbe\OpenJDK17U-jre_x64_windows_hotspot_17.0.11_9.zip_extracted\jdk-17.0.11+9-jre\bin\nio.dll
0x00007ffb7d0a0000 - 0x00007ffb7d0b8000 	C:\Users\manuc\.sonar\cache\4bafe2e94439c8193fc8c68247cb0dbaf4e80265b903288f63f128304f129bbe\OpenJDK17U-jre_x64_windows_hotspot_17.0.11_9.zip_extracted\jdk-17.0.11+9-jre\bin\zip.dll
0x00007ffba64b0000 - 0x00007ffba64c0000 	C:\Users\manuc\.sonar\cache\4bafe2e94439c8193fc8c68247cb0dbaf4e80265b903288f63f128304f129bbe\OpenJDK17U-jre_x64_windows_hotspot_17.0.11_9.zip_extracted\jdk-17.0.11+9-jre\bin\verify.dll
0x00007ffbd71d0000 - 0x00007ffbd71eb000 	C:\WINDOWS\SYSTEM32\CRYPTSP.dll
0x00007ffbd67f0000 - 0x00007ffbd682a000 	C:\WINDOWS\system32\rsaenh.dll
0x00007ffbd6e90000 - 0x00007ffbd6ebb000 	C:\WINDOWS\SYSTEM32\USERENV.dll
0x00007ffbd7a00000 - 0x00007ffbd7a2a000 	C:\WINDOWS\SYSTEM32\bcrypt.dll
0x00007ffbd7030000 - 0x00007ffbd703c000 	C:\WINDOWS\SYSTEM32\CRYPTBASE.dll
0x00007ffbd6280000 - 0x00007ffbd62b4000 	C:\WINDOWS\SYSTEM32\IPHLPAPI.DLL
0x00007ffbd8820000 - 0x00007ffbd882a000 	C:\WINDOWS\System32\NSI.dll
0x00007ffbd0c00000 - 0x00007ffbd0c1e000 	C:\WINDOWS\SYSTEM32\dhcpcsvc6.DLL
0x00007ffbd05d0000 - 0x00007ffbd05f3000 	C:\WINDOWS\SYSTEM32\dhcpcsvc.DLL
0x00007ffbd6310000 - 0x00007ffbd643c000 	C:\WINDOWS\SYSTEM32\DNSAPI.dll
0x00007ffba5710000 - 0x00007ffba571e000 	C:\Users\manuc\.sonar\cache\4bafe2e94439c8193fc8c68247cb0dbaf4e80265b903288f63f128304f129bbe\OpenJDK17U-jre_x64_windows_hotspot_17.0.11_9.zip_extracted\jdk-17.0.11+9-jre\bin\sunmscapi.dll
0x00007ffbd8330000 - 0x00007ffbd84a7000 	C:\WINDOWS\System32\CRYPT32.dll
0x00007ffbd7320000 - 0x00007ffbd7350000 	C:\WINDOWS\SYSTEM32\ncrypt.dll
0x00007ffbd72d0000 - 0x00007ffbd730f000 	C:\WINDOWS\SYSTEM32\NTASN1.dll
0x00007ffbd7230000 - 0x00007ffbd7243000 	C:\WINDOWS\SYSTEM32\MSASN1.dll
0x00007ffbd6e50000 - 0x00007ffbd6e82000 	C:\WINDOWS\SYSTEM32\gpapi.dll
0x00007ffbca100000 - 0x00007ffbca13b000 	C:\WINDOWS\SYSTEM32\cryptnet.dll
0x00007ffbd7710000 - 0x00007ffbd771a000 	C:\WINDOWS\SYSTEM32\DPAPI.dll
0x00007ffbb81a0000 - 0x00007ffbb822d000 	C:\WINDOWS\system32\ncryptprov.dll
0x00007ffbcfa20000 - 0x00007ffbcfa2b000 	C:\Windows\System32\rasadhlp.dll
0x00007ffbd0b60000 - 0x00007ffbd0be6000 	C:\WINDOWS\System32\fwpuclnt.dll
0x00007ffb9dc40000 - 0x00007ffb9dc49000 	C:\Users\manuc\.sonar\cache\4bafe2e94439c8193fc8c68247cb0dbaf4e80265b903288f63f128304f129bbe\OpenJDK17U-jre_x64_windows_hotspot_17.0.11_9.zip_extracted\jdk-17.0.11+9-jre\bin\extnet.dll
0x00007ffb8b2b0000 - 0x00007ffb8b2b8000 	C:\WINDOWS\system32\wshunix.dll

dbghelp: loaded successfully - version: 4.0.5 - missing functions: none
symbol engine: initialized successfully - sym options: 0x614 - pdb path: .;C:\Users\manuc\.sonar\cache\4bafe2e94439c8193fc8c68247cb0dbaf4e80265b903288f63f128304f129bbe\OpenJDK17U-jre_x64_windows_hotspot_17.0.11_9.zip_extracted\jdk-17.0.11+9-jre\bin;C:\WINDOWS\SYSTEM32;C:\WINDOWS\WinSxS\amd64_microsoft.windows.common-controls_6595b64144ccf1df_6.0.26100.7019_none_3e06ffa0e335b8a8;C:\Users\manuc\.sonar\cache\4bafe2e94439c8193fc8c68247cb0dbaf4e80265b903288f63f128304f129bbe\OpenJDK17U-jre_x64_windows_hotspot_17.0.11_9.zip_extracted\jdk-17.0.11+9-jre\bin\server

VM Arguments:
jvm_args: -Dorg.bouncycastle.pkcs12.ignore_useless_passwd=true 
java_command: C:\Users\manuc\.sonar\cache\2df641182fdb086f2742d159a7c020a8e93583fc618666f9d2245c7f9df82d7e\sonar-scanner-engine-shaded-10.6.0.92116-all.jar
java_class_path (initial): C:\Users\manuc\.sonar\cache\2df641182fdb086f2742d159a7c020a8e93583fc618666f9d2245c7f9df82d7e\sonar-scanner-engine-shaded-10.6.0.92116-all.jar
Launcher Type: SUN_STANDARD

[Global flags]
     intx CICompilerCount                          = 4                                         {product} {ergonomic}
     uint ConcGCThreads                            = 3                                         {product} {ergonomic}
     uint G1ConcRefinementThreads                  = 10                                        {product} {ergonomic}
   size_t G1HeapRegionSize                         = 1048576                                   {product} {ergonomic}
    uintx GCDrainStackTargetSize                   = 64                                        {product} {ergonomic}
   size_t InitialHeapSize                          = 123731968                                 {product} {ergonomic}
   size_t MarkStackSize                            = 4194304                                   {product} {ergonomic}
   size_t MaxHeapSize                              = 1971322880                                {product} {ergonomic}
   size_t MaxNewSize                               = 1182793728                                {product} {ergonomic}
   size_t MinHeapDeltaBytes                        = 1048576                                   {product} {ergonomic}
   size_t MinHeapSize                              = 8388608                                   {product} {ergonomic}
    uintx NonNMethodCodeHeapSize                   = 5839372                                {pd product} {ergonomic}
    uintx NonProfiledCodeHeapSize                  = 122909434                              {pd product} {ergonomic}
    uintx ProfiledCodeHeapSize                     = 122909434                              {pd product} {ergonomic}
    uintx ReservedCodeCacheSize                    = 251658240                              {pd product} {ergonomic}
     bool SegmentedCodeCache                       = true                                      {product} {ergonomic}
   size_t SoftMaxHeapSize                          = 1971322880                             {manageable} {ergonomic}
     bool UseCompressedClassPointers               = true                           {product lp64_product} {ergonomic}
     bool UseCompressedOops                        = true                           {product lp64_product} {ergonomic}
     bool UseG1GC                                  = true                                      {product} {ergonomic}
     bool UseLargePagesIndividualAllocation        = false                                  {pd product} {ergonomic}

Logging:
Log output configuration:
 #0: stdout all=warning uptime,level,tags
 #1: stderr all=off uptime,level,tags

Environment Variables:
JAVA_HOME=C:\sonarqube\sonar-scanner-cli-7.2.0.5079-windows-x64\sonar-scanner-7.2.0.5079-windows-x64\bin\..\jre
PATH=C:\app\manuc\product\21c\dbhomeXE\bin;C:\Program Files\Java\jdk-23\bin;C:\apache-maven-3.9.9\bin;C:\Program Files\Common Files\Oracle\Java\javapath;C:\Program Files (x86)\Common Files\Oracle\Java\java8path;C:\Program Files (x86)\Common Files\Oracle\Java\javapath;C:\Windows\system32;C:\Windows;C:\Windows\System32\Wbem;C:\Windows\System32\WindowsPowerShell\v1.0\;C:\Windows\System32\OpenSSH\;C:\Program Files\NVIDIA Corporation\NVIDIA NvDLISR;C:\Program Files (x86)\NVIDIA Corporation\PhysX\Common;C:\Program Files (x86)\HP\Common\HPDestPlgIn\;C:\Program Files\Microsoft SQL Server\150\Tools\Binn\;C:\Program Files\Microsoft SQL Server\Client SDK\ODBC\170\Tools\Binn\;C:\Program Files\Git\cmd;C:\Strawberry\c\bin;C:\Strawberry\perl\site\bin;C:\Strawberry\perl\bin;C:\Program Files\dotnet\;C:\WINDOWS\system32;C:\WINDOWS;C:\WINDOWS\System32\Wbem;C:\WINDOWS\System32\WindowsPowerShell\v1.0\;C:\WINDOWS\System32\OpenSSH\;C:\Program Files (x86)\Microsoft SQL Server\160\Tools\Binn\;C:\Program Files\Microsoft SQL Server\160\Tools\Binn\;C:\Program Files\Microsoft SQL Server\160\DTS\Binn\;C:\Program Files (x86)\Microsoft SQL Server\160\DTS\Binn\;C:\Program Files\nodejs\;C:\sonarqube\sonar-scanner-cli-7.2.0.5079-windows-x64\sonar-scanner-7.2.0.5079-windows-x64\bin;C:\Program Files\OpenSSL-Win64\bin;$env:PATH“
USERNAME=manuc
OS=Windows_NT
PROCESSOR_IDENTIFIER=AMD64 Family 25 Model 80 Stepping 0, AuthenticAMD
TMP=C:\Users\manuc\AppData\Local\Temp
TEMP=C:\Users\manuc\AppData\Local\Temp



Periodic native trim disabled


---------------  S Y S T E M  ---------------

OS:
 Windows 11 , 64 bit Build 26100 (10.0.26100.7019)
OS uptime: 3 days 2:51 hours
Hyper-V role detected

CPU: total 12 (initial active 12) (12 cores per cpu, 2 threads per core) family 25 model 80 stepping 0 microcode 0xa50000f, cx8, cmov, fxsr, ht, mmx, 3dnowpref, sse, sse2, sse3, ssse3, sse4a, sse4.1, sse4.2, popcnt, lzcnt, tsc, tscinvbit, avx, avx2, aes, erms, clmul, bmi1, bmi2, adx, sha, fma, vzeroupper, clflush, clflushopt, hv
Processor Information for processor 0
  Max Mhz: 3301, Current Mhz: 3301, Mhz Limit: 3301
Processor Information for processor 1
  Max Mhz: 3301, Current Mhz: 3301, Mhz Limit: 3301
Processor Information for processor 2
  Max Mhz: 3301, Current Mhz: 3301, Mhz Limit: 3301
Processor Information for processor 3
  Max Mhz: 3301, Current Mhz: 2011, Mhz Limit: 3301
Processor Information for processor 4
  Max Mhz: 3301, Current Mhz: 3301, Mhz Limit: 3301
Processor Information for processor 5
  Max Mhz: 3301, Current Mhz: 2011, Mhz Limit: 3301
Processor Information for processor 6
  Max Mhz: 3301, Current Mhz: 2011, Mhz Limit: 3301
Processor Information for processor 7
  Max Mhz: 3301, Current Mhz: 3301, Mhz Limit: 3301
Processor Information for processor 8
  Max Mhz: 3301, Current Mhz: 2011, Mhz Limit: 3301
Processor Information for processor 9
  Max Mhz: 3301, Current Mhz: 2011, Mhz Limit: 3301
Processor Information for processor 10
  Max Mhz: 3301, Current Mhz: 2011, Mhz Limit: 3301
Processor Information for processor 11
  Max Mhz: 3301, Current Mhz: 2011, Mhz Limit: 3301

Memory: 4k page, system-wide physical 7518M (482M free)
TotalPageFile size 31070M (AvailPageFile size 17M)
current process WorkingSet (physical memory assigned to process): 233M, peak: 245M
current process commit charge ("private bytes"): 331M, peak: 332M

vm_info: OpenJDK 64-Bit Server VM (17.0.11+9) for windows-amd64 JRE (17.0.11+9), built on Apr 17 2024 06:07:48 by "admin" with MS VC++ 16.10 / 16.11 (VS2019)

END.
