#
# There is insufficient memory for the Java Runtime Environment to continue.
# Native memory allocation (malloc) failed to allocate 1555376 bytes. Error detail: Chunk::new
# Possible reasons:
#   The system is out of physical RAM or swap space
#   This process is running with CompressedOops enabled, and the Java Heap may be blocking the growth of the native heap
# Possible solutions:
#   Reduce memory load on the system
#   Increase physical memory or swap space
#   Check if swap backing store is full
#   Decrease Java heap size (-Xmx/-Xms)
#   Decrease number of Java threads
#   Decrease Java thread stack sizes (-Xss)
#   Set larger code cache with -XX:ReservedCodeCacheSize=
#   JVM is running with Unscaled Compressed Oops mode in which the Java heap is
#     placed in the first 4GB address space. The Java Heap base address is the
#     maximum limit for the native heap growth. Please use -XX:HeapBaseMinAddress
#     to set the Java Heap base and to place the Java Heap above 4GB virtual address.
# This output file may be truncated or incomplete.
#
#  Out of Memory Error (arena.cpp:168), pid=27788, tid=25008
#
# JRE version: OpenJDK Runtime Environment Temurin-21.0.8+9 (21.0.8+9) (build 21.0.8+9-LTS)
# Java VM: OpenJDK 64-Bit Server VM Temurin-21.0.8+9 (21.0.8+9-LTS, mixed mode, sharing, tiered, compressed oops, compressed class ptrs, parallel gc, windows-amd64)
# No core dump will be written. Minidumps are not enabled by default on client versions of Windows
#

---------------  S U M M A R Y ------------

Command Line: --add-modules=ALL-SYSTEM --add-opens=java.base/java.util=ALL-UNNAMED --add-opens=java.base/java.lang=ALL-UNNAMED --add-opens=java.base/sun.nio.fs=ALL-UNNAMED -Declipse.application=org.eclipse.jdt.ls.core.id1 -Dosgi.bundles.defaultStartLevel=4 -Declipse.product=org.eclipse.jdt.ls.core.product -Djava.import.generatesMetadataFilesAtProjectRoot=false -DDetectVMInstallationsJob.disabled=true -Dfile.encoding=utf8 -XX:+UseParallelGC -XX:GCTimeRatio=4 -XX:AdaptiveSizePolicyWeight=90 -Dsun.zip.disableMemoryMapping=true -Xmx2G -Xms100m -Xlog:disable -javaagent:c:\Users\manuc\.vscode\extensions\redhat.java-1.47.0-win32-x64\lombok\lombok-1.18.39-4050.jar c:\Users\manuc\.vscode\extensions\redhat.java-1.47.0-win32-x64\server\plugins\org.eclipse.equinox.launcher_1.7.100.v20251014-1222.jar -configuration c:\Users\manuc\AppData\Roaming\Code\User\globalStorage\redhat.java\1.47.0\config_ss_win -data c:\Users\manuc\AppData\Roaming\Code\User\workspaceStorage\f51a7fed16c578cf60c55cd66b129914\redhat.java\ss_ws --pipe=\\.\pipe\lsp-ec54b03c1f582fce4a60386050029262-sock

Host: AMD Ryzen 5 5600H with Radeon Graphics         , 12 cores, 7G,  Windows 11 , 64 bit Build 26100 (10.0.26100.7019)
Time: Mon Nov  3 23:52:24 2025 Hora estándar romance elapsed time: 8.316420 seconds (0d 0h 0m 8s)

---------------  T H R E A D  ---------------

Current thread (0x00000206eafa7250):  JavaThread "C2 CompilerThread0" daemon [_thread_in_native, id=25008, stack(0x0000006fc6700000,0x0000006fc6800000) (1024K)]


Current CompileTask:
C2:8316 2554       4       org.lombokweb.asm.ClassReader::readMethod (1070 bytes)

Stack: [0x0000006fc6700000,0x0000006fc6800000]
Native frames: (J=compiled Java code, j=interpreted, Vv=VM code, C=native code)
V  [jvm.dll+0x6d2449]
V  [jvm.dll+0x8ae341]
V  [jvm.dll+0x8b08be]
V  [jvm.dll+0x8b0fa3]
V  [jvm.dll+0x280c96]
V  [jvm.dll+0xc581d]
V  [jvm.dll+0xc5d53]
V  [jvm.dll+0x3b9162]
V  [jvm.dll+0x385315]
V  [jvm.dll+0x38477a]
V  [jvm.dll+0x248ed0]
V  [jvm.dll+0x2484af]
V  [jvm.dll+0x1c89ee]
V  [jvm.dll+0x257d4d]
V  [jvm.dll+0x2562ea]
V  [jvm.dll+0x3f2d16]
V  [jvm.dll+0x857e6b]
V  [jvm.dll+0x6d0b0d]
C  [ucrtbase.dll+0x37b0]
C  [KERNEL32.DLL+0x2e8d7]
C  [ntdll.dll+0x8c53c]


---------------  P R O C E S S  ---------------

Threads class SMR info:
_java_thread_list=0x00000206f10403b0, length=18, elements={
0x00000206d329e2b0, 0x00000206d33433c0, 0x00000206d324c880, 0x00000206d3349780,
0x00000206d334c2e0, 0x00000206d334ed80, 0x00000206d33500a0, 0x00000206eafa7250,
0x00000206eafaa040, 0x00000206eb09d830, 0x00000206eb20bb00, 0x00000206f06846e0,
0x00000206f0bec5f0, 0x00000206f0be9e90, 0x00000206f0beabb0, 0x00000206f0beb8d0,
0x00000206f0bebf60, 0x00000206f0beb240
}

Java Threads: ( => current thread )
  0x00000206d329e2b0 JavaThread "main"                              [_thread_blocked, id=29216, stack(0x0000006fc5d00000,0x0000006fc5e00000) (1024K)]
  0x00000206d33433c0 JavaThread "Reference Handler"          daemon [_thread_blocked, id=18696, stack(0x0000006fc6100000,0x0000006fc6200000) (1024K)]
  0x00000206d324c880 JavaThread "Finalizer"                  daemon [_thread_blocked, id=27300, stack(0x0000006fc6200000,0x0000006fc6300000) (1024K)]
  0x00000206d3349780 JavaThread "Signal Dispatcher"          daemon [_thread_blocked, id=28696, stack(0x0000006fc6300000,0x0000006fc6400000) (1024K)]
  0x00000206d334c2e0 JavaThread "Attach Listener"            daemon [_thread_blocked, id=30924, stack(0x0000006fc6400000,0x0000006fc6500000) (1024K)]
  0x00000206d334ed80 JavaThread "Service Thread"             daemon [_thread_blocked, id=26060, stack(0x0000006fc6500000,0x0000006fc6600000) (1024K)]
  0x00000206d33500a0 JavaThread "Monitor Deflation Thread"   daemon [_thread_blocked, id=31156, stack(0x0000006fc6600000,0x0000006fc6700000) (1024K)]
=>0x00000206eafa7250 JavaThread "C2 CompilerThread0"         daemon [_thread_in_native, id=25008, stack(0x0000006fc6700000,0x0000006fc6800000) (1024K)]
  0x00000206eafaa040 JavaThread "C1 CompilerThread0"         daemon [_thread_in_native, id=28012, stack(0x0000006fc6800000,0x0000006fc6900000) (1024K)]
  0x00000206eb09d830 JavaThread "Common-Cleaner"             daemon [_thread_blocked, id=30572, stack(0x0000006fc6900000,0x0000006fc6a00000) (1024K)]
  0x00000206eb20bb00 JavaThread "Notification Thread"        daemon [_thread_blocked, id=28140, stack(0x0000006fc6a00000,0x0000006fc6b00000) (1024K)]
  0x00000206f06846e0 JavaThread "Active Thread: Equinox Container: 25ed6ec6-6848-4c28-b0b8-a74f043dc385"        [_thread_blocked, id=19000, stack(0x0000006fc7200000,0x0000006fc7300000) (1024K)]
  0x00000206f0bec5f0 JavaThread "Framework Event Dispatcher: Equinox Container: 25ed6ec6-6848-4c28-b0b8-a74f043dc385" daemon [_thread_blocked, id=2972, stack(0x0000006fc7300000,0x0000006fc7400000) (1024K)]
  0x00000206f0be9e90 JavaThread "Start Level: Equinox Container: 25ed6ec6-6848-4c28-b0b8-a74f043dc385" daemon [_thread_in_vm, id=18744, stack(0x0000006fc7400000,0x0000006fc7500000) (1024K)]
  0x00000206f0beabb0 JavaThread "SCR Component Actor"        daemon [_thread_blocked, id=28432, stack(0x0000006fc7600000,0x0000006fc7700000) (1024K)]
  0x00000206f0beb8d0 JavaThread "Worker-JM"                         [_thread_blocked, id=29448, stack(0x0000006fc7700000,0x0000006fc7800000) (1024K)]
  0x00000206f0bebf60 JavaThread "Worker-0"                          [_thread_blocked, id=30328, stack(0x0000006fc7a00000,0x0000006fc7b00000) (1024K)]
  0x00000206f0beb240 JavaThread "Worker-1"                          [_thread_blocked, id=29400, stack(0x0000006fc7b00000,0x0000006fc7c00000) (1024K)]
Total: 18

Other Threads:
  0x00000206d333e830 VMThread "VM Thread"                           [id=28808, stack(0x0000006fc6000000,0x0000006fc6100000) (1024K)]
  0x00000206d312ca10 WatcherThread "VM Periodic Task Thread"        [id=28760, stack(0x0000006fc5f00000,0x0000006fc6000000) (1024K)]
  0x00000206d32bc900 WorkerThread "GC Thread#0"                     [id=30592, stack(0x0000006fc5e00000,0x0000006fc5f00000) (1024K)]
  0x00000206f01bde30 WorkerThread "GC Thread#1"                     [id=17392, stack(0x0000006fc6b00000,0x0000006fc6c00000) (1024K)]
  0x00000206f01bcc10 WorkerThread "GC Thread#2"                     [id=29968, stack(0x0000006fc6c00000,0x0000006fc6d00000) (1024K)]
  0x00000206f01bcfb0 WorkerThread "GC Thread#3"                     [id=27728, stack(0x0000006fc6d00000,0x0000006fc6e00000) (1024K)]
  0x00000206f01bda90 WorkerThread "GC Thread#4"                     [id=30496, stack(0x0000006fc6e00000,0x0000006fc6f00000) (1024K)]
  0x00000206f01be1d0 WorkerThread "GC Thread#5"                     [id=19560, stack(0x0000006fc6f00000,0x0000006fc7000000) (1024K)]
  0x00000206f01bd350 WorkerThread "GC Thread#6"                     [id=31056, stack(0x0000006fc7000000,0x0000006fc7100000) (1024K)]
  0x00000206f01bd6f0 WorkerThread "GC Thread#7"                     [id=29468, stack(0x0000006fc7500000,0x0000006fc7600000) (1024K)]
  0x00000206f0c632e0 WorkerThread "GC Thread#8"                     [id=27708, stack(0x0000006fc7800000,0x0000006fc7900000) (1024K)]
  0x00000206f0c620c0 WorkerThread "GC Thread#9"                     [id=31080, stack(0x0000006fc7900000,0x0000006fc7a00000) (1024K)]
Total: 12

Threads with active compile tasks:
C2 CompilerThread0  8337 2554       4       org.lombokweb.asm.ClassReader::readMethod (1070 bytes)
C1 CompilerThread0  8337 2648       3       jdk.internal.reflect.ReflectionFactory::newFieldAccessor (93 bytes)
Total: 2

VM state: not at safepoint (normal execution)

VM Mutex/Monitor currently owned by a thread: None

Heap address: 0x0000000080000000, size: 2048 MB, Compressed Oops mode: 32-bit

CDS archive(s) mapped at: [0x0000020680000000-0x0000020680ba0000-0x0000020680ba0000), size 12189696, SharedBaseAddress: 0x0000020680000000, ArchiveRelocationMode: 1.
Compressed class space mapped at: 0x0000020681000000-0x00000206c1000000, reserved size: 1073741824
Narrow klass base: 0x0000020680000000, Narrow klass shift: 0, Narrow klass range: 0x100000000

GC Precious Log:
 CardTable entry size: 512
 CPUs: 12 total, 12 available
 Memory: 7518M
 Large Page Support: Disabled
 NUMA Support: Disabled
 Compressed Oops: Enabled (32-bit)
 Alignments: Space 512K, Generation 512K, Heap 2M
 Heap Min Capacity: 100M
 Heap Initial Capacity: 100M
 Heap Max Capacity: 2G
 Pre-touch: Disabled
 Parallel Workers: 10

Heap:
 PSYoungGen      total 29696K, used 23038K [0x00000000d5580000, 0x00000000d7680000, 0x0000000100000000)
  eden space 25600K, 74% used [0x00000000d5580000,0x00000000d68059b8,0x00000000d6e80000)
  from space 4096K, 99% used [0x00000000d6e80000,0x00000000d7279ef8,0x00000000d7280000)
  to   space 4096K, 0% used [0x00000000d7280000,0x00000000d7280000,0x00000000d7680000)
 ParOldGen       total 68608K, used 5640K [0x0000000080000000, 0x0000000084300000, 0x00000000d5580000)
  object space 68608K, 8% used [0x0000000080000000,0x00000000805821e8,0x0000000084300000)
 Metaspace       used 20761K, committed 21312K, reserved 1114112K
  class space    used 2000K, committed 2240K, reserved 1048576K

Card table byte_map: [0x00000206d2c40000,0x00000206d3050000] _byte_map_base: 0x00000206d2840000

Marking Bits: (ParMarkBitMap*) 0x00007ffcbd25a340
 Begin Bits: [0x00000206e5740000, 0x00000206e7740000)
 End Bits:   [0x00000206e7740000, 0x00000206e9740000)

Polling page: 0x00000206d0fb0000

Metaspace:

Usage:
  Non-class:     18.32 MB used.
      Class:      1.95 MB used.
       Both:     20.27 MB used.

Virtual space:
  Non-class space:       64.00 MB reserved,      18.62 MB ( 29%) committed,  1 nodes.
      Class space:        1.00 GB reserved,       2.19 MB ( <1%) committed,  1 nodes.
             Both:        1.06 GB reserved,      20.81 MB (  2%) committed. 

Chunk freelists:
   Non-Class:  12.52 MB
       Class:  13.82 MB
        Both:  26.33 MB

MaxMetaspaceSize: unlimited
CompressedClassSpaceSize: 1.00 GB
Initial GC threshold: 21.00 MB
Current GC threshold: 21.00 MB
CDS: on
 - commit_granule_bytes: 65536.
 - commit_granule_words: 8192.
 - virtual_space_node_default_size: 8388608.
 - enlarge_chunks_in_place: 1.
 - use_allocation_guard: 0.


Internal statistics:

num_allocs_failed_limit: 0.
num_arena_births: 478.
num_arena_deaths: 0.
num_vsnodes_births: 2.
num_vsnodes_deaths: 0.
num_space_committed: 333.
num_space_uncommitted: 0.
num_chunks_returned_to_freelist: 0.
num_chunks_taken_from_freelist: 1250.
num_chunk_merges: 0.
num_chunk_splits: 815.
num_chunks_enlarged: 531.
num_inconsistent_stats: 0.

CodeHeap 'non-profiled nmethods': size=120000Kb used=1155Kb max_used=1155Kb free=118844Kb
 bounds [0x00000206ddf60000, 0x00000206de1d0000, 0x00000206e5490000]
CodeHeap 'profiled nmethods': size=120000Kb used=5302Kb max_used=5302Kb free=114697Kb
 bounds [0x00000206d6490000, 0x00000206d69c0000, 0x00000206dd9c0000]
CodeHeap 'non-nmethods': size=5760Kb used=1307Kb max_used=1330Kb free=4453Kb
 bounds [0x00000206dd9c0000, 0x00000206ddc30000, 0x00000206ddf60000]
CodeCache: size=245760Kb, used=7764Kb, max_used=7787Kb, free=237994Kb
 total_blobs=3243, nmethods=2655, adapters=494, full_count=0
Compilation: enabled, stopped_count=0, restarted_count=0

Compilation events (20 events):
Event: 7.287 Thread 0x00000206eafaa040 nmethod 2631 0x00000206d69ae610 code [0x00000206d69ae7a0, 0x00000206d69ae8a8]
Event: 7.289 Thread 0x00000206eafaa040 2632       3       sun.net.util.IPAddressUtil::checkExternalForm (98 bytes)
Event: 7.290 Thread 0x00000206eafaa040 nmethod 2632 0x00000206d69ae990 code [0x00000206d69aeb80, 0x00000206d69aeeb8]
Event: 7.292 Thread 0x00000206eafaa040 2633       3       lombok.launch.PackageShader::apply (252 bytes)
Event: 7.292 Thread 0x00000206eafaa040 nmethod 2633 0x00000206d69af010 code [0x00000206d69af260, 0x00000206d69afd10]
Event: 7.301 Thread 0x00000206eafaa040 2635       3       java.io.File::getCanonicalPath (31 bytes)
Event: 7.301 Thread 0x00000206eafaa040 nmethod 2635 0x00000206d69b0310 code [0x00000206d69b0500, 0x00000206d69b07d8]
Event: 7.301 Thread 0x00000206f0129f10 nmethod 2618 0x00000206de07ca10 code [0x00000206de07cfc0, 0x00000206de07e8a0]
Event: 7.301 Thread 0x00000206eafaa040 2636   !   3       java.io.WinNTFileSystem::canonicalize (199 bytes)
Event: 7.301 Thread 0x00000206f0129f10 2634       4       jdk.internal.module.ModuleReferenceImpl::hashCode (56 bytes)
Event: 7.302 Thread 0x00000206f0129f10 nmethod 2634 0x00000206de07fb10 code [0x00000206de07fca0, 0x00000206de07fd48]
Event: 7.302 Thread 0x00000206f0129f10 2613       4       lombok.patcher.MethodTarget::matches (29 bytes)
Event: 7.303 Thread 0x00000206f0129f10 nmethod 2613 0x00000206de07fe10 code [0x00000206de07ffc0, 0x00000206de080218]
Event: 7.303 Thread 0x00000206f0129f10 2626       4       org.lombokweb.asm.ByteVector::putByte (39 bytes)
Event: 7.303 Thread 0x00000206eafaa040 nmethod 2636 0x00000206d69b0910 code [0x00000206d69b0f00, 0x00000206d69b3fe8]
Event: 7.304 Thread 0x00000206f0129f10 nmethod 2626 0x00000206de080390 code [0x00000206de080520, 0x00000206de080688]
Event: 7.304 Thread 0x00000206f0129f10 2637       4       java.util.concurrent.locks.ReentrantLock$Sync::tryRelease (51 bytes)
Event: 7.304 Thread 0x00000206f0129f10 nmethod 2637 0x00000206de080790 code [0x00000206de080920, 0x00000206de0809f8]
Event: 7.304 Thread 0x00000206f0129f10 2616       4       org.lombokweb.asm.ClassReader::readShort (27 bytes)
Event: 7.305 Thread 0x00000206f0129f10 nmethod 2616 0x00000206de080a90 code [0x00000206de080c20, 0x00000206de080d30]

GC Heap History (10 events):
Event: 2.706 GC heap before
{Heap before GC invocations=1 (full 0):
 PSYoungGen      total 29696K, used 25600K [0x00000000d5580000, 0x00000000d7680000, 0x0000000100000000)
  eden space 25600K, 100% used [0x00000000d5580000,0x00000000d6e80000,0x00000000d6e80000)
  from space 4096K, 0% used [0x00000000d7280000,0x00000000d7280000,0x00000000d7680000)
  to   space 4096K, 0% used [0x00000000d6e80000,0x00000000d6e80000,0x00000000d7280000)
 ParOldGen       total 68608K, used 0K [0x0000000080000000, 0x0000000084300000, 0x00000000d5580000)
  object space 68608K, 0% used [0x0000000080000000,0x0000000080000000,0x0000000084300000)
 Metaspace       used 4340K, committed 4544K, reserved 1114112K
  class space    used 473K, committed 576K, reserved 1048576K
}
Event: 2.713 GC heap after
{Heap after GC invocations=1 (full 0):
 PSYoungGen      total 29696K, used 3280K [0x00000000d5580000, 0x00000000d7680000, 0x0000000100000000)
  eden space 25600K, 0% used [0x00000000d5580000,0x00000000d5580000,0x00000000d6e80000)
  from space 4096K, 80% used [0x00000000d6e80000,0x00000000d71b4148,0x00000000d7280000)
  to   space 4096K, 0% used [0x00000000d7280000,0x00000000d7280000,0x00000000d7680000)
 ParOldGen       total 68608K, used 16K [0x0000000080000000, 0x0000000084300000, 0x00000000d5580000)
  object space 68608K, 0% used [0x0000000080000000,0x0000000080004000,0x0000000084300000)
 Metaspace       used 4340K, committed 4544K, reserved 1114112K
  class space    used 473K, committed 576K, reserved 1048576K
}
Event: 4.328 GC heap before
{Heap before GC invocations=2 (full 0):
 PSYoungGen      total 29696K, used 28880K [0x00000000d5580000, 0x00000000d7680000, 0x0000000100000000)
  eden space 25600K, 100% used [0x00000000d5580000,0x00000000d6e80000,0x00000000d6e80000)
  from space 4096K, 80% used [0x00000000d6e80000,0x00000000d71b4148,0x00000000d7280000)
  to   space 4096K, 0% used [0x00000000d7280000,0x00000000d7280000,0x00000000d7680000)
 ParOldGen       total 68608K, used 16K [0x0000000080000000, 0x0000000084300000, 0x00000000d5580000)
  object space 68608K, 0% used [0x0000000080000000,0x0000000080004000,0x0000000084300000)
 Metaspace       used 8090K, committed 8384K, reserved 1114112K
  class space    used 859K, committed 960K, reserved 1048576K
}
Event: 4.334 GC heap after
{Heap after GC invocations=2 (full 0):
 PSYoungGen      total 29696K, used 4077K [0x00000000d5580000, 0x00000000d7680000, 0x0000000100000000)
  eden space 25600K, 0% used [0x00000000d5580000,0x00000000d5580000,0x00000000d6e80000)
  from space 4096K, 99% used [0x00000000d7280000,0x00000000d767b670,0x00000000d7680000)
  to   space 4096K, 0% used [0x00000000d6e80000,0x00000000d6e80000,0x00000000d7280000)
 ParOldGen       total 68608K, used 892K [0x0000000080000000, 0x0000000084300000, 0x00000000d5580000)
  object space 68608K, 1% used [0x0000000080000000,0x00000000800df238,0x0000000084300000)
 Metaspace       used 8090K, committed 8384K, reserved 1114112K
  class space    used 859K, committed 960K, reserved 1048576K
}
Event: 4.760 GC heap before
{Heap before GC invocations=3 (full 0):
 PSYoungGen      total 29696K, used 29677K [0x00000000d5580000, 0x00000000d7680000, 0x0000000100000000)
  eden space 25600K, 100% used [0x00000000d5580000,0x00000000d6e80000,0x00000000d6e80000)
  from space 4096K, 99% used [0x00000000d7280000,0x00000000d767b670,0x00000000d7680000)
  to   space 4096K, 0% used [0x00000000d6e80000,0x00000000d6e80000,0x00000000d7280000)
 ParOldGen       total 68608K, used 892K [0x0000000080000000, 0x0000000084300000, 0x00000000d5580000)
  object space 68608K, 1% used [0x0000000080000000,0x00000000800df238,0x0000000084300000)
 Metaspace       used 12846K, committed 13376K, reserved 1114112K
  class space    used 1367K, committed 1600K, reserved 1048576K
}
Event: 4.764 GC heap after
{Heap after GC invocations=3 (full 0):
 PSYoungGen      total 29696K, used 4086K [0x00000000d5580000, 0x00000000d7680000, 0x0000000100000000)
  eden space 25600K, 0% used [0x00000000d5580000,0x00000000d5580000,0x00000000d6e80000)
  from space 4096K, 99% used [0x00000000d6e80000,0x00000000d727d8f8,0x00000000d7280000)
  to   space 4096K, 0% used [0x00000000d7280000,0x00000000d7280000,0x00000000d7680000)
 ParOldGen       total 68608K, used 2694K [0x0000000080000000, 0x0000000084300000, 0x00000000d5580000)
  object space 68608K, 3% used [0x0000000080000000,0x00000000802a1950,0x0000000084300000)
 Metaspace       used 12846K, committed 13376K, reserved 1114112K
  class space    used 1367K, committed 1600K, reserved 1048576K
}
Event: 4.999 GC heap before
{Heap before GC invocations=4 (full 0):
 PSYoungGen      total 29696K, used 29478K [0x00000000d5580000, 0x00000000d7680000, 0x0000000100000000)
  eden space 25600K, 99% used [0x00000000d5580000,0x00000000d6e4c218,0x00000000d6e80000)
  from space 4096K, 99% used [0x00000000d6e80000,0x00000000d727d8f8,0x00000000d7280000)
  to   space 4096K, 0% used [0x00000000d7280000,0x00000000d7280000,0x00000000d7680000)
 ParOldGen       total 68608K, used 2694K [0x0000000080000000, 0x0000000084300000, 0x00000000d5580000)
  object space 68608K, 3% used [0x0000000080000000,0x00000000802a1950,0x0000000084300000)
 Metaspace       used 15916K, committed 16512K, reserved 1114112K
  class space    used 1664K, committed 1920K, reserved 1048576K
}
Event: 5.002 GC heap after
{Heap after GC invocations=4 (full 0):
 PSYoungGen      total 29696K, used 4080K [0x00000000d5580000, 0x00000000d7680000, 0x0000000100000000)
  eden space 25600K, 0% used [0x00000000d5580000,0x00000000d5580000,0x00000000d6e80000)
  from space 4096K, 99% used [0x00000000d7280000,0x00000000d767c0a0,0x00000000d7680000)
  to   space 4096K, 0% used [0x00000000d6e80000,0x00000000d6e80000,0x00000000d7280000)
 ParOldGen       total 68608K, used 5624K [0x0000000080000000, 0x0000000084300000, 0x00000000d5580000)
  object space 68608K, 8% used [0x0000000080000000,0x000000008057e1e8,0x0000000084300000)
 Metaspace       used 15916K, committed 16512K, reserved 1114112K
  class space    used 1664K, committed 1920K, reserved 1048576K
}
Event: 5.170 GC heap before
{Heap before GC invocations=5 (full 0):
 PSYoungGen      total 29696K, used 29680K [0x00000000d5580000, 0x00000000d7680000, 0x0000000100000000)
  eden space 25600K, 100% used [0x00000000d5580000,0x00000000d6e80000,0x00000000d6e80000)
  from space 4096K, 99% used [0x00000000d7280000,0x00000000d767c0a0,0x00000000d7680000)
  to   space 4096K, 0% used [0x00000000d6e80000,0x00000000d6e80000,0x00000000d7280000)
 ParOldGen       total 68608K, used 5624K [0x0000000080000000, 0x0000000084300000, 0x00000000d5580000)
  object space 68608K, 8% used [0x0000000080000000,0x000000008057e1e8,0x0000000084300000)
 Metaspace       used 19945K, committed 20608K, reserved 1114112K
  class space    used 1955K, committed 2240K, reserved 1048576K
}
Event: 7.183 GC heap after
{Heap after GC invocations=5 (full 0):
 PSYoungGen      total 29696K, used 4071K [0x00000000d5580000, 0x00000000d7680000, 0x0000000100000000)
  eden space 25600K, 0% used [0x00000000d5580000,0x00000000d5580000,0x00000000d6e80000)
  from space 4096K, 99% used [0x00000000d6e80000,0x00000000d7279ef8,0x00000000d7280000)
  to   space 4096K, 0% used [0x00000000d7280000,0x00000000d7280000,0x00000000d7680000)
 ParOldGen       total 68608K, used 5640K [0x0000000080000000, 0x0000000084300000, 0x00000000d5580000)
  object space 68608K, 8% used [0x0000000080000000,0x00000000805821e8,0x0000000084300000)
 Metaspace       used 19945K, committed 20608K, reserved 1114112K
  class space    used 1955K, committed 2240K, reserved 1048576K
}

Dll operation events (9 events):
Event: 0.012 Loaded shared library c:\Users\manuc\.vscode\extensions\redhat.java-1.47.0-win32-x64\jre\21.0.8-win32-x86_64\bin\java.dll
Event: 0.071 Loaded shared library c:\Users\manuc\.vscode\extensions\redhat.java-1.47.0-win32-x64\jre\21.0.8-win32-x86_64\bin\zip.dll
Event: 0.090 Loaded shared library C:\Users\manuc\.vscode\extensions\redhat.java-1.47.0-win32-x64\jre\21.0.8-win32-x86_64\bin\instrument.dll
Event: 0.096 Loaded shared library C:\Users\manuc\.vscode\extensions\redhat.java-1.47.0-win32-x64\jre\21.0.8-win32-x86_64\bin\net.dll
Event: 0.100 Loaded shared library C:\Users\manuc\.vscode\extensions\redhat.java-1.47.0-win32-x64\jre\21.0.8-win32-x86_64\bin\nio.dll
Event: 0.102 Loaded shared library C:\Users\manuc\.vscode\extensions\redhat.java-1.47.0-win32-x64\jre\21.0.8-win32-x86_64\bin\zip.dll
Event: 0.119 Loaded shared library C:\Users\manuc\.vscode\extensions\redhat.java-1.47.0-win32-x64\jre\21.0.8-win32-x86_64\bin\jimage.dll
Event: 0.188 Loaded shared library c:\Users\manuc\.vscode\extensions\redhat.java-1.47.0-win32-x64\jre\21.0.8-win32-x86_64\bin\verify.dll
Event: 4.306 Loaded shared library C:\Users\manuc\AppData\Roaming\Code\User\globalStorage\redhat.java\1.47.0\config_ss_win\org.eclipse.equinox.launcher\org.eclipse.equinox.launcher.win32.win32.x86_64_1.2.1400.v20250801-0854\eclipse_11916.dll

Deoptimization events (20 events):
Event: 4.976 Thread 0x00000206f0be9e90 Uncommon trap: trap_request=0xffffffde fr.pc=0x00000206de065844 relative=0x0000000000000124
Event: 4.976 Thread 0x00000206f0be9e90 Uncommon trap: reason=class_check action=maybe_recompile pc=0x00000206de065844 method=jdk.internal.misc.Unsafe.allocateUninitializedArray(Ljava/lang/Class;I)Ljava/lang/Object; @ 51 c2
Event: 4.976 Thread 0x00000206f0be9e90 DEOPT PACKING pc=0x00000206de065844 sp=0x0000006fc74f4b50
Event: 4.976 Thread 0x00000206f0be9e90 DEOPT UNPACKING pc=0x00000206dda13aa2 sp=0x0000006fc74f4ac8 mode 2
Event: 4.977 Thread 0x00000206f0be9e90 Uncommon trap: trap_request=0xffffffde fr.pc=0x00000206de065844 relative=0x0000000000000124
Event: 4.977 Thread 0x00000206f0be9e90 Uncommon trap: reason=class_check action=maybe_recompile pc=0x00000206de065844 method=jdk.internal.misc.Unsafe.allocateUninitializedArray(Ljava/lang/Class;I)Ljava/lang/Object; @ 51 c2
Event: 4.977 Thread 0x00000206f0be9e90 DEOPT PACKING pc=0x00000206de065844 sp=0x0000006fc74f4b70
Event: 4.977 Thread 0x00000206f0be9e90 DEOPT UNPACKING pc=0x00000206dda13aa2 sp=0x0000006fc74f4ae8 mode 2
Event: 4.982 Thread 0x00000206f0be9e90 Uncommon trap: trap_request=0xffffff45 fr.pc=0x00000206de063c1c relative=0x000000000000079c
Event: 4.982 Thread 0x00000206f0be9e90 Uncommon trap: reason=unstable_if action=reinterpret pc=0x00000206de063c1c method=org.lombokweb.asm.ClassReader.readUTF8(I[C)Ljava/lang/String; @ 11 c2
Event: 4.982 Thread 0x00000206f0be9e90 DEOPT PACKING pc=0x00000206de063c1c sp=0x0000006fc74ef300
Event: 4.982 Thread 0x00000206f0be9e90 DEOPT UNPACKING pc=0x00000206dda13aa2 sp=0x0000006fc74ef2e8 mode 2
Event: 5.130 Thread 0x00000206f0be9e90 Uncommon trap: trap_request=0xffffff45 fr.pc=0x00000206de071b6c relative=0x000000000000014c
Event: 5.130 Thread 0x00000206f0be9e90 Uncommon trap: reason=unstable_if action=reinterpret pc=0x00000206de071b6c method=org.lombokweb.asm.ByteVector.putByteArray([BII)Lorg/lombokweb/asm/ByteVector; @ 20 c2
Event: 5.130 Thread 0x00000206f0be9e90 DEOPT PACKING pc=0x00000206de071b6c sp=0x0000006fc74f2570
Event: 5.130 Thread 0x00000206f0be9e90 DEOPT UNPACKING pc=0x00000206dda13aa2 sp=0x0000006fc74f2540 mode 2
Event: 5.130 Thread 0x00000206f0be9e90 Uncommon trap: trap_request=0xffffff45 fr.pc=0x00000206de070c24 relative=0x0000000000000364
Event: 5.130 Thread 0x00000206f0be9e90 Uncommon trap: reason=unstable_if action=reinterpret pc=0x00000206de070c24 method=org.lombokweb.asm.Label.resolve([BLorg/lombokweb/asm/ByteVector;I)Z @ 81 c2
Event: 5.130 Thread 0x00000206f0be9e90 DEOPT PACKING pc=0x00000206de070c24 sp=0x0000006fc74f2600
Event: 5.130 Thread 0x00000206f0be9e90 DEOPT UNPACKING pc=0x00000206dda13aa2 sp=0x0000006fc74f2508 mode 2

Classes loaded (20 events):
Event: 4.936 Loading class java/util/zip/GZIPInputStream
Event: 4.936 Loading class java/util/zip/GZIPInputStream done
Event: 4.954 Loading class java/io/StringReader
Event: 4.954 Loading class java/io/StringReader done
Event: 4.956 Loading class java/net/SocketTimeoutException
Event: 4.956 Loading class java/io/InterruptedIOException
Event: 4.956 Loading class java/io/InterruptedIOException done
Event: 4.956 Loading class java/net/SocketTimeoutException done
Event: 4.956 Loading class java/net/SocketException
Event: 4.956 Loading class java/net/SocketException done
Event: 4.956 Loading class java/net/UnknownHostException
Event: 4.956 Loading class java/net/UnknownHostException done
Event: 4.956 Loading class java/net/ProtocolException
Event: 4.956 Loading class java/net/ProtocolException done
Event: 4.969 Loading class java/lang/ThreadLocal$SuppliedThreadLocal
Event: 4.969 Loading class java/lang/ThreadLocal$SuppliedThreadLocal done
Event: 4.973 Loading class java/io/FileWriter
Event: 4.973 Loading class java/io/FileWriter done
Event: 4.973 Loading class java/lang/NegativeArraySizeException
Event: 4.973 Loading class java/lang/NegativeArraySizeException done

Classes unloaded (0 events):
No events

Classes redefined (0 events):
No events

Internal exceptions (20 events):
Event: 4.799 Thread 0x00000206f0be9e90 Exception <a 'java/io/FileNotFoundException'{0x00000000d5809458}> (0x00000000d5809458) 
thrown [s\src\hotspot\share\prims\jni.cpp, line 520]
Event: 4.800 Thread 0x00000206f0be9e90 Exception <a 'java/io/FileNotFoundException'{0x00000000d58100f8}> (0x00000000d58100f8) 
thrown [s\src\hotspot\share\prims\jni.cpp, line 520]
Event: 4.861 Thread 0x00000206f0be9e90 Exception <a 'java/lang/NoSuchMethodError'{0x00000000d5d69218}: 'java.lang.Object java.lang.invoke.DirectMethodHandle$Holder.newInvokeSpecial(java.lang.Object, java.lang.Object, java.lang.Object, java.lang.Object, java.lang.Object)'> (0x00000000d5d69218) 
thrown [s\src\hotspot\share\interpreter\linkResolver.cpp, line 773]
Event: 4.871 Thread 0x00000206f0be9e90 Exception <a 'java/lang/NoSuchMethodError'{0x00000000d5e485d8}: 'java.lang.Object java.lang.invoke.DirectMethodHandle$Holder.invokeSpecial(java.lang.Object, java.lang.Object, java.lang.Object, long, java.lang.Object)'> (0x00000000d5e485d8) 
thrown [s\src\hotspot\share\interpreter\linkResolver.cpp, line 773]
Event: 4.872 Thread 0x00000206f0be9e90 Exception <a 'java/lang/NoSuchMethodError'{0x00000000d5e4fe20}: 'java.lang.Object java.lang.invoke.DirectMethodHandle$Holder.newInvokeSpecial(java.lang.Object, java.lang.Object, java.lang.Object, long)'> (0x00000000d5e4fe20) 
thrown [s\src\hotspot\share\interpreter\linkResolver.cpp, line 773]
Event: 4.872 Thread 0x00000206f0be9e90 Exception <a 'java/lang/NoSuchMethodError'{0x00000000d5e54210}: 'java.lang.Object java.lang.invoke.DirectMethodHandle$Holder.invokeSpecial(java.lang.Object, java.lang.Object, java.lang.Object, java.lang.Object, long)'> (0x00000000d5e54210) 
thrown [s\src\hotspot\share\interpreter\linkResolver.cpp, line 773]
Event: 4.872 Thread 0x00000206f0be9e90 Exception <a 'java/lang/NoSuchMethodError'{0x00000000d5e58078}: 'java.lang.Object java.lang.invoke.Invokers$Holder.linkToTargetMethod(java.lang.Object, java.lang.Object, long, java.lang.Object)'> (0x00000000d5e58078) 
thrown [s\src\hotspot\share\interpreter\linkResolver.cpp, line 773]
Event: 4.877 Thread 0x00000206f0be9e90 Exception <a 'java/lang/NoSuchMethodError'{0x00000000d5ec9df8}: 'int java.lang.invoke.DirectMethodHandle$Holder.invokeStaticInit(java.lang.Object, java.lang.Object, java.lang.Object)'> (0x00000000d5ec9df8) 
thrown [s\src\hotspot\share\interpreter\linkResolver.cpp, line 773]
Event: 4.886 Thread 0x00000206f0be9e90 Exception <a 'java/lang/IncompatibleClassChangeError'{0x00000000d5f59ff0}: Found class java.lang.Object, but interface was expected> (0x00000000d5f59ff0) 
thrown [s\src\hotspot\share\interpreter\linkResolver.cpp, line 840]
Event: 4.886 Thread 0x00000206f0be9e90 Exception <a 'java/lang/NoSuchMethodError'{0x00000000d5f5db38}: 'java.lang.Object java.lang.invoke.DirectMethodHandle$Holder.invokeSpecial(java.lang.Object, java.lang.Object, java.lang.Object, int, java.lang.Object, java.lang.Object)'> (0x00000000d5f5db38) 
thrown [s\src\hotspot\share\interpreter\linkResolver.cpp, line 773]
Event: 4.887 Thread 0x00000206f0be9e90 Exception <a 'java/lang/NoSuchMethodError'{0x00000000d5f65610}: 'java.lang.Object java.lang.invoke.DirectMethodHandle$Holder.newInvokeSpecial(java.lang.Object, java.lang.Object, java.lang.Object, int, java.lang.Object)'> (0x00000000d5f65610) 
thrown [s\src\hotspot\share\interpreter\linkResolver.cpp, line 773]
Event: 4.887 Thread 0x00000206f0be9e90 Exception <a 'java/lang/NoSuchMethodError'{0x00000000d5f695d0}: 'java.lang.Object java.lang.invoke.DirectMethodHandle$Holder.invokeSpecial(java.lang.Object, java.lang.Object, java.lang.Object, java.lang.Object, int, java.lang.Object)'> (0x00000000d5f695d0) 
thrown [s\src\hotspot\share\interpreter\linkResolver.cpp, line 773]
Event: 4.887 Thread 0x00000206f0be9e90 Exception <a 'java/lang/NoSuchMethodError'{0x00000000d5f6d110}: 'java.lang.Object java.lang.invoke.Invokers$Holder.linkToTargetMethod(java.lang.Object, java.lang.Object, int, java.lang.Object, java.lang.Object)'> (0x00000000d5f6d110) 
thrown [s\src\hotspot\share\interpreter\linkResolver.cpp, line 773]
Event: 4.887 Thread 0x00000206f0bebf60 Exception <a 'java/lang/NoSuchMethodError'{0x00000000d5e92180}: 'java.lang.Object java.lang.invoke.DirectMethodHandle$Holder.invokeSpecial(java.lang.Object, java.lang.Object, int, java.lang.Object, java.lang.Object)'> (0x00000000d5e92180) 
thrown [s\src\hotspot\share\interpreter\linkResolver.cpp, line 773]
Event: 4.888 Thread 0x00000206f0bebf60 Exception <a 'java/lang/NoSuchMethodError'{0x00000000d5e98eb8}: 'java.lang.Object java.lang.invoke.DirectMethodHandle$Holder.newInvokeSpecial(java.lang.Object, java.lang.Object, int, java.lang.Object)'> (0x00000000d5e98eb8) 
thrown [s\src\hotspot\share\interpreter\linkResolver.cpp, line 773]
Event: 4.888 Thread 0x00000206f0bebf60 Exception <a 'java/lang/NoSuchMethodError'{0x00000000d5e9c7d8}: 'java.lang.Object java.lang.invoke.DirectMethodHandle$Holder.invokeSpecial(java.lang.Object, java.lang.Object, java.lang.Object, int, java.lang.Object)'> (0x00000000d5e9c7d8) 
thrown [s\src\hotspot\share\interpreter\linkResolver.cpp, line 773]
Event: 4.899 Thread 0x00000206f0be9e90 Exception <a 'java/lang/NoSuchMethodError'{0x00000000d60b8cf8}: 'void java.lang.invoke.DirectMethodHandle$Holder.invokeSpecial(java.lang.Object, java.lang.Object, java.lang.Object, java.lang.Object, java.lang.Object)'> (0x00000000d60b8cf8) 
thrown [s\src\hotspot\share\interpreter\linkResolver.cpp, line 773]
Event: 4.927 Thread 0x00000206f0be9e90 Exception <a 'java/lang/NoSuchMethodError'{0x00000000d62c8248}: 'double java.lang.invoke.DirectMethodHandle$Holder.invokeStatic(java.lang.Object, java.lang.Object)'> (0x00000000d62c8248) 
thrown [s\src\hotspot\share\interpreter\linkResolver.cpp, line 773]
Event: 4.927 Thread 0x00000206f0be9e90 Exception <a 'java/lang/NoSuchMethodError'{0x00000000d62cb908}: 'double java.lang.invoke.DirectMethodHandle$Holder.invokeStaticInit(java.lang.Object, java.lang.Object)'> (0x00000000d62cb908) 
thrown [s\src\hotspot\share\interpreter\linkResolver.cpp, line 773]
Event: 5.130 Thread 0x00000206f0be9e90 Implicit null exception at 0x00000206de071a75 to 0x00000206de071b50

ZGC Phase Switch (0 events):
No events

VM Operations (20 events):
Event: 4.157 Executing VM operation: HandshakeAllThreads (Deoptimize) done
Event: 4.328 Executing VM operation: ParallelGCFailedAllocation (Allocation Failure)
Event: 4.334 Executing VM operation: ParallelGCFailedAllocation (Allocation Failure) done
Event: 4.460 Executing VM operation: HandshakeAllThreads (Deoptimize)
Event: 4.460 Executing VM operation: HandshakeAllThreads (Deoptimize) done
Event: 4.652 Executing VM operation: HandshakeAllThreads (Deoptimize)
Event: 4.652 Executing VM operation: HandshakeAllThreads (Deoptimize) done
Event: 4.760 Executing VM operation: ParallelGCFailedAllocation (Allocation Failure)
Event: 4.764 Executing VM operation: ParallelGCFailedAllocation (Allocation Failure) done
Event: 4.811 Executing VM operation: HandshakeAllThreads (Deoptimize)
Event: 4.811 Executing VM operation: HandshakeAllThreads (Deoptimize) done
Event: 4.815 Executing VM operation: HandshakeAllThreads (Deoptimize)
Event: 4.815 Executing VM operation: HandshakeAllThreads (Deoptimize) done
Event: 4.825 Executing VM operation: HandshakeAllThreads (Deoptimize)
Event: 4.825 Executing VM operation: HandshakeAllThreads (Deoptimize) done
Event: 4.999 Executing VM operation: ParallelGCFailedAllocation (Allocation Failure)
Event: 5.002 Executing VM operation: ParallelGCFailedAllocation (Allocation Failure) done
Event: 5.170 Executing VM operation: ParallelGCFailedAllocation (Allocation Failure)
Event: 7.183 Executing VM operation: ParallelGCFailedAllocation (Allocation Failure) done
Event: 8.188 Executing VM operation: Cleanup

Memory protections (0 events):
No events

Nmethod flushes (0 events):
No events

Events (20 events):
Event: 0.038 Thread 0x00000206d329e2b0 Thread added: 0x00000206d33433c0
Event: 0.038 Thread 0x00000206d329e2b0 Thread added: 0x00000206d324c880
Event: 0.038 Thread 0x00000206d329e2b0 Thread added: 0x00000206d3349780
Event: 0.038 Thread 0x00000206d329e2b0 Thread added: 0x00000206d334c2e0
Event: 0.038 Thread 0x00000206d329e2b0 Thread added: 0x00000206d334ed80
Event: 0.038 Thread 0x00000206d329e2b0 Thread added: 0x00000206d33500a0
Event: 0.038 Thread 0x00000206d329e2b0 Thread added: 0x00000206eafa7250
Event: 0.038 Thread 0x00000206d329e2b0 Thread added: 0x00000206eafaa040
Event: 0.061 Thread 0x00000206d329e2b0 Thread added: 0x00000206eb09d830
Event: 0.269 Thread 0x00000206d329e2b0 Thread added: 0x00000206eb20bb00
Event: 0.496 Thread 0x00000206eafaa040 Thread added: 0x00000206f0263aa0
Event: 1.688 Thread 0x00000206f0263aa0 Thread exited: 0x00000206f0263aa0
Event: 2.832 Thread 0x00000206eafaa040 Thread added: 0x00000206f0129f10
Event: 4.074 Thread 0x00000206d329e2b0 Thread added: 0x00000206f06846e0
Event: 4.294 Thread 0x00000206d329e2b0 Thread added: 0x00000206f0bec5f0
Event: 4.298 Thread 0x00000206d329e2b0 Thread added: 0x00000206f0be9e90
Event: 4.451 Thread 0x00000206f0be9e90 Thread added: 0x00000206f0beabb0
Event: 4.688 Thread 0x00000206f0be9e90 Thread added: 0x00000206f0beb8d0
Event: 4.874 Thread 0x00000206f0be9e90 Thread added: 0x00000206f0bebf60
Event: 4.888 Thread 0x00000206f0be9e90 Thread added: 0x00000206f0beb240


Dynamic libraries:
0x00007ff74be10000 - 0x00007ff74be1e000 	c:\Users\manuc\.vscode\extensions\redhat.java-1.47.0-win32-x64\jre\21.0.8-win32-x86_64\bin\java.exe
0x00007ffdca8e0000 - 0x00007ffdcab48000 	C:\WINDOWS\SYSTEM32\ntdll.dll
0x00007ffdca150000 - 0x00007ffdca219000 	C:\WINDOWS\System32\KERNEL32.DLL
0x00007ffdc8280000 - 0x00007ffdc8678000 	C:\WINDOWS\System32\KERNELBASE.dll
0x00007ffdc7e90000 - 0x00007ffdc7fdb000 	C:\WINDOWS\System32\ucrtbase.dll
0x00007ffda8480000 - 0x00007ffda849e000 	c:\Users\manuc\.vscode\extensions\redhat.java-1.47.0-win32-x64\jre\21.0.8-win32-x86_64\bin\VCRUNTIME140.dll
0x00007ffda8770000 - 0x00007ffda8788000 	c:\Users\manuc\.vscode\extensions\redhat.java-1.47.0-win32-x64\jre\21.0.8-win32-x86_64\bin\jli.dll
0x00007ffdca420000 - 0x00007ffdca5e7000 	C:\WINDOWS\System32\USER32.dll
0x00007ffdaabe0000 - 0x00007ffdaae74000 	C:\WINDOWS\WinSxS\amd64_microsoft.windows.common-controls_6595b64144ccf1df_6.0.26100.7019_none_3e06ffa0e335b8a8\COMCTL32.dll
0x00007ffdc7b70000 - 0x00007ffdc7b97000 	C:\WINDOWS\System32\win32u.dll
0x00007ffdc9570000 - 0x00007ffdc9619000 	C:\WINDOWS\System32\msvcrt.dll
0x00007ffdca220000 - 0x00007ffdca24b000 	C:\WINDOWS\System32\GDI32.dll
0x00007ffdc8150000 - 0x00007ffdc827c000 	C:\WINDOWS\System32\gdi32full.dll
0x00007ffdc7a30000 - 0x00007ffdc7ad3000 	C:\WINDOWS\System32\msvcp_win.dll
0x00007ffdca250000 - 0x00007ffdca281000 	C:\WINDOWS\System32\IMM32.DLL
0x00007ffdb21e0000 - 0x00007ffdb21ec000 	c:\Users\manuc\.vscode\extensions\redhat.java-1.47.0-win32-x64\jre\21.0.8-win32-x86_64\bin\vcruntime140_1.dll
0x00007ffd7b950000 - 0x00007ffd7b9dd000 	c:\Users\manuc\.vscode\extensions\redhat.java-1.47.0-win32-x64\jre\21.0.8-win32-x86_64\bin\msvcp140.dll
0x00007ffcbc5a0000 - 0x00007ffcbd337000 	c:\Users\manuc\.vscode\extensions\redhat.java-1.47.0-win32-x64\jre\21.0.8-win32-x86_64\bin\server\jvm.dll
0x00007ffdc9020000 - 0x00007ffdc90d4000 	C:\WINDOWS\System32\ADVAPI32.dll
0x00007ffdca0a0000 - 0x00007ffdca146000 	C:\WINDOWS\System32\sechost.dll
0x00007ffdc9350000 - 0x00007ffdc9468000 	C:\WINDOWS\System32\RPCRT4.dll
0x00007ffdc8840000 - 0x00007ffdc88b4000 	C:\WINDOWS\System32\WS2_32.dll
0x00007ffdc78b0000 - 0x00007ffdc790e000 	C:\WINDOWS\SYSTEM32\POWRPROF.dll
0x00007ffdbd9c0000 - 0x00007ffdbd9f5000 	C:\WINDOWS\SYSTEM32\WINMM.dll
0x00007ffdc0520000 - 0x00007ffdc052b000 	C:\WINDOWS\SYSTEM32\VERSION.dll
0x00007ffdc7890000 - 0x00007ffdc78a4000 	C:\WINDOWS\SYSTEM32\UMPDC.dll
0x00007ffdc67b0000 - 0x00007ffdc67cb000 	C:\WINDOWS\SYSTEM32\kernel.appcore.dll
0x00007ffdab7f0000 - 0x00007ffdab7fa000 	c:\Users\manuc\.vscode\extensions\redhat.java-1.47.0-win32-x64\jre\21.0.8-win32-x86_64\bin\jimage.dll
0x00007ffdba130000 - 0x00007ffdba372000 	C:\WINDOWS\SYSTEM32\DBGHELP.DLL
0x00007ffdc9ba0000 - 0x00007ffdc9f2b000 	C:\WINDOWS\System32\combase.dll
0x00007ffdc91b0000 - 0x00007ffdc9287000 	C:\WINDOWS\System32\OLEAUT32.dll
0x00007ffda5730000 - 0x00007ffda576c000 	C:\WINDOWS\SYSTEM32\dbgcore.DLL
0x00007ffdc7ba0000 - 0x00007ffdc7c45000 	C:\WINDOWS\System32\bcryptPrimitives.dll
0x00007ffdaa5d0000 - 0x00007ffdaa5df000 	c:\Users\manuc\.vscode\extensions\redhat.java-1.47.0-win32-x64\jre\21.0.8-win32-x86_64\bin\instrument.dll
0x00007ffd9b660000 - 0x00007ffd9b67f000 	c:\Users\manuc\.vscode\extensions\redhat.java-1.47.0-win32-x64\jre\21.0.8-win32-x86_64\bin\java.dll
0x00007ffdc88c0000 - 0x00007ffdc9011000 	C:\WINDOWS\System32\SHELL32.dll
0x00007ffdc7fe0000 - 0x00007ffdc814b000 	C:\WINDOWS\System32\wintypes.dll
0x00007ffdc5610000 - 0x00007ffdc5e6d000 	C:\WINDOWS\SYSTEM32\windows.storage.dll
0x00007ffdca290000 - 0x00007ffdca382000 	C:\WINDOWS\System32\SHCORE.dll
0x00007ffdc9290000 - 0x00007ffdc92f7000 	C:\WINDOWS\System32\shlwapi.dll
0x00007ffdc7950000 - 0x00007ffdc7979000 	C:\WINDOWS\SYSTEM32\profapi.dll
0x00007ffd93920000 - 0x00007ffd93938000 	c:\Users\manuc\.vscode\extensions\redhat.java-1.47.0-win32-x64\jre\21.0.8-win32-x86_64\bin\zip.dll
0x00007ffda88c0000 - 0x00007ffda88d0000 	C:\Users\manuc\.vscode\extensions\redhat.java-1.47.0-win32-x64\jre\21.0.8-win32-x86_64\bin\net.dll
0x00007ffdc0e70000 - 0x00007ffdc0f98000 	C:\WINDOWS\SYSTEM32\WINHTTP.dll
0x00007ffdc6d00000 - 0x00007ffdc6d6b000 	C:\WINDOWS\system32\mswsock.dll
0x00007ffd920a0000 - 0x00007ffd920b6000 	C:\Users\manuc\.vscode\extensions\redhat.java-1.47.0-win32-x64\jre\21.0.8-win32-x86_64\bin\nio.dll
0x00007ffda88b0000 - 0x00007ffda88c0000 	c:\Users\manuc\.vscode\extensions\redhat.java-1.47.0-win32-x64\jre\21.0.8-win32-x86_64\bin\verify.dll
0x00007ffd7d080000 - 0x00007ffd7d0c4000 	C:\Users\manuc\AppData\Roaming\Code\User\globalStorage\redhat.java\1.47.0\config_ss_win\org.eclipse.equinox.launcher\org.eclipse.equinox.launcher.win32.win32.x86_64_1.2.1400.v20250801-0854\eclipse_11916.dll
0x00007ffdc8690000 - 0x00007ffdc8827000 	C:\WINDOWS\System32\ole32.dll

JVMTI agents:
c:\Users\manuc\.vscode\extensions\redhat.java-1.47.0-win32-x64\lombok\lombok-1.18.39-4050.jar path:c:\Users\manuc\.vscode\extensions\redhat.java-1.47.0-win32-x64\jre\21.0.8-win32-x86_64\bin\instrument.dll, loaded, initialized, instrumentlib options:none

dbghelp: loaded successfully - version: 4.0.5 - missing functions: none
symbol engine: initialized successfully - sym options: 0x614 - pdb path: .;c:\Users\manuc\.vscode\extensions\redhat.java-1.47.0-win32-x64\jre\21.0.8-win32-x86_64\bin;C:\WINDOWS\SYSTEM32;C:\WINDOWS\WinSxS\amd64_microsoft.windows.common-controls_6595b64144ccf1df_6.0.26100.7019_none_3e06ffa0e335b8a8;c:\Users\manuc\.vscode\extensions\redhat.java-1.47.0-win32-x64\jre\21.0.8-win32-x86_64\bin\server;C:\Users\manuc\AppData\Roaming\Code\User\globalStorage\redhat.java\1.47.0\config_ss_win\org.eclipse.equinox.launcher\org.eclipse.equinox.launcher.win32.win32.x86_64_1.2.1400.v20250801-0854

VM Arguments:
jvm_args: --add-modules=ALL-SYSTEM --add-opens=java.base/java.util=ALL-UNNAMED --add-opens=java.base/java.lang=ALL-UNNAMED --add-opens=java.base/sun.nio.fs=ALL-UNNAMED -Declipse.application=org.eclipse.jdt.ls.core.id1 -Dosgi.bundles.defaultStartLevel=4 -Declipse.product=org.eclipse.jdt.ls.core.product -Djava.import.generatesMetadataFilesAtProjectRoot=false -DDetectVMInstallationsJob.disabled=true -Dfile.encoding=utf8 -XX:+UseParallelGC -XX:GCTimeRatio=4 -XX:AdaptiveSizePolicyWeight=90 -Dsun.zip.disableMemoryMapping=true -Xmx2G -Xms100m -Xlog:disable -javaagent:c:\Users\manuc\.vscode\extensions\redhat.java-1.47.0-win32-x64\lombok\lombok-1.18.39-4050.jar 
java_command: c:\Users\manuc\.vscode\extensions\redhat.java-1.47.0-win32-x64\server\plugins\org.eclipse.equinox.launcher_1.7.100.v20251014-1222.jar -configuration c:\Users\manuc\AppData\Roaming\Code\User\globalStorage\redhat.java\1.47.0\config_ss_win -data c:\Users\manuc\AppData\Roaming\Code\User\workspaceStorage\f51a7fed16c578cf60c55cd66b129914\redhat.java\ss_ws --pipe=\\.\pipe\lsp-ec54b03c1f582fce4a60386050029262-sock
java_class_path (initial): c:\Users\manuc\.vscode\extensions\redhat.java-1.47.0-win32-x64\server\plugins\org.eclipse.equinox.launcher_1.7.100.v20251014-1222.jar
Launcher Type: SUN_STANDARD

[Global flags]
    uintx AdaptiveSizePolicyWeight                 = 90                                        {product} {command line}
     intx CICompilerCount                          = 4                                         {product} {ergonomic}
    uintx GCTimeRatio                              = 4                                         {product} {command line}
   size_t InitialHeapSize                          = 104857600                                 {product} {command line}
   size_t MaxHeapSize                              = 2147483648                                {product} {command line}
   size_t MaxNewSize                               = 715653120                                 {product} {ergonomic}
   size_t MinHeapDeltaBytes                        = 524288                                    {product} {ergonomic}
   size_t MinHeapSize                              = 104857600                                 {product} {command line}
   size_t NewSize                                  = 34603008                                  {product} {ergonomic}
    uintx NonNMethodCodeHeapSize                   = 5839372                                {pd product} {ergonomic}
    uintx NonProfiledCodeHeapSize                  = 122909434                              {pd product} {ergonomic}
   size_t OldSize                                  = 70254592                                  {product} {ergonomic}
    uintx ProfiledCodeHeapSize                     = 122909434                              {pd product} {ergonomic}
    uintx ReservedCodeCacheSize                    = 251658240                              {pd product} {ergonomic}
     bool SegmentedCodeCache                       = true                                      {product} {ergonomic}
   size_t SoftMaxHeapSize                          = 2147483648                             {manageable} {ergonomic}
     bool UseCompressedOops                        = true                           {product lp64_product} {ergonomic}
     bool UseLargePagesIndividualAllocation        = false                                  {pd product} {ergonomic}
     bool UseParallelGC                            = true                                      {product} {command line}

Logging:
Log output configuration:
 #0: stdout all=off uptime,level,tags foldmultilines=false
 #1: stderr all=off uptime,level,tags foldmultilines=false

Environment Variables:
JAVA_HOME=C:\Program Files\Java\jdk-23
PATH=C:\app\manuc\product\21c\dbhomeXE\bin;C:\Program Files\Java\jdk-23\bin;C:\apache-maven-3.9.9\bin;C:\Program Files\Common Files\Oracle\Java\javapath;C:\Program Files (x86)\Common Files\Oracle\Java\java8path;C:\Program Files (x86)\Common Files\Oracle\Java\javapath;C:\Windows\system32;C:\Windows;C:\Windows\System32\Wbem;C:\Windows\System32\WindowsPowerShell\v1.0\;C:\Windows\System32\OpenSSH\;C:\Program Files\NVIDIA Corporation\NVIDIA NvDLISR;C:\Program Files (x86)\NVIDIA Corporation\PhysX\Common;C:\Program Files (x86)\HP\Common\HPDestPlgIn\;C:\Program Files\Microsoft SQL Server\150\Tools\Binn\;C:\Program Files\Microsoft SQL Server\Client SDK\ODBC\170\Tools\Binn\;C:\Program Files\Git\cmd;C:\Strawberry\c\bin;C:\Strawberry\perl\site\bin;C:\Strawberry\perl\bin;C:\Program Files\dotnet\;C:\WINDOWS\system32;C:\WINDOWS;C:\WINDOWS\System32\Wbem;C:\WINDOWS\System32\WindowsPowerShell\v1.0\;C:\WINDOWS\System32\OpenSSH\;C:\Program Files (x86)\Microsoft SQL Server\160\Tools\Binn\;C:\Program Files\Microsoft SQL Server\160\Tools\Binn\;C:\Program Files\Microsoft SQL Server\160\DTS\Binn\;C:\Program Files (x86)\Microsoft SQL Server\160\DTS\Binn\;C:\Program Files\nodejs\;C:\sonarqube\sonar-scanner-cli-7.2.0.5079-windows-x64\sonar-scanner-7.2.0.5079-windows-x64\bin;C:\Program Files\Inkscape\bin;C:\Users\manuc\AppData\Local\Programs\Python\Python313\Scripts\;C:\Users\manuc\AppData\Local\Programs\Python\Python313\;C:\Users\manuc\AppData\Local\Programs\Python\Launcher\;C:\Program Files\MySQL\MySQL Shell 8.0\bin\;C:\Users\manuc\AppData\Local\Microsoft\WindowsApps;C:\Program Files (x86)\HP\Common\HPDestPlgIn\;C:\Users\manuc\AppData\Local\Programs\Microsoft VS Code\bin;C:\Users\manuc\AppData\Local\Programs\MiKTeX\miktex\bin\x64\;C:\Users\manuc\.dotnet\tools;C:\Users\manuc\AppData\Roaming\npm;C:\Users\manuc\AppData\Local\Programs\mongosh\
USERNAME=manuc
OS=Windows_NT
PROCESSOR_IDENTIFIER=AMD64 Family 25 Model 80 Stepping 0, AuthenticAMD
TMP=C:\Users\manuc\AppData\Local\Temp
TEMP=C:\Users\manuc\AppData\Local\Temp




Periodic native trim disabled

---------------  S Y S T E M  ---------------

OS:
 Windows 11 , 64 bit Build 26100 (10.0.26100.7019)
OS uptime: 0 days 13:59 hours
Hyper-V role detected

CPU: total 12 (initial active 12) (12 cores per cpu, 2 threads per core) family 25 model 80 stepping 0 microcode 0xa50000f, cx8, cmov, fxsr, ht, mmx, 3dnowpref, sse, sse2, sse3, ssse3, sse4a, sse4.1, sse4.2, popcnt, lzcnt, tsc, tscinvbit, avx, avx2, aes, erms, clmul, bmi1, bmi2, adx, sha, fma, vzeroupper, clflush, clflushopt, hv, rdtscp, rdpid, fsrm, f16c, cet_ss
Processor Information for processor 0
  Max Mhz: 3301, Current Mhz: 3301, Mhz Limit: 3301
Processor Information for processor 1
  Max Mhz: 3301, Current Mhz: 3301, Mhz Limit: 3301
Processor Information for processor 2
  Max Mhz: 3301, Current Mhz: 3301, Mhz Limit: 3301
Processor Information for processor 3
  Max Mhz: 3301, Current Mhz: 3301, Mhz Limit: 3301
Processor Information for processor 4
  Max Mhz: 3301, Current Mhz: 3301, Mhz Limit: 3301
Processor Information for processor 5
  Max Mhz: 3301, Current Mhz: 3301, Mhz Limit: 3301
Processor Information for processor 6
  Max Mhz: 3301, Current Mhz: 2011, Mhz Limit: 3301
Processor Information for processor 7
  Max Mhz: 3301, Current Mhz: 2011, Mhz Limit: 3301
Processor Information for processor 8
  Max Mhz: 3301, Current Mhz: 2011, Mhz Limit: 3301
Processor Information for processor 9
  Max Mhz: 3301, Current Mhz: 2011, Mhz Limit: 3301
Processor Information for processor 10
  Max Mhz: 3301, Current Mhz: 2011, Mhz Limit: 3301
Processor Information for processor 11
  Max Mhz: 3301, Current Mhz: 2011, Mhz Limit: 3301

Memory: 4k page, system-wide physical 7518M (420M free)
TotalPageFile size 31070M (AvailPageFile size 0M)
current process WorkingSet (physical memory assigned to process): 140M, peak: 140M
current process commit charge ("private bytes"): 285M, peak: 287M

vm_info: OpenJDK 64-Bit Server VM (21.0.8+9-LTS) for windows-amd64 JRE (21.0.8+9-LTS), built on 2025-07-15T00:00:00Z by "admin" with MS VC++ 17.7 (VS2022)

END.
