#
# There is insufficient memory for the Java Runtime Environment to continue.
# Native memory allocation (malloc) failed to allocate 1147536 bytes. Error detail: Chunk::new
# Possible reasons:
#   The system is out of physical RAM or swap space
#   This process is running with CompressedOops enabled, and the Java Heap may be blocking the growth of the native heap
# Possible solutions:
#   Reduce memory load on the system
#   Increase physical memory or swap space
#   Check if swap backing store is full
#   Decrease Java heap size (-Xmx/-Xms)
#   Decrease number of Java threads
#   Decrease Java thread stack sizes (-Xss)
#   Set larger code cache with -XX:ReservedCodeCacheSize=
#   JVM is running with Unscaled Compressed Oops mode in which the Java heap is
#     placed in the first 4GB address space. The Java Heap base address is the
#     maximum limit for the native heap growth. Please use -XX:HeapBaseMinAddress
#     to set the Java Heap base and to place the Java Heap above 4GB virtual address.
# This output file may be truncated or incomplete.
#
#  Out of Memory Error (arena.cpp:191), pid=25692, tid=22172
#
# JRE version: OpenJDK Runtime Environment Temurin-17.0.11+9 (17.0.11+9) (build 17.0.11+9)
# Java VM: OpenJDK 64-Bit Server VM Temurin-17.0.11+9 (17.0.11+9, mixed mode, sharing, tiered, compressed oops, compressed class ptrs, g1 gc, windows-amd64)
# No core dump will be written. Minidumps are not enabled by default on client versions of Windows
#

---------------  S U M M A R Y ------------

Command Line: -Dorg.bouncycastle.pkcs12.ignore_useless_passwd=true C:\Users\manuc\.sonar\cache\2df641182fdb086f2742d159a7c020a8e93583fc618666f9d2245c7f9df82d7e\sonar-scanner-engine-shaded-10.6.0.92116-all.jar

Host: AMD Ryzen 5 5600H with Radeon Graphics         , 12 cores, 7G,  Windows 11 , 64 bit Build 26100 (10.0.26100.7019)
Time: Sun Nov  9 13:15:23 2025 Hora estándar romance elapsed time: 91.187759 seconds (0d 0h 1m 31s)

---------------  T H R E A D  ---------------

Current thread (0x00000296659224c0):  JavaThread "C2 CompilerThread0" daemon [_thread_in_native, id=22172, stack(0x000000a554600000,0x000000a554700000)]


Current CompileTask:
C2:  91187 7192       4       jdk.internal.loader.URLClassPath::getResource (74 bytes)

Stack: [0x000000a554600000,0x000000a554700000]
Native frames: (J=compiled Java code, j=interpreted, Vv=VM code, C=native code)
V  [jvm.dll+0x67d429]
V  [jvm.dll+0x834b7a]
V  [jvm.dll+0x83663e]
V  [jvm.dll+0x836ca3]
V  [jvm.dll+0x247dbf]
V  [jvm.dll+0xac534]
V  [jvm.dll+0xacb7c]
V  [jvm.dll+0x366647]
V  [jvm.dll+0x330bba]
V  [jvm.dll+0x33005a]
V  [jvm.dll+0x21a471]
V  [jvm.dll+0x2198b1]
V  [jvm.dll+0x1a534d]
V  [jvm.dll+0x2295cd]
V  [jvm.dll+0x22779c]
V  [jvm.dll+0x7e9d07]
V  [jvm.dll+0x7e410a]
V  [jvm.dll+0x67c315]
C  [ucrtbase.dll+0x37b0]
C  [KERNEL32.DLL+0x2e8d7]
C  [ntdll.dll+0x8c53c]


---------------  P R O C E S S  ---------------

Threads class SMR info:
_java_thread_list=0x000002966efc6760, length=23, elements={
0x000002964895bf50, 0x0000029665902790, 0x0000029665903150, 0x0000029665917970,
0x000002966591a250, 0x000002966591ac10, 0x000002966591da10, 0x00000296659224c0,
0x0000029665927390, 0x0000029665930db0, 0x00000296663fdd80, 0x0000029666414940,
0x000002966c363c30, 0x000002966b75bb10, 0x000002966ba57c70, 0x000002966ba58180,
0x000002966ba55e10, 0x000002966ba58ba0, 0x000002966ba56320, 0x000002966ba58690,
0x000002966ba590b0, 0x000002966ba57250, 0x000002966ba595c0
}

Java Threads: ( => current thread )
  0x000002964895bf50 JavaThread "main" [_thread_blocked, id=27932, stack(0x000000a553900000,0x000000a553a00000)]
  0x0000029665902790 JavaThread "Reference Handler" daemon [_thread_blocked, id=11888, stack(0x000000a554000000,0x000000a554100000)]
  0x0000029665903150 JavaThread "Finalizer" daemon [_thread_blocked, id=25916, stack(0x000000a554100000,0x000000a554200000)]
  0x0000029665917970 JavaThread "Signal Dispatcher" daemon [_thread_blocked, id=23300, stack(0x000000a554200000,0x000000a554300000)]
  0x000002966591a250 JavaThread "Attach Listener" daemon [_thread_blocked, id=13804, stack(0x000000a554300000,0x000000a554400000)]
  0x000002966591ac10 JavaThread "Service Thread" daemon [_thread_blocked, id=11940, stack(0x000000a554400000,0x000000a554500000)]
  0x000002966591da10 JavaThread "Monitor Deflation Thread" daemon [_thread_blocked, id=22392, stack(0x000000a554500000,0x000000a554600000)]
=>0x00000296659224c0 JavaThread "C2 CompilerThread0" daemon [_thread_in_native, id=22172, stack(0x000000a554600000,0x000000a554700000)]
  0x0000029665927390 JavaThread "C1 CompilerThread0" daemon [_thread_blocked, id=18316, stack(0x000000a554700000,0x000000a554800000)]
  0x0000029665930db0 JavaThread "Sweeper thread" daemon [_thread_blocked, id=22104, stack(0x000000a554800000,0x000000a554900000)]
  0x00000296663fdd80 JavaThread "Notification Thread" daemon [_thread_blocked, id=19180, stack(0x000000a554900000,0x000000a554a00000)]
  0x0000029666414940 JavaThread "Common-Cleaner" daemon [_thread_blocked, id=6960, stack(0x000000a554b00000,0x000000a554c00000)]
  0x000002966c363c30 JavaThread "OkHttp TaskRunner" daemon [_thread_blocked, id=27604, stack(0x000000a555700000,0x000000a555800000)]
  0x000002966b75bb10 JavaThread "Okio Watchdog" daemon [_thread_blocked, id=30752, stack(0x000000a555800000,0x000000a555900000)]
  0x000002966ba57c70 JavaThread "JGit-WorkQueue" daemon [_thread_blocked, id=20160, stack(0x000000a555d00000,0x000000a555e00000)]
  0x000002966ba58180 JavaThread "HttpClient-1-SelectorManager" daemon [_thread_in_native, id=13120, stack(0x000000a555c00000,0x000000a555d00000)]
  0x000002966ba55e10 JavaThread "nodejs-stream-consumer" daemon [_thread_in_native, id=17884, stack(0x000000a553600000,0x000000a553700000)]
  0x000002966ba58ba0 JavaThread "nodejs-stream-consumer" daemon [_thread_in_native, id=23240, stack(0x000000a553700000,0x000000a553800000)]
  0x000002966ba56320 JavaThread "HttpClient-1-Worker-0" daemon [_thread_blocked, id=26828, stack(0x000000a553800000,0x000000a553900000)]
  0x000002966ba58690 JavaThread "HttpClient-1-Worker-1" daemon [_thread_blocked, id=22892, stack(0x000000a555f00000,0x000000a556000000)]
  0x000002966ba590b0 JavaThread "HttpClient-1-Worker-2" daemon [_thread_blocked, id=15968, stack(0x000000a556000000,0x000000a556100000)]
  0x000002966ba57250 JavaThread "pool-3-thread-1" [_thread_blocked, id=11792, stack(0x000000a556100000,0x000000a556200000)]
  0x000002966ba595c0 JavaThread "Progress of JavaScript/TypeScript analysis" daemon [_thread_blocked, id=29188, stack(0x000000a556200000,0x000000a556300000)]

Other Threads:
  0x00000296658f5dd0 VMThread "VM Thread" [stack: 0x000000a553f00000,0x000000a554000000] [id=24832]
  0x00000296663ff080 WatcherThread [stack: 0x000000a554a00000,0x000000a554b00000] [id=7812]
  0x0000029648ca55f0 GCTaskThread "GC Thread#0" [stack: 0x000000a553a00000,0x000000a553b00000] [id=21432]
  0x000002966b190900 GCTaskThread "GC Thread#1" [stack: 0x000000a554d00000,0x000000a554e00000] [id=19600]
  0x000002966b380ef0 GCTaskThread "GC Thread#2" [stack: 0x000000a554e00000,0x000000a554f00000] [id=30268]
  0x000002966b3821c0 GCTaskThread "GC Thread#3" [stack: 0x000000a554f00000,0x000000a555000000] [id=17860]
  0x000002966b382890 GCTaskThread "GC Thread#4" [stack: 0x000000a555000000,0x000000a555100000] [id=11228]
  0x000002966b383770 GCTaskThread "GC Thread#5" [stack: 0x000000a555100000,0x000000a555200000] [id=16540]
  0x000002966b384640 GCTaskThread "GC Thread#6" [stack: 0x000000a555200000,0x000000a555300000] [id=11236]
  0x000002966b386d10 GCTaskThread "GC Thread#7" [stack: 0x000000a555300000,0x000000a555400000] [id=1368]
  0x000002966b38afe0 GCTaskThread "GC Thread#8" [stack: 0x000000a555400000,0x000000a555500000] [id=31644]
  0x000002966c366870 GCTaskThread "GC Thread#9" [stack: 0x000000a554c00000,0x000000a554d00000] [id=24228]
  0x0000029648cb5d10 ConcurrentGCThread "G1 Main Marker" [stack: 0x000000a553b00000,0x000000a553c00000] [id=26576]
  0x0000029648cb8de0 ConcurrentGCThread "G1 Conc#0" [stack: 0x000000a553c00000,0x000000a553d00000] [id=14504]
  0x000002966c7ef150 ConcurrentGCThread "G1 Conc#1" [stack: 0x000000a555a00000,0x000000a555b00000] [id=21960]
  0x000002966c7ef410 ConcurrentGCThread "G1 Conc#2" [stack: 0x000000a555b00000,0x000000a555c00000] [id=26904]
  0x0000029648cf4060 ConcurrentGCThread "G1 Refine#0" [stack: 0x000000a553d00000,0x000000a553e00000] [id=19236]
  0x0000029648cf4740 ConcurrentGCThread "G1 Service" [stack: 0x000000a553e00000,0x000000a553f00000] [id=29796]

Threads with active compile tasks:
C2 CompilerThread0    91222 7192       4       jdk.internal.loader.URLClassPath::getResource (74 bytes)

VM state: not at safepoint (normal execution)

VM Mutex/Monitor currently owned by a thread: None

Heap address: 0x000000008a800000, size: 1880 MB, Compressed Oops mode: 32-bit

CDS archive(s) mapped at: [0x0000029600000000-0x0000029600a40000-0x0000029600a40000), size 10747904, SharedBaseAddress: 0x0000029600000000, ArchiveRelocationMode: 1.
Compressed class space mapped at: 0x0000029601000000-0x0000029641000000, reserved size: 1073741824
Narrow klass base: 0x0000029600000000, Narrow klass shift: 0, Narrow klass range: 0x100000000

GC Precious Log:
 CPUs: 12 total, 12 available
 Memory: 7518M
 Large Page Support: Disabled
 NUMA Support: Disabled
 Compressed Oops: Enabled (32-bit)
 Heap Region Size: 1M
 Heap Min Capacity: 8M
 Heap Initial Capacity: 118M
 Heap Max Capacity: 1880M
 Pre-touch: Disabled
 Parallel Workers: 10
 Concurrent Workers: 3
 Concurrent Refinement Workers: 10
 Periodic GC: Disabled

Heap:
 garbage-first heap   total 102400K, used 58236K [0x000000008a800000, 0x0000000100000000)
  region size 1024K, 31 young (31744K), 1 survivors (1024K)
 Metaspace       used 44890K, committed 45376K, reserved 1114112K
  class space    used 5393K, committed 5632K, reserved 1048576K

Heap Regions: E=young(eden), S=young(survivor), O=old, HS=humongous(starts), HC=humongous(continues), CS=collection set, F=free, OA=open archive, CA=closed archive, TAMS=top-at-mark-start (previous, next)
|   0|0x000000008a800000, 0x000000008a900000, 0x000000008a900000|100%| O|  |TAMS 0x000000008a900000, 0x000000008a800000| Untracked 
|   1|0x000000008a900000, 0x000000008aa00000, 0x000000008aa00000|100%| O|  |TAMS 0x000000008aa00000, 0x000000008a900000| Untracked 
|   2|0x000000008aa00000, 0x000000008ab00000, 0x000000008ab00000|100%| O|  |TAMS 0x000000008ab00000, 0x000000008aa00000| Untracked 
|   3|0x000000008ab00000, 0x000000008ac00000, 0x000000008ac00000|100%|HS|  |TAMS 0x000000008ac00000, 0x000000008ab00000| Complete 
|   4|0x000000008ac00000, 0x000000008ad00000, 0x000000008ad00000|100%|HC|  |TAMS 0x000000008ad00000, 0x000000008ac00000| Complete 
|   5|0x000000008ad00000, 0x000000008ae00000, 0x000000008ae00000|100%|HC|  |TAMS 0x000000008ae00000, 0x000000008ad00000| Complete 
|   6|0x000000008ae00000, 0x000000008af00000, 0x000000008af00000|100%| O|  |TAMS 0x000000008af00000, 0x000000008ae00000| Untracked 
|   7|0x000000008af00000, 0x000000008b000000, 0x000000008b000000|100%| O|  |TAMS 0x000000008b000000, 0x000000008af00000| Untracked 
|   8|0x000000008b000000, 0x000000008b100000, 0x000000008b100000|100%| O|  |TAMS 0x000000008b100000, 0x000000008b000000| Untracked 
|   9|0x000000008b100000, 0x000000008b200000, 0x000000008b200000|100%|HS|  |TAMS 0x000000008b200000, 0x000000008b100000| Complete 
|  10|0x000000008b200000, 0x000000008b300000, 0x000000008b300000|100%| O|  |TAMS 0x000000008b300000, 0x000000008b200000| Untracked 
|  11|0x000000008b300000, 0x000000008b400000, 0x000000008b400000|100%| O|  |TAMS 0x000000008b400000, 0x000000008b300000| Untracked 
|  12|0x000000008b400000, 0x000000008b500000, 0x000000008b500000|100%| O|  |TAMS 0x000000008b500000, 0x000000008b400000| Untracked 
|  13|0x000000008b500000, 0x000000008b600000, 0x000000008b600000|100%| O|  |TAMS 0x000000008b600000, 0x000000008b500000| Untracked 
|  14|0x000000008b600000, 0x000000008b700000, 0x000000008b700000|100%| O|  |TAMS 0x000000008b700000, 0x000000008b600000| Untracked 
|  15|0x000000008b700000, 0x000000008b7e6400, 0x000000008b800000| 89%| O|  |TAMS 0x000000008b7e6400, 0x000000008b700000| Untracked 
|  16|0x000000008b800000, 0x000000008b900000, 0x000000008b900000|100%| O|  |TAMS 0x000000008b900000, 0x000000008b800000| Untracked 
|  17|0x000000008b900000, 0x000000008ba00000, 0x000000008ba00000|100%| O|  |TAMS 0x000000008ba00000, 0x000000008b900000| Untracked 
|  18|0x000000008ba00000, 0x000000008bb00000, 0x000000008bb00000|100%| O|  |TAMS 0x000000008bb00000, 0x000000008ba00000| Untracked 
|  19|0x000000008bb00000, 0x000000008bc00000, 0x000000008bc00000|100%| O|  |TAMS 0x000000008bc00000, 0x000000008bb00000| Untracked 
|  20|0x000000008bc00000, 0x000000008bd00000, 0x000000008bd00000|100%| O|  |TAMS 0x000000008bd00000, 0x000000008bc00000| Untracked 
|  21|0x000000008bd00000, 0x000000008be00000, 0x000000008be00000|100%| O|  |TAMS 0x000000008be00000, 0x000000008bd00000| Untracked 
|  22|0x000000008be00000, 0x000000008bf00000, 0x000000008bf00000|100%| O|  |TAMS 0x000000008bf00000, 0x000000008be00000| Untracked 
|  23|0x000000008bf00000, 0x000000008c000000, 0x000000008c000000|100%| O|  |TAMS 0x000000008c000000, 0x000000008bf00000| Untracked 
|  24|0x000000008c000000, 0x000000008c100000, 0x000000008c100000|100%| O|  |TAMS 0x000000008c100000, 0x000000008c000000| Untracked 
|  25|0x000000008c100000, 0x000000008c200000, 0x000000008c200000|100%| O|  |TAMS 0x000000008c200000, 0x000000008c100000| Untracked 
|  26|0x000000008c200000, 0x000000008c300000, 0x000000008c300000|100%| O|  |TAMS 0x000000008c300000, 0x000000008c200000| Untracked 
|  27|0x000000008c300000, 0x000000008c300000, 0x000000008c400000|  0%| F|  |TAMS 0x000000008c300000, 0x000000008c300000| Untracked 
|  28|0x000000008c400000, 0x000000008c400000, 0x000000008c500000|  0%| F|  |TAMS 0x000000008c400000, 0x000000008c400000| Untracked 
|  29|0x000000008c500000, 0x000000008c500000, 0x000000008c600000|  0%| F|  |TAMS 0x000000008c500000, 0x000000008c500000| Untracked 
|  30|0x000000008c600000, 0x000000008c600000, 0x000000008c700000|  0%| F|  |TAMS 0x000000008c600000, 0x000000008c600000| Untracked 
|  31|0x000000008c700000, 0x000000008c700000, 0x000000008c800000|  0%| F|  |TAMS 0x000000008c700000, 0x000000008c700000| Untracked 
|  32|0x000000008c800000, 0x000000008c800000, 0x000000008c900000|  0%| F|  |TAMS 0x000000008c800000, 0x000000008c800000| Untracked 
|  33|0x000000008c900000, 0x000000008c900000, 0x000000008ca00000|  0%| F|  |TAMS 0x000000008c900000, 0x000000008c900000| Untracked 
|  34|0x000000008ca00000, 0x000000008ca00000, 0x000000008cb00000|  0%| F|  |TAMS 0x000000008ca00000, 0x000000008ca00000| Untracked 
|  35|0x000000008cb00000, 0x000000008cb00000, 0x000000008cc00000|  0%| F|  |TAMS 0x000000008cb00000, 0x000000008cb00000| Untracked 
|  36|0x000000008cc00000, 0x000000008cc00000, 0x000000008cd00000|  0%| F|  |TAMS 0x000000008cc00000, 0x000000008cc00000| Untracked 
|  37|0x000000008cd00000, 0x000000008cd00000, 0x000000008ce00000|  0%| F|  |TAMS 0x000000008cd00000, 0x000000008cd00000| Untracked 
|  38|0x000000008ce00000, 0x000000008ce00000, 0x000000008cf00000|  0%| F|  |TAMS 0x000000008ce00000, 0x000000008ce00000| Untracked 
|  39|0x000000008cf00000, 0x000000008cf00000, 0x000000008d000000|  0%| F|  |TAMS 0x000000008cf00000, 0x000000008cf00000| Untracked 
|  40|0x000000008d000000, 0x000000008d0f8f00, 0x000000008d100000| 97%| S|CS|TAMS 0x000000008d000000, 0x000000008d000000| Complete 
|  41|0x000000008d100000, 0x000000008d100000, 0x000000008d200000|  0%| F|  |TAMS 0x000000008d100000, 0x000000008d100000| Untracked 
|  42|0x000000008d200000, 0x000000008d200000, 0x000000008d300000|  0%| F|  |TAMS 0x000000008d200000, 0x000000008d200000| Untracked 
|  43|0x000000008d300000, 0x000000008d300000, 0x000000008d400000|  0%| F|  |TAMS 0x000000008d300000, 0x000000008d300000| Untracked 
|  44|0x000000008d400000, 0x000000008d400000, 0x000000008d500000|  0%| F|  |TAMS 0x000000008d400000, 0x000000008d400000| Untracked 
|  45|0x000000008d500000, 0x000000008d500000, 0x000000008d600000|  0%| F|  |TAMS 0x000000008d500000, 0x000000008d500000| Untracked 
|  46|0x000000008d600000, 0x000000008d600000, 0x000000008d700000|  0%| F|  |TAMS 0x000000008d600000, 0x000000008d600000| Untracked 
|  47|0x000000008d700000, 0x000000008d700000, 0x000000008d800000|  0%| F|  |TAMS 0x000000008d700000, 0x000000008d700000| Untracked 
|  48|0x000000008d800000, 0x000000008d800000, 0x000000008d900000|  0%| F|  |TAMS 0x000000008d800000, 0x000000008d800000| Untracked 
|  49|0x000000008d900000, 0x000000008d900000, 0x000000008da00000|  0%| F|  |TAMS 0x000000008d900000, 0x000000008d900000| Untracked 
|  50|0x000000008da00000, 0x000000008da00000, 0x000000008db00000|  0%| F|  |TAMS 0x000000008da00000, 0x000000008da00000| Untracked 
|  51|0x000000008db00000, 0x000000008db00000, 0x000000008dc00000|  0%| F|  |TAMS 0x000000008db00000, 0x000000008db00000| Untracked 
|  52|0x000000008dc00000, 0x000000008dc00000, 0x000000008dd00000|  0%| F|  |TAMS 0x000000008dc00000, 0x000000008dc00000| Untracked 
|  53|0x000000008dd00000, 0x000000008dd00000, 0x000000008de00000|  0%| F|  |TAMS 0x000000008dd00000, 0x000000008dd00000| Untracked 
|  54|0x000000008de00000, 0x000000008de00000, 0x000000008df00000|  0%| F|  |TAMS 0x000000008de00000, 0x000000008de00000| Untracked 
|  55|0x000000008df00000, 0x000000008df00000, 0x000000008e000000|  0%| F|  |TAMS 0x000000008df00000, 0x000000008df00000| Untracked 
|  56|0x000000008e000000, 0x000000008e000000, 0x000000008e100000|  0%| F|  |TAMS 0x000000008e000000, 0x000000008e000000| Untracked 
|  57|0x000000008e100000, 0x000000008e100000, 0x000000008e200000|  0%| F|  |TAMS 0x000000008e100000, 0x000000008e100000| Untracked 
|  58|0x000000008e200000, 0x000000008e200000, 0x000000008e300000|  0%| F|  |TAMS 0x000000008e200000, 0x000000008e200000| Untracked 
|  59|0x000000008e300000, 0x000000008e300000, 0x000000008e400000|  0%| F|  |TAMS 0x000000008e300000, 0x000000008e300000| Untracked 
|  60|0x000000008e400000, 0x000000008e400000, 0x000000008e500000|  0%| F|  |TAMS 0x000000008e400000, 0x000000008e400000| Untracked 
|  61|0x000000008e500000, 0x000000008e500000, 0x000000008e600000|  0%| F|  |TAMS 0x000000008e500000, 0x000000008e500000| Untracked 
|  62|0x000000008e600000, 0x000000008e600000, 0x000000008e700000|  0%| F|  |TAMS 0x000000008e600000, 0x000000008e600000| Untracked 
|  63|0x000000008e700000, 0x000000008e700000, 0x000000008e800000|  0%| F|  |TAMS 0x000000008e700000, 0x000000008e700000| Untracked 
|  64|0x000000008e800000, 0x000000008e800000, 0x000000008e900000|  0%| F|  |TAMS 0x000000008e800000, 0x000000008e800000| Untracked 
|  65|0x000000008e900000, 0x000000008e900000, 0x000000008ea00000|  0%| F|  |TAMS 0x000000008e900000, 0x000000008e900000| Untracked 
|  66|0x000000008ea00000, 0x000000008ea00000, 0x000000008eb00000|  0%| F|  |TAMS 0x000000008ea00000, 0x000000008ea00000| Untracked 
|  67|0x000000008eb00000, 0x000000008eb00000, 0x000000008ec00000|  0%| F|  |TAMS 0x000000008eb00000, 0x000000008eb00000| Untracked 
|  68|0x000000008ec00000, 0x000000008ec00000, 0x000000008ed00000|  0%| F|  |TAMS 0x000000008ec00000, 0x000000008ec00000| Untracked 
|  69|0x000000008ed00000, 0x000000008ed00000, 0x000000008ee00000|  0%| F|  |TAMS 0x000000008ed00000, 0x000000008ed00000| Untracked 
|  70|0x000000008ee00000, 0x000000008ee80800, 0x000000008ef00000| 50%| E|  |TAMS 0x000000008ee00000, 0x000000008ee00000| Complete 
|  71|0x000000008ef00000, 0x000000008f000000, 0x000000008f000000|100%| E|CS|TAMS 0x000000008ef00000, 0x000000008ef00000| Complete 
|  72|0x000000008f000000, 0x000000008f100000, 0x000000008f100000|100%| E|CS|TAMS 0x000000008f000000, 0x000000008f000000| Complete 
|  73|0x000000008f100000, 0x000000008f200000, 0x000000008f200000|100%| E|CS|TAMS 0x000000008f100000, 0x000000008f100000| Complete 
|  74|0x000000008f200000, 0x000000008f300000, 0x000000008f300000|100%| E|CS|TAMS 0x000000008f200000, 0x000000008f200000| Complete 
|  75|0x000000008f300000, 0x000000008f400000, 0x000000008f400000|100%| E|CS|TAMS 0x000000008f300000, 0x000000008f300000| Complete 
|  76|0x000000008f400000, 0x000000008f500000, 0x000000008f500000|100%| E|CS|TAMS 0x000000008f400000, 0x000000008f400000| Complete 
|  77|0x000000008f500000, 0x000000008f600000, 0x000000008f600000|100%| E|CS|TAMS 0x000000008f500000, 0x000000008f500000| Complete 
|  78|0x000000008f600000, 0x000000008f700000, 0x000000008f700000|100%| E|CS|TAMS 0x000000008f600000, 0x000000008f600000| Complete 
|  79|0x000000008f700000, 0x000000008f800000, 0x000000008f800000|100%| E|CS|TAMS 0x000000008f700000, 0x000000008f700000| Complete 
|  80|0x000000008f800000, 0x000000008f900000, 0x000000008f900000|100%| E|CS|TAMS 0x000000008f800000, 0x000000008f800000| Complete 
|  81|0x000000008f900000, 0x000000008fa00000, 0x000000008fa00000|100%| E|CS|TAMS 0x000000008f900000, 0x000000008f900000| Complete 
|  82|0x000000008fa00000, 0x000000008fb00000, 0x000000008fb00000|100%| E|CS|TAMS 0x000000008fa00000, 0x000000008fa00000| Complete 
|  83|0x000000008fb00000, 0x000000008fc00000, 0x000000008fc00000|100%| E|CS|TAMS 0x000000008fb00000, 0x000000008fb00000| Complete 
|  84|0x000000008fc00000, 0x000000008fd00000, 0x000000008fd00000|100%| E|CS|TAMS 0x000000008fc00000, 0x000000008fc00000| Complete 
|  85|0x000000008fd00000, 0x000000008fe00000, 0x000000008fe00000|100%| E|CS|TAMS 0x000000008fd00000, 0x000000008fd00000| Complete 
|  86|0x000000008fe00000, 0x000000008ff00000, 0x000000008ff00000|100%| E|CS|TAMS 0x000000008fe00000, 0x000000008fe00000| Complete 
|  87|0x000000008ff00000, 0x0000000090000000, 0x0000000090000000|100%| E|CS|TAMS 0x000000008ff00000, 0x000000008ff00000| Complete 
|  88|0x0000000090000000, 0x0000000090100000, 0x0000000090100000|100%| E|CS|TAMS 0x0000000090000000, 0x0000000090000000| Complete 
|  89|0x0000000090100000, 0x0000000090200000, 0x0000000090200000|100%| E|CS|TAMS 0x0000000090100000, 0x0000000090100000| Complete 
|  90|0x0000000090200000, 0x0000000090300000, 0x0000000090300000|100%| E|CS|TAMS 0x0000000090200000, 0x0000000090200000| Complete 
|  91|0x0000000090300000, 0x0000000090400000, 0x0000000090400000|100%| E|CS|TAMS 0x0000000090300000, 0x0000000090300000| Complete 
|  92|0x0000000090400000, 0x0000000090500000, 0x0000000090500000|100%| E|CS|TAMS 0x0000000090400000, 0x0000000090400000| Complete 
|  93|0x0000000090500000, 0x0000000090600000, 0x0000000090600000|100%| E|CS|TAMS 0x0000000090500000, 0x0000000090500000| Complete 
|  94|0x0000000090600000, 0x0000000090700000, 0x0000000090700000|100%| E|CS|TAMS 0x0000000090600000, 0x0000000090600000| Complete 
|  95|0x0000000090700000, 0x0000000090800000, 0x0000000090800000|100%| E|CS|TAMS 0x0000000090700000, 0x0000000090700000| Complete 
|  96|0x0000000090800000, 0x0000000090900000, 0x0000000090900000|100%| E|CS|TAMS 0x0000000090800000, 0x0000000090800000| Complete 
|  97|0x0000000090900000, 0x0000000090a00000, 0x0000000090a00000|100%| E|CS|TAMS 0x0000000090900000, 0x0000000090900000| Complete 
| 106|0x0000000091200000, 0x0000000091300000, 0x0000000091300000|100%| E|CS|TAMS 0x0000000091200000, 0x0000000091200000| Complete 
| 117|0x0000000091d00000, 0x0000000091e00000, 0x0000000091e00000|100%| E|CS|TAMS 0x0000000091d00000, 0x0000000091d00000| Complete 

Card table byte_map: [0x000002965f290000,0x000002965f640000] _byte_map_base: 0x000002965ee3c000

Marking Bits (Prev, Next): (CMBitMap*) 0x0000029648ca5c10, (CMBitMap*) 0x0000029648ca5c50
 Prev Bits: [0x000002965f9f0000, 0x0000029661750000)
 Next Bits: [0x0000029661750000, 0x00000296634b0000)

Polling page: 0x0000029648d00000

Metaspace:

Usage:
  Non-class:     38.57 MB used.
      Class:      5.27 MB used.
       Both:     43.84 MB used.

Virtual space:
  Non-class space:       64.00 MB reserved,      38.81 MB ( 61%) committed,  1 nodes.
      Class space:        1.00 GB reserved,       5.50 MB ( <1%) committed,  1 nodes.
             Both:        1.06 GB reserved,      44.31 MB (  4%) committed. 

Chunk freelists:
   Non-Class:  9.22 MB
       Class:  10.33 MB
        Both:  19.55 MB

MaxMetaspaceSize: unlimited
CompressedClassSpaceSize: 1.00 GB
Initial GC threshold: 21.00 MB
Current GC threshold: 68.12 MB
CDS: on
MetaspaceReclaimPolicy: balanced
 - commit_granule_bytes: 65536.
 - commit_granule_words: 8192.
 - virtual_space_node_default_size: 8388608.
 - enlarge_chunks_in_place: 1.
 - new_chunks_are_fully_committed: 0.
 - uncommit_free_chunks: 1.
 - use_allocation_guard: 0.
 - handle_deallocations: 1.


Internal statistics:

num_allocs_failed_limit: 6.
num_arena_births: 524.
num_arena_deaths: 0.
num_vsnodes_births: 2.
num_vsnodes_deaths: 0.
num_space_committed: 709.
num_space_uncommitted: 0.
num_chunks_returned_to_freelist: 6.
num_chunks_taken_from_freelist: 2073.
num_chunk_merges: 6.
num_chunk_splits: 1454.
num_chunks_enlarged: 1104.
num_inconsistent_stats: 0.

CodeHeap 'non-profiled nmethods': size=120000Kb used=3952Kb max_used=3952Kb free=116047Kb
 bounds [0x0000029656d20000, 0x0000029657100000, 0x000002965e250000]
CodeHeap 'profiled nmethods': size=120000Kb used=12320Kb max_used=12320Kb free=107680Kb
 bounds [0x000002964f250000, 0x000002964fe60000, 0x0000029656780000]
CodeHeap 'non-nmethods': size=5760Kb used=1280Kb max_used=1353Kb free=4479Kb
 bounds [0x0000029656780000, 0x00000296569f0000, 0x0000029656d20000]
 total_blobs=6865 nmethods=6268 adapters=508
 compilation: enabled
              stopped_count=0, restarted_count=0
 full_count=0

Compilation events (20 events):
Event: 88.009 Thread 0x0000029665927390 7186       3       sun.nio.ch.SelectionKeyImpl::channel (8 bytes)
Event: 88.009 Thread 0x0000029665927390 nmethod 7186 0x000002964fe53110 code [0x000002964fe532a0, 0x000002964fe534b8]
Event: 88.009 Thread 0x0000029665927390 7187       3       jdk.internal.net.http.common.Demand::get (8 bytes)
Event: 88.009 Thread 0x0000029665927390 nmethod 7187 0x000002964fe53590 code [0x000002964fe53720, 0x000002964fe53858]
Event: 88.010 Thread 0x0000029665927390 7188       1       java.nio.channels.SelectionKey::attachment (5 bytes)
Event: 88.010 Thread 0x0000029665927390 nmethod 7188 0x00000296570fb510 code [0x00000296570fb6a0, 0x00000296570fb778]
Event: 88.010 Thread 0x00000296659224c0 nmethod 7183 0x00000296570fb810 code [0x00000296570fb9c0, 0x00000296570fbc78]
Event: 90.025 Thread 0x0000029665927390 7189       3       java.util.concurrent.CompletableFuture::complete (12 bytes)
Event: 90.026 Thread 0x0000029665927390 nmethod 7189 0x000002964fe53910 code [0x000002964fe53ba0, 0x000002964fe54728]
Event: 90.026 Thread 0x0000029665927390 7191       3       jdk.internal.net.http.common.SequentialScheduler::runOrSchedule (10 bytes)
Event: 90.026 Thread 0x0000029665927390 nmethod 7191 0x000002964fe54b90 code [0x000002964fe54d40, 0x000002964fe54e88]
Event: 90.026 Thread 0x0000029665927390 7190       1       jdk.internal.net.http.PlainHttpConnection::channel (5 bytes)
Event: 90.026 Thread 0x0000029665927390 nmethod 7190 0x00000296570fbf90 code [0x00000296570fc120, 0x00000296570fc1f8]
Event: 90.030 Thread 0x00000296659224c0 7192       4       jdk.internal.loader.URLClassPath::getResource (74 bytes)
Event: 90.038 Thread 0x0000029665927390 7193       3       com.google.gson.internal.$Gson$Types::canonicalize (139 bytes)
Event: 90.039 Thread 0x0000029665927390 nmethod 7193 0x000002964fe54f10 code [0x000002964fe55240, 0x000002964fe56968]
Event: 90.039 Thread 0x0000029665927390 7194       3       com.google.gson.internal.Excluder::isAnonymousOrNonStaticLocal (37 bytes)
Event: 90.039 Thread 0x0000029665927390 nmethod 7194 0x000002964fe56d90 code [0x000002964fe57000, 0x000002964fe57948]
Event: 90.039 Thread 0x0000029665927390 7195       3       com.google.gson.internal.Excluder::isStatic (16 bytes)
Event: 90.039 Thread 0x0000029665927390 nmethod 7195 0x000002964fe57c10 code [0x000002964fe57da0, 0x000002964fe57f38]

GC Heap History (20 events):
Event: 60.477 GC heap before
{Heap before GC invocations=41 (full 0):
 garbage-first heap   total 58368K, used 27624K [0x000000008a800000, 0x0000000100000000)
  region size 1024K, 3 young (3072K), 2 survivors (2048K)
 Metaspace       used 39800K, committed 40192K, reserved 1114112K
  class space    used 4681K, committed 4864K, reserved 1048576K
}
Event: 60.481 GC heap after
{Heap after GC invocations=42 (full 0):
 garbage-first heap   total 58368K, used 26555K [0x000000008a800000, 0x0000000100000000)
  region size 1024K, 1 young (1024K), 1 survivors (1024K)
 Metaspace       used 39800K, committed 40192K, reserved 1114112K
  class space    used 4681K, committed 4864K, reserved 1048576K
}
Event: 60.749 GC heap before
{Heap before GC invocations=42 (full 0):
 garbage-first heap   total 58368K, used 46011K [0x000000008a800000, 0x0000000100000000)
  region size 1024K, 20 young (20480K), 1 survivors (1024K)
 Metaspace       used 41204K, committed 41600K, reserved 1114112K
  class space    used 4876K, committed 5056K, reserved 1048576K
}
Event: 60.753 GC heap after
{Heap after GC invocations=43 (full 0):
 garbage-first heap   total 58368K, used 27847K [0x000000008a800000, 0x0000000100000000)
  region size 1024K, 2 young (2048K), 2 survivors (2048K)
 Metaspace       used 41204K, committed 41600K, reserved 1114112K
  class space    used 4876K, committed 5056K, reserved 1048576K
}
Event: 60.907 GC heap before
{Heap before GC invocations=44 (full 0):
 garbage-first heap   total 58368K, used 46279K [0x000000008a800000, 0x0000000100000000)
  region size 1024K, 20 young (20480K), 2 survivors (2048K)
 Metaspace       used 41356K, committed 41792K, reserved 1114112K
  class space    used 4882K, committed 5056K, reserved 1048576K
}
Event: 60.909 GC heap after
{Heap after GC invocations=45 (full 0):
 garbage-first heap   total 58368K, used 27793K [0x000000008a800000, 0x0000000100000000)
  region size 1024K, 1 young (1024K), 1 survivors (1024K)
 Metaspace       used 41356K, committed 41792K, reserved 1114112K
  class space    used 4882K, committed 5056K, reserved 1048576K
}
Event: 61.029 GC heap before
{Heap before GC invocations=45 (full 0):
 garbage-first heap   total 58368K, used 47249K [0x000000008a800000, 0x0000000100000000)
  region size 1024K, 20 young (20480K), 1 survivors (1024K)
 Metaspace       used 41471K, committed 41856K, reserved 1114112K
  class space    used 4891K, committed 5056K, reserved 1048576K
}
Event: 61.031 GC heap after
{Heap after GC invocations=46 (full 0):
 garbage-first heap   total 110592K, used 27757K [0x000000008a800000, 0x0000000100000000)
  region size 1024K, 1 young (1024K), 1 survivors (1024K)
 Metaspace       used 41471K, committed 41856K, reserved 1114112K
  class space    used 4891K, committed 5056K, reserved 1048576K
}
Event: 61.411 GC heap before
{Heap before GC invocations=47 (full 0):
 garbage-first heap   total 102400K, used 91245K [0x000000008a800000, 0x0000000100000000)
  region size 1024K, 63 young (64512K), 1 survivors (1024K)
 Metaspace       used 41773K, committed 42240K, reserved 1114112K
  class space    used 4917K, committed 5120K, reserved 1048576K
}
Event: 61.412 GC heap after
{Heap after GC invocations=48 (full 0):
 garbage-first heap   total 102400K, used 28143K [0x000000008a800000, 0x0000000100000000)
  region size 1024K, 1 young (1024K), 1 survivors (1024K)
 Metaspace       used 41773K, committed 42240K, reserved 1114112K
  class space    used 4917K, committed 5120K, reserved 1048576K
}
Event: 63.126 GC heap before
{Heap before GC invocations=48 (full 0):
 garbage-first heap   total 102400K, used 87535K [0x000000008a800000, 0x0000000100000000)
  region size 1024K, 59 young (60416K), 1 survivors (1024K)
 Metaspace       used 43300K, committed 43776K, reserved 1114112K
  class space    used 5162K, committed 5376K, reserved 1048576K
}
Event: 63.128 GC heap after
{Heap after GC invocations=49 (full 0):
 garbage-first heap   total 102400K, used 28569K [0x000000008a800000, 0x0000000100000000)
  region size 1024K, 1 young (1024K), 1 survivors (1024K)
 Metaspace       used 43300K, committed 43776K, reserved 1114112K
  class space    used 5162K, committed 5376K, reserved 1048576K
}
Event: 66.328 GC heap before
{Heap before GC invocations=49 (full 0):
 garbage-first heap   total 102400K, used 87961K [0x000000008a800000, 0x0000000100000000)
  region size 1024K, 59 young (60416K), 1 survivors (1024K)
 Metaspace       used 43302K, committed 43776K, reserved 1114112K
  class space    used 5162K, committed 5376K, reserved 1048576K
}
Event: 66.330 GC heap after
{Heap after GC invocations=50 (full 0):
 garbage-first heap   total 102400K, used 28663K [0x000000008a800000, 0x0000000100000000)
  region size 1024K, 2 young (2048K), 2 survivors (2048K)
 Metaspace       used 43302K, committed 43776K, reserved 1114112K
  class space    used 5162K, committed 5376K, reserved 1048576K
}
Event: 69.291 GC heap before
{Heap before GC invocations=50 (full 0):
 garbage-first heap   total 102400K, used 88055K [0x000000008a800000, 0x0000000100000000)
  region size 1024K, 60 young (61440K), 2 survivors (2048K)
 Metaspace       used 43302K, committed 43776K, reserved 1114112K
  class space    used 5162K, committed 5376K, reserved 1048576K
}
Event: 69.293 GC heap after
{Heap after GC invocations=51 (full 0):
 garbage-first heap   total 102400K, used 28569K [0x000000008a800000, 0x0000000100000000)
  region size 1024K, 1 young (1024K), 1 survivors (1024K)
 Metaspace       used 43302K, committed 43776K, reserved 1114112K
  class space    used 5162K, committed 5376K, reserved 1048576K
}
Event: 72.452 GC heap before
{Heap before GC invocations=51 (full 0):
 garbage-first heap   total 102400K, used 88985K [0x000000008a800000, 0x0000000100000000)
  region size 1024K, 60 young (61440K), 1 survivors (1024K)
 Metaspace       used 43302K, committed 43776K, reserved 1114112K
  class space    used 5162K, committed 5376K, reserved 1048576K
}
Event: 72.454 GC heap after
{Heap after GC invocations=52 (full 0):
 garbage-first heap   total 102400K, used 28569K [0x000000008a800000, 0x0000000100000000)
  region size 1024K, 1 young (1024K), 1 survivors (1024K)
 Metaspace       used 43302K, committed 43776K, reserved 1114112K
  class space    used 5162K, committed 5376K, reserved 1048576K
}
Event: 75.510 GC heap before
{Heap before GC invocations=52 (full 0):
 garbage-first heap   total 102400K, used 88985K [0x000000008a800000, 0x0000000100000000)
  region size 1024K, 60 young (61440K), 1 survivors (1024K)
 Metaspace       used 43302K, committed 43776K, reserved 1114112K
  class space    used 5162K, committed 5376K, reserved 1048576K
}
Event: 75.512 GC heap after
{Heap after GC invocations=53 (full 0):
 garbage-first heap   total 102400K, used 28540K [0x000000008a800000, 0x0000000100000000)
  region size 1024K, 1 young (1024K), 1 survivors (1024K)
 Metaspace       used 43302K, committed 43776K, reserved 1114112K
  class space    used 5162K, committed 5376K, reserved 1048576K
}

Dll operation events (9 events):
Event: 0.006 Loaded shared library C:\Users\manuc\.sonar\cache\4bafe2e94439c8193fc8c68247cb0dbaf4e80265b903288f63f128304f129bbe\OpenJDK17U-jre_x64_windows_hotspot_17.0.11_9.zip_extracted\jdk-17.0.11+9-jre\bin\java.dll
Event: 0.018 Loaded shared library C:\Users\manuc\.sonar\cache\4bafe2e94439c8193fc8c68247cb0dbaf4e80265b903288f63f128304f129bbe\OpenJDK17U-jre_x64_windows_hotspot_17.0.11_9.zip_extracted\jdk-17.0.11+9-jre\bin\jsvml.dll
Event: 0.039 Loaded shared library C:\Users\manuc\.sonar\cache\4bafe2e94439c8193fc8c68247cb0dbaf4e80265b903288f63f128304f129bbe\OpenJDK17U-jre_x64_windows_hotspot_17.0.11_9.zip_extracted\jdk-17.0.11+9-jre\bin\net.dll
Event: 0.041 Loaded shared library C:\Users\manuc\.sonar\cache\4bafe2e94439c8193fc8c68247cb0dbaf4e80265b903288f63f128304f129bbe\OpenJDK17U-jre_x64_windows_hotspot_17.0.11_9.zip_extracted\jdk-17.0.11+9-jre\bin\nio.dll
Event: 0.055 Loaded shared library C:\Users\manuc\.sonar\cache\4bafe2e94439c8193fc8c68247cb0dbaf4e80265b903288f63f128304f129bbe\OpenJDK17U-jre_x64_windows_hotspot_17.0.11_9.zip_extracted\jdk-17.0.11+9-jre\bin\zip.dll
Event: 0.073 Loaded shared library C:\Users\manuc\.sonar\cache\4bafe2e94439c8193fc8c68247cb0dbaf4e80265b903288f63f128304f129bbe\OpenJDK17U-jre_x64_windows_hotspot_17.0.11_9.zip_extracted\jdk-17.0.11+9-jre\bin\jimage.dll
Event: 0.504 Loaded shared library C:\Users\manuc\.sonar\cache\4bafe2e94439c8193fc8c68247cb0dbaf4e80265b903288f63f128304f129bbe\OpenJDK17U-jre_x64_windows_hotspot_17.0.11_9.zip_extracted\jdk-17.0.11+9-jre\bin\verify.dll
Event: 0.931 Loaded shared library C:\Users\manuc\.sonar\cache\4bafe2e94439c8193fc8c68247cb0dbaf4e80265b903288f63f128304f129bbe\OpenJDK17U-jre_x64_windows_hotspot_17.0.11_9.zip_extracted\jdk-17.0.11+9-jre\bin\sunmscapi.dll
Event: 1.440 Loaded shared library C:\Users\manuc\.sonar\cache\4bafe2e94439c8193fc8c68247cb0dbaf4e80265b903288f63f128304f129bbe\OpenJDK17U-jre_x64_windows_hotspot_17.0.11_9.zip_extracted\jdk-17.0.11+9-jre\bin\extnet.dll

Deoptimization events (20 events):
Event: 83.016 Thread 0x000002964895bf50 DEOPT PACKING pc=0x0000029656d56688 sp=0x000000a5539fdba0
Event: 83.016 Thread 0x000002964895bf50 DEOPT UNPACKING pc=0x00000296567d69a3 sp=0x000000a5539fdb28 mode 2
Event: 83.016 Thread 0x000002964895bf50 Uncommon trap: trap_request=0xffffffde fr.pc=0x0000029656d56688 relative=0x00000000000001e8
Event: 83.016 Thread 0x000002964895bf50 Uncommon trap: reason=class_check action=maybe_recompile pc=0x0000029656d56688 method=java.util.regex.Pattern$BranchConn.match(Ljava/util/regex/Matcher;ILjava/lang/CharSequence;)Z @ 7 c2
Event: 83.016 Thread 0x000002964895bf50 DEOPT PACKING pc=0x0000029656d56688 sp=0x000000a5539fd960
Event: 83.016 Thread 0x000002964895bf50 DEOPT UNPACKING pc=0x00000296567d69a3 sp=0x000000a5539fd8e8 mode 2
Event: 87.213 Thread 0x000002966ba55e10 DEOPT PACKING pc=0x000002964f589b4b sp=0x000000a5536ff0f0
Event: 87.213 Thread 0x000002966ba55e10 DEOPT UNPACKING pc=0x00000296567d7143 sp=0x000000a5536fe5a0 mode 0
Event: 87.452 Thread 0x000002966ba58180 Uncommon trap: trap_request=0xffffffde fr.pc=0x0000029656fe4b30 relative=0x0000000000000090
Event: 87.452 Thread 0x000002966ba58180 Uncommon trap: reason=class_check action=maybe_recompile pc=0x0000029656fe4b30 method=java.nio.ByteBuffer.limit(I)Ljava/nio/Buffer; @ 2 c2
Event: 87.452 Thread 0x000002966ba58180 DEOPT PACKING pc=0x0000029656fe4b30 sp=0x000000a555cfe930
Event: 87.452 Thread 0x000002966ba58180 DEOPT UNPACKING pc=0x00000296567d69a3 sp=0x000000a555cfe8c8 mode 2
Event: 87.452 Thread 0x000002966ba58180 Uncommon trap: trap_request=0xffffffde fr.pc=0x0000029656ef2aa8 relative=0x0000000000000088
Event: 87.452 Thread 0x000002966ba58180 Uncommon trap: reason=class_check action=maybe_recompile pc=0x0000029656ef2aa8 method=java.nio.ByteBuffer.position(I)Ljava/nio/Buffer; @ 2 c2
Event: 87.452 Thread 0x000002966ba58180 DEOPT PACKING pc=0x0000029656ef2aa8 sp=0x000000a555cfe930
Event: 87.452 Thread 0x000002966ba58180 DEOPT UNPACKING pc=0x00000296567d69a3 sp=0x000000a555cfe8c8 mode 2
Event: 87.453 Thread 0x000002966ba56320 Uncommon trap: trap_request=0xffffffde fr.pc=0x0000029656f6b48c relative=0x00000000000001cc
Event: 87.453 Thread 0x000002966ba56320 Uncommon trap: reason=class_check action=maybe_recompile pc=0x0000029656f6b48c method=java.util.AbstractList$RandomAccessSpliterator.tryAdvance(Ljava/util/function/Consumer;)Z @ 43 c2
Event: 87.453 Thread 0x000002966ba56320 DEOPT PACKING pc=0x0000029656f6b48c sp=0x000000a5538fe0c0
Event: 87.453 Thread 0x000002966ba56320 DEOPT UNPACKING pc=0x00000296567d69a3 sp=0x000000a5538fe048 mode 2

Classes unloaded (0 events):
No events

Classes redefined (0 events):
No events

Internal exceptions (20 events):
Event: 82.023 Thread 0x000002966ba58180 Exception <a 'java/net/ConnectException'{0x000000008f68f580}: Connection refused: getsockopt> (0x000000008f68f580) 
thrown [s\src\hotspot\share\prims\jni.cpp, line 535]
Event: 82.024 Thread 0x000002966ba58180 Exception <a 'java/net/ConnectException'{0x000000008f68fee0}: Connection refused: getsockopt> (0x000000008f68fee0) 
thrown [s\src\hotspot\share\prims\jni.cpp, line 535]
Event: 82.134 Thread 0x000002966ba58180 Exception <a 'java/net/ConnectException'{0x000000008f690840}: Connection refused: getsockopt> (0x000000008f690840) 
thrown [s\src\hotspot\share\prims\jni.cpp, line 535]
Event: 82.135 Thread 0x000002966ba58180 Exception <a 'java/net/ConnectException'{0x000000008f6911a0}: Connection refused: getsockopt> (0x000000008f6911a0) 
thrown [s\src\hotspot\share\prims\jni.cpp, line 535]
Event: 82.242 Thread 0x000002966ba58180 Exception <a 'java/net/ConnectException'{0x000000008f691b00}: Connection refused: getsockopt> (0x000000008f691b00) 
thrown [s\src\hotspot\share\prims\jni.cpp, line 535]
Event: 82.242 Thread 0x000002966ba58180 Exception <a 'java/net/ConnectException'{0x000000008f500858}: Connection refused: getsockopt> (0x000000008f500858) 
thrown [s\src\hotspot\share\prims\jni.cpp, line 535]
Event: 82.351 Thread 0x000002966ba58180 Exception <a 'java/net/ConnectException'{0x000000008f5011b8}: Connection refused: getsockopt> (0x000000008f5011b8) 
thrown [s\src\hotspot\share\prims\jni.cpp, line 535]
Event: 82.352 Thread 0x000002966ba58180 Exception <a 'java/net/ConnectException'{0x000000008f501b18}: Connection refused: getsockopt> (0x000000008f501b18) 
thrown [s\src\hotspot\share\prims\jni.cpp, line 535]
Event: 82.462 Thread 0x000002966ba58180 Exception <a 'java/net/ConnectException'{0x000000008f502478}: Connection refused: getsockopt> (0x000000008f502478) 
thrown [s\src\hotspot\share\prims\jni.cpp, line 535]
Event: 82.463 Thread 0x000002966ba58180 Exception <a 'java/net/ConnectException'{0x000000008f502dd8}: Connection refused: getsockopt> (0x000000008f502dd8) 
thrown [s\src\hotspot\share\prims\jni.cpp, line 535]
Event: 82.571 Thread 0x000002966ba58180 Exception <a 'java/net/ConnectException'{0x000000008f503738}: Connection refused: getsockopt> (0x000000008f503738) 
thrown [s\src\hotspot\share\prims\jni.cpp, line 535]
Event: 82.572 Thread 0x000002966ba58180 Exception <a 'java/net/ConnectException'{0x000000008f504098}: Connection refused: getsockopt> (0x000000008f504098) 
thrown [s\src\hotspot\share\prims\jni.cpp, line 535]
Event: 82.680 Thread 0x000002966ba58180 Exception <a 'java/net/ConnectException'{0x000000008f5049f8}: Connection refused: getsockopt> (0x000000008f5049f8) 
thrown [s\src\hotspot\share\prims\jni.cpp, line 535]
Event: 82.681 Thread 0x000002966ba58180 Exception <a 'java/net/ConnectException'{0x000000008f505358}: Connection refused: getsockopt> (0x000000008f505358) 
thrown [s\src\hotspot\share\prims\jni.cpp, line 535]
Event: 82.790 Thread 0x000002966ba58180 Exception <a 'java/net/ConnectException'{0x000000008f505cb8}: Connection refused: getsockopt> (0x000000008f505cb8) 
thrown [s\src\hotspot\share\prims\jni.cpp, line 535]
Event: 82.791 Thread 0x000002966ba58180 Exception <a 'java/net/ConnectException'{0x000000008f506618}: Connection refused: getsockopt> (0x000000008f506618) 
thrown [s\src\hotspot\share\prims\jni.cpp, line 535]
Event: 82.979 Thread 0x000002966ba56320 Exception <a 'java/lang/NoSuchMethodError'{0x000000008f40c8a0}: 'java.lang.Object java.lang.invoke.DirectMethodHandle$Holder.newInvokeSpecial(java.lang.Object, java.lang.Object, long, java.lang.Object, java.lang.Object, java.lang.Object)'> (0x000000008f40c8a0) 
thrown [s\src\hotspot\share\interpreter\linkResolver.cpp, line 759]
Event: 82.985 Thread 0x000002966ba56320 Exception <a 'java/lang/NoSuchMethodError'{0x000000008f424768}: 'void java.lang.invoke.DirectMethodHandle$Holder.invokeSpecial(java.lang.Object, java.lang.Object, java.lang.Object, java.lang.Object, java.lang.Object, java.lang.Object, java.lang.Object)'> (0x000000008f424768) 
thrown [s\src\hotspot\share\interpreter\linkResolver.cpp, line 759]
Event: 82.989 Thread 0x000002966ba56320 Implicit null exception at 0x0000029656f6726c to 0x0000029656f6731c
Event: 82.991 Thread 0x000002964895bf50 Exception <a 'java/lang/NoSuchMethodError'{0x000000008f63c7b8}: 'void java.lang.invoke.DirectMethodHandle$Holder.invokeVirtual(java.lang.Object, java.lang.Object)'> (0x000000008f63c7b8) 
thrown [s\src\hotspot\share\interpreter\linkResolver.cpp, line 759]

VM Operations (20 events):
Event: 79.543 Executing VM operation: Cleanup
Event: 79.543 Executing VM operation: Cleanup done
Event: 80.550 Executing VM operation: Cleanup
Event: 80.550 Executing VM operation: Cleanup done
Event: 81.552 Executing VM operation: Cleanup
Event: 81.552 Executing VM operation: Cleanup done
Event: 82.554 Executing VM operation: Cleanup
Event: 82.554 Executing VM operation: Cleanup done
Event: 82.959 Executing VM operation: HandshakeAllThreads
Event: 82.960 Executing VM operation: HandshakeAllThreads done
Event: 82.961 Executing VM operation: HandshakeAllThreads
Event: 82.961 Executing VM operation: HandshakeAllThreads done
Event: 83.048 Executing VM operation: HandshakeAllThreads
Event: 83.048 Executing VM operation: HandshakeAllThreads done
Event: 84.057 Executing VM operation: Cleanup
Event: 84.057 Executing VM operation: Cleanup done
Event: 88.098 Executing VM operation: Cleanup
Event: 88.098 Executing VM operation: Cleanup done
Event: 90.108 Executing VM operation: Cleanup
Event: 90.108 Executing VM operation: Cleanup done

Events (20 events):
Event: 82.972 loading class java/util/stream/LongPipeline
Event: 82.974 loading class java/util/stream/LongStream
Event: 82.975 loading class java/util/stream/LongStream done
Event: 82.975 loading class java/util/stream/LongPipeline done
Event: 82.975 loading class java/util/stream/LongPipeline$StatelessOp done
Event: 82.975 loading class java/util/stream/ReferencePipeline$5 done
Event: 82.975 loading class java/util/stream/FindOps$FindSink$OfLong
Event: 82.975 loading class java/util/stream/Sink$OfLong
Event: 82.976 loading class java/util/stream/Sink$OfLong done
Event: 82.976 loading class java/util/stream/FindOps$FindSink$OfLong done
Event: 82.976 loading class java/util/OptionalLong
Event: 82.976 loading class java/util/OptionalLong done
Event: 82.977 loading class java/util/stream/ReferencePipeline$5$1
Event: 82.978 loading class java/util/stream/ReferencePipeline$5$1 done
Event: 82.992 Thread 0x000002966ba57250 Thread added: 0x000002966ba57250
Event: 83.001 Thread 0x000002966bd70430 Thread added: 0x000002966bd70430
Event: 87.453 Thread 0x000002966bd70430 Thread exited: 0x000002966bd70430
Event: 87.958 Thread 0x000002966ba595c0 Thread added: 0x000002966ba595c0
Event: 90.029 loading class jdk/internal/reflect/UnsafeQualifiedBooleanFieldAccessorImpl
Event: 90.029 loading class jdk/internal/reflect/UnsafeQualifiedBooleanFieldAccessorImpl done


Dynamic libraries:
0x00007ff7dc110000 - 0x00007ff7dc11e000 	C:\Users\manuc\.sonar\cache\4bafe2e94439c8193fc8c68247cb0dbaf4e80265b903288f63f128304f129bbe\OpenJDK17U-jre_x64_windows_hotspot_17.0.11_9.zip_extracted\jdk-17.0.11+9-jre\bin\java.exe
0x00007ffbda9c0000 - 0x00007ffbdac28000 	C:\WINDOWS\SYSTEM32\ntdll.dll
0x00007ffbd9560000 - 0x00007ffbd9629000 	C:\WINDOWS\System32\KERNEL32.DLL
0x00007ffbd7f30000 - 0x00007ffbd8328000 	C:\WINDOWS\System32\KERNELBASE.dll
0x00007ffbd7c80000 - 0x00007ffbd7dcb000 	C:\WINDOWS\System32\ucrtbase.dll
0x00007ffb9e730000 - 0x00007ffb9e747000 	C:\Users\manuc\.sonar\cache\4bafe2e94439c8193fc8c68247cb0dbaf4e80265b903288f63f128304f129bbe\OpenJDK17U-jre_x64_windows_hotspot_17.0.11_9.zip_extracted\jdk-17.0.11+9-jre\bin\jli.dll
0x00007ffb8bc70000 - 0x00007ffb8bc8b000 	C:\Users\manuc\.sonar\cache\4bafe2e94439c8193fc8c68247cb0dbaf4e80265b903288f63f128304f129bbe\OpenJDK17U-jre_x64_windows_hotspot_17.0.11_9.zip_extracted\jdk-17.0.11+9-jre\bin\VCRUNTIME140.dll
0x00007ffbd8e30000 - 0x00007ffbd8ff7000 	C:\WINDOWS\System32\USER32.dll
0x00007ffbb75f0000 - 0x00007ffbb7884000 	C:\WINDOWS\WinSxS\amd64_microsoft.windows.common-controls_6595b64144ccf1df_6.0.26100.7019_none_3e06ffa0e335b8a8\COMCTL32.dll
0x00007ffbd8730000 - 0x00007ffbd8757000 	C:\WINDOWS\System32\win32u.dll
0x00007ffbd9000000 - 0x00007ffbd90a9000 	C:\WINDOWS\System32\msvcrt.dll
0x00007ffbd8990000 - 0x00007ffbd89bb000 	C:\WINDOWS\System32\GDI32.dll
0x00007ffbd8570000 - 0x00007ffbd869c000 	C:\WINDOWS\System32\gdi32full.dll
0x00007ffbd7e80000 - 0x00007ffbd7f23000 	C:\WINDOWS\System32\msvcp_win.dll
0x00007ffbd9b10000 - 0x00007ffbd9b41000 	C:\WINDOWS\System32\IMM32.DLL
0x00007ffbaaf10000 - 0x00007ffbaaf1c000 	C:\Users\manuc\.sonar\cache\4bafe2e94439c8193fc8c68247cb0dbaf4e80265b903288f63f128304f129bbe\OpenJDK17U-jre_x64_windows_hotspot_17.0.11_9.zip_extracted\jdk-17.0.11+9-jre\bin\vcruntime140_1.dll
0x00007ffb750b0000 - 0x00007ffb7513d000 	C:\Users\manuc\.sonar\cache\4bafe2e94439c8193fc8c68247cb0dbaf4e80265b903288f63f128304f129bbe\OpenJDK17U-jre_x64_windows_hotspot_17.0.11_9.zip_extracted\jdk-17.0.11+9-jre\bin\msvcp140.dll
0x00007ffadc770000 - 0x00007ffadd3d2000 	C:\Users\manuc\.sonar\cache\4bafe2e94439c8193fc8c68247cb0dbaf4e80265b903288f63f128304f129bbe\OpenJDK17U-jre_x64_windows_hotspot_17.0.11_9.zip_extracted\jdk-17.0.11+9-jre\bin\server\jvm.dll
0x00007ffbda8c0000 - 0x00007ffbda974000 	C:\WINDOWS\System32\ADVAPI32.dll
0x00007ffbd8d80000 - 0x00007ffbd8e26000 	C:\WINDOWS\System32\sechost.dll
0x00007ffbd9630000 - 0x00007ffbd9748000 	C:\WINDOWS\System32\RPCRT4.dll
0x00007ffbb41c0000 - 0x00007ffbb41ca000 	C:\WINDOWS\SYSTEM32\WSOCK32.dll
0x00007ffbd7970000 - 0x00007ffbd79ce000 	C:\WINDOWS\SYSTEM32\POWRPROF.dll
0x00007ffbcefa0000 - 0x00007ffbcefd5000 	C:\WINDOWS\SYSTEM32\WINMM.dll
0x00007ffbd9ef0000 - 0x00007ffbd9f64000 	C:\WINDOWS\System32\WS2_32.dll
0x00007ffbd0bf0000 - 0x00007ffbd0bfb000 	C:\WINDOWS\SYSTEM32\VERSION.dll
0x00007ffbd7950000 - 0x00007ffbd7964000 	C:\WINDOWS\SYSTEM32\UMPDC.dll
0x00007ffbd6890000 - 0x00007ffbd68ab000 	C:\WINDOWS\SYSTEM32\kernel.appcore.dll
0x00007ffba64b0000 - 0x00007ffba64ba000 	C:\Users\manuc\.sonar\cache\4bafe2e94439c8193fc8c68247cb0dbaf4e80265b903288f63f128304f129bbe\OpenJDK17U-jre_x64_windows_hotspot_17.0.11_9.zip_extracted\jdk-17.0.11+9-jre\bin\jimage.dll
0x00007ffbc92b0000 - 0x00007ffbc94f2000 	C:\WINDOWS\SYSTEM32\DBGHELP.DLL
0x00007ffbd9b60000 - 0x00007ffbd9eeb000 	C:\WINDOWS\System32\combase.dll
0x00007ffbd8ca0000 - 0x00007ffbd8d77000 	C:\WINDOWS\System32\OLEAUT32.dll
0x00007ffbb7370000 - 0x00007ffbb73ac000 	C:\WINDOWS\SYSTEM32\dbgcore.DLL
0x00007ffbd7dd0000 - 0x00007ffbd7e75000 	C:\WINDOWS\System32\bcryptPrimitives.dll
0x00007ffb8bc40000 - 0x00007ffb8bc65000 	C:\Users\manuc\.sonar\cache\4bafe2e94439c8193fc8c68247cb0dbaf4e80265b903288f63f128304f129bbe\OpenJDK17U-jre_x64_windows_hotspot_17.0.11_9.zip_extracted\jdk-17.0.11+9-jre\bin\java.dll
0x00007ffb5e3f0000 - 0x00007ffb5e4c7000 	C:\Users\manuc\.sonar\cache\4bafe2e94439c8193fc8c68247cb0dbaf4e80265b903288f63f128304f129bbe\OpenJDK17U-jre_x64_windows_hotspot_17.0.11_9.zip_extracted\jdk-17.0.11+9-jre\bin\jsvml.dll
0x00007ffbd9f70000 - 0x00007ffbda6c1000 	C:\WINDOWS\System32\SHELL32.dll
0x00007ffbd7b10000 - 0x00007ffbd7c7b000 	C:\WINDOWS\System32\wintypes.dll
0x00007ffbd56f0000 - 0x00007ffbd5f4d000 	C:\WINDOWS\SYSTEM32\windows.storage.dll
0x00007ffbd8890000 - 0x00007ffbd8982000 	C:\WINDOWS\System32\SHCORE.dll
0x00007ffbd98b0000 - 0x00007ffbd9917000 	C:\WINDOWS\System32\shlwapi.dll
0x00007ffbd7a30000 - 0x00007ffbd7a59000 	C:\WINDOWS\SYSTEM32\profapi.dll
0x00007ffb8b090000 - 0x00007ffb8b0a9000 	C:\Users\manuc\.sonar\cache\4bafe2e94439c8193fc8c68247cb0dbaf4e80265b903288f63f128304f129bbe\OpenJDK17U-jre_x64_windows_hotspot_17.0.11_9.zip_extracted\jdk-17.0.11+9-jre\bin\net.dll
0x00007ffbd0920000 - 0x00007ffbd0a48000 	C:\WINDOWS\SYSTEM32\WINHTTP.dll
0x00007ffbd6de0000 - 0x00007ffbd6e4b000 	C:\WINDOWS\system32\mswsock.dll
0x00007ffb884c0000 - 0x00007ffb884d6000 	C:\Users\manuc\.sonar\cache\4bafe2e94439c8193fc8c68247cb0dbaf4e80265b903288f63f128304f129bbe\OpenJDK17U-jre_x64_windows_hotspot_17.0.11_9.zip_extracted\jdk-17.0.11+9-jre\bin\nio.dll
0x00007ffb861b0000 - 0x00007ffb861c8000 	C:\Users\manuc\.sonar\cache\4bafe2e94439c8193fc8c68247cb0dbaf4e80265b903288f63f128304f129bbe\OpenJDK17U-jre_x64_windows_hotspot_17.0.11_9.zip_extracted\jdk-17.0.11+9-jre\bin\zip.dll
0x00007ffba5710000 - 0x00007ffba5720000 	C:\Users\manuc\.sonar\cache\4bafe2e94439c8193fc8c68247cb0dbaf4e80265b903288f63f128304f129bbe\OpenJDK17U-jre_x64_windows_hotspot_17.0.11_9.zip_extracted\jdk-17.0.11+9-jre\bin\verify.dll
0x00007ffbd71d0000 - 0x00007ffbd71eb000 	C:\WINDOWS\SYSTEM32\CRYPTSP.dll
0x00007ffbd67f0000 - 0x00007ffbd682a000 	C:\WINDOWS\system32\rsaenh.dll
0x00007ffbd6e90000 - 0x00007ffbd6ebb000 	C:\WINDOWS\SYSTEM32\USERENV.dll
0x00007ffbd7a00000 - 0x00007ffbd7a2a000 	C:\WINDOWS\SYSTEM32\bcrypt.dll
0x00007ffbd7030000 - 0x00007ffbd703c000 	C:\WINDOWS\SYSTEM32\CRYPTBASE.dll
0x00007ffbd6280000 - 0x00007ffbd62b4000 	C:\WINDOWS\SYSTEM32\IPHLPAPI.DLL
0x00007ffbd8820000 - 0x00007ffbd882a000 	C:\WINDOWS\System32\NSI.dll
0x00007ffbd0c00000 - 0x00007ffbd0c1e000 	C:\WINDOWS\SYSTEM32\dhcpcsvc6.DLL
0x00007ffbd05d0000 - 0x00007ffbd05f3000 	C:\WINDOWS\SYSTEM32\dhcpcsvc.DLL
0x00007ffbd6310000 - 0x00007ffbd643c000 	C:\WINDOWS\SYSTEM32\DNSAPI.dll
0x00007ffb9dc40000 - 0x00007ffb9dc4e000 	C:\Users\manuc\.sonar\cache\4bafe2e94439c8193fc8c68247cb0dbaf4e80265b903288f63f128304f129bbe\OpenJDK17U-jre_x64_windows_hotspot_17.0.11_9.zip_extracted\jdk-17.0.11+9-jre\bin\sunmscapi.dll
0x00007ffbd8330000 - 0x00007ffbd84a7000 	C:\WINDOWS\System32\CRYPT32.dll
0x00007ffbd7320000 - 0x00007ffbd7350000 	C:\WINDOWS\SYSTEM32\ncrypt.dll
0x00007ffbd72d0000 - 0x00007ffbd730f000 	C:\WINDOWS\SYSTEM32\NTASN1.dll
0x00007ffbd7230000 - 0x00007ffbd7243000 	C:\WINDOWS\SYSTEM32\MSASN1.dll
0x00007ffbd6e50000 - 0x00007ffbd6e82000 	C:\WINDOWS\SYSTEM32\gpapi.dll
0x00007ffbca100000 - 0x00007ffbca13b000 	C:\WINDOWS\SYSTEM32\cryptnet.dll
0x00007ffbd7710000 - 0x00007ffbd771a000 	C:\WINDOWS\SYSTEM32\DPAPI.dll
0x00007ffbb81a0000 - 0x00007ffbb822d000 	C:\WINDOWS\system32\ncryptprov.dll
0x00007ffbcfa20000 - 0x00007ffbcfa2b000 	C:\Windows\System32\rasadhlp.dll
0x00007ffbd0b60000 - 0x00007ffbd0be6000 	C:\WINDOWS\System32\fwpuclnt.dll
0x00007ffb94b20000 - 0x00007ffb94b29000 	C:\Users\manuc\.sonar\cache\4bafe2e94439c8193fc8c68247cb0dbaf4e80265b903288f63f128304f129bbe\OpenJDK17U-jre_x64_windows_hotspot_17.0.11_9.zip_extracted\jdk-17.0.11+9-jre\bin\extnet.dll
0x00007ffb8b2b0000 - 0x00007ffb8b2b8000 	C:\WINDOWS\system32\wshunix.dll

dbghelp: loaded successfully - version: 4.0.5 - missing functions: none
symbol engine: initialized successfully - sym options: 0x614 - pdb path: .;C:\Users\manuc\.sonar\cache\4bafe2e94439c8193fc8c68247cb0dbaf4e80265b903288f63f128304f129bbe\OpenJDK17U-jre_x64_windows_hotspot_17.0.11_9.zip_extracted\jdk-17.0.11+9-jre\bin;C:\WINDOWS\SYSTEM32;C:\WINDOWS\WinSxS\amd64_microsoft.windows.common-controls_6595b64144ccf1df_6.0.26100.7019_none_3e06ffa0e335b8a8;C:\Users\manuc\.sonar\cache\4bafe2e94439c8193fc8c68247cb0dbaf4e80265b903288f63f128304f129bbe\OpenJDK17U-jre_x64_windows_hotspot_17.0.11_9.zip_extracted\jdk-17.0.11+9-jre\bin\server

VM Arguments:
jvm_args: -Dorg.bouncycastle.pkcs12.ignore_useless_passwd=true 
java_command: C:\Users\manuc\.sonar\cache\2df641182fdb086f2742d159a7c020a8e93583fc618666f9d2245c7f9df82d7e\sonar-scanner-engine-shaded-10.6.0.92116-all.jar
java_class_path (initial): C:\Users\manuc\.sonar\cache\2df641182fdb086f2742d159a7c020a8e93583fc618666f9d2245c7f9df82d7e\sonar-scanner-engine-shaded-10.6.0.92116-all.jar
Launcher Type: SUN_STANDARD

[Global flags]
     intx CICompilerCount                          = 4                                         {product} {ergonomic}
     uint ConcGCThreads                            = 3                                         {product} {ergonomic}
     uint G1ConcRefinementThreads                  = 10                                        {product} {ergonomic}
   size_t G1HeapRegionSize                         = 1048576                                   {product} {ergonomic}
    uintx GCDrainStackTargetSize                   = 64                                        {product} {ergonomic}
   size_t InitialHeapSize                          = 123731968                                 {product} {ergonomic}
   size_t MarkStackSize                            = 4194304                                   {product} {ergonomic}
   size_t MaxHeapSize                              = 1971322880                                {product} {ergonomic}
   size_t MaxNewSize                               = 1182793728                                {product} {ergonomic}
   size_t MinHeapDeltaBytes                        = 1048576                                   {product} {ergonomic}
   size_t MinHeapSize                              = 8388608                                   {product} {ergonomic}
    uintx NonNMethodCodeHeapSize                   = 5839372                                {pd product} {ergonomic}
    uintx NonProfiledCodeHeapSize                  = 122909434                              {pd product} {ergonomic}
    uintx ProfiledCodeHeapSize                     = 122909434                              {pd product} {ergonomic}
    uintx ReservedCodeCacheSize                    = 251658240                              {pd product} {ergonomic}
     bool SegmentedCodeCache                       = true                                      {product} {ergonomic}
   size_t SoftMaxHeapSize                          = 1971322880                             {manageable} {ergonomic}
     bool UseCompressedClassPointers               = true                           {product lp64_product} {ergonomic}
     bool UseCompressedOops                        = true                           {product lp64_product} {ergonomic}
     bool UseG1GC                                  = true                                      {product} {ergonomic}
     bool UseLargePagesIndividualAllocation        = false                                  {pd product} {ergonomic}

Logging:
Log output configuration:
 #0: stdout all=warning uptime,level,tags
 #1: stderr all=off uptime,level,tags

Environment Variables:
JAVA_HOME=C:\sonarqube\sonar-scanner-cli-7.2.0.5079-windows-x64\sonar-scanner-7.2.0.5079-windows-x64\bin\..\jre
PATH=C:\app\manuc\product\21c\dbhomeXE\bin;C:\Program Files\Java\jdk-23\bin;C:\apache-maven-3.9.9\bin;C:\Program Files\Common Files\Oracle\Java\javapath;C:\Program Files (x86)\Common Files\Oracle\Java\java8path;C:\Program Files (x86)\Common Files\Oracle\Java\javapath;C:\Windows\system32;C:\Windows;C:\Windows\System32\Wbem;C:\Windows\System32\WindowsPowerShell\v1.0\;C:\Windows\System32\OpenSSH\;C:\Program Files\NVIDIA Corporation\NVIDIA NvDLISR;C:\Program Files (x86)\NVIDIA Corporation\PhysX\Common;C:\Program Files (x86)\HP\Common\HPDestPlgIn\;C:\Program Files\Microsoft SQL Server\150\Tools\Binn\;C:\Program Files\Microsoft SQL Server\Client SDK\ODBC\170\Tools\Binn\;C:\Program Files\Git\cmd;C:\Strawberry\c\bin;C:\Strawberry\perl\site\bin;C:\Strawberry\perl\bin;C:\Program Files\dotnet\;C:\WINDOWS\system32;C:\WINDOWS;C:\WINDOWS\System32\Wbem;C:\WINDOWS\System32\WindowsPowerShell\v1.0\;C:\WINDOWS\System32\OpenSSH\;C:\Program Files (x86)\Microsoft SQL Server\160\Tools\Binn\;C:\Program Files\Microsoft SQL Server\160\Tools\Binn\;C:\Program Files\Microsoft SQL Server\160\DTS\Binn\;C:\Program Files (x86)\Microsoft SQL Server\160\DTS\Binn\;C:\Program Files\nodejs\;C:\sonarqube\sonar-scanner-cli-7.2.0.5079-windows-x64\sonar-scanner-7.2.0.5079-windows-x64\bin;C:\Program Files\OpenSSL-Win64\bin;$env:PATH“
USERNAME=manuc
OS=Windows_NT
PROCESSOR_IDENTIFIER=AMD64 Family 25 Model 80 Stepping 0, AuthenticAMD
TMP=C:\Users\manuc\AppData\Local\Temp
TEMP=C:\Users\manuc\AppData\Local\Temp



Periodic native trim disabled


---------------  S Y S T E M  ---------------

OS:
 Windows 11 , 64 bit Build 26100 (10.0.26100.7019)
OS uptime: 3 days 2:48 hours
Hyper-V role detected

CPU: total 12 (initial active 12) (12 cores per cpu, 2 threads per core) family 25 model 80 stepping 0 microcode 0xa50000f, cx8, cmov, fxsr, ht, mmx, 3dnowpref, sse, sse2, sse3, ssse3, sse4a, sse4.1, sse4.2, popcnt, lzcnt, tsc, tscinvbit, avx, avx2, aes, erms, clmul, bmi1, bmi2, adx, sha, fma, vzeroupper, clflush, clflushopt, hv
Processor Information for processor 0
  Max Mhz: 3301, Current Mhz: 2011, Mhz Limit: 3301
Processor Information for processor 1
  Max Mhz: 3301, Current Mhz: 2011, Mhz Limit: 3301
Processor Information for processor 2
  Max Mhz: 3301, Current Mhz: 3301, Mhz Limit: 3301
Processor Information for processor 3
  Max Mhz: 3301, Current Mhz: 2011, Mhz Limit: 3301
Processor Information for processor 4
  Max Mhz: 3301, Current Mhz: 2011, Mhz Limit: 3301
Processor Information for processor 5
  Max Mhz: 3301, Current Mhz: 2011, Mhz Limit: 3301
Processor Information for processor 6
  Max Mhz: 3301, Current Mhz: 3301, Mhz Limit: 3301
Processor Information for processor 7
  Max Mhz: 3301, Current Mhz: 3301, Mhz Limit: 3301
Processor Information for processor 8
  Max Mhz: 3301, Current Mhz: 2011, Mhz Limit: 3301
Processor Information for processor 9
  Max Mhz: 3301, Current Mhz: 2011, Mhz Limit: 3301
Processor Information for processor 10
  Max Mhz: 3301, Current Mhz: 2011, Mhz Limit: 3301
Processor Information for processor 11
  Max Mhz: 3301, Current Mhz: 2011, Mhz Limit: 3301

Memory: 4k page, system-wide physical 7518M (523M free)
TotalPageFile size 31070M (AvailPageFile size 34M)
current process WorkingSet (physical memory assigned to process): 147M, peak: 245M
current process commit charge ("private bytes"): 275M, peak: 312M

vm_info: OpenJDK 64-Bit Server VM (17.0.11+9) for windows-amd64 JRE (17.0.11+9), built on Apr 17 2024 06:07:48 by "admin" with MS VC++ 16.10 / 16.11 (VS2019)

END.
